Archive member included to satisfy reference by file (symbol)

/Applications/STM32CubeIDE.app/Contents/Eclipse/plugins/com.st.stm32cube.ide.mcu.externaltools.gnu-tools-for-stm32.10.3-2021.10.macos64_1.0.0.202111181127/tools/bin/../lib/gcc/arm-none-eabi/10.3.1/../../../../arm-none-eabi/lib/thumb/v7e-m+fp/hard/libc_nano.a(lib_a-errno.o)
                              ./Src/syscalls.o (__errno)
/Applications/STM32CubeIDE.app/Contents/Eclipse/plugins/com.st.stm32cube.ide.mcu.externaltools.gnu-tools-for-stm32.10.3-2021.10.macos64_1.0.0.202111181127/tools/bin/../lib/gcc/arm-none-eabi/10.3.1/../../../../arm-none-eabi/lib/thumb/v7e-m+fp/hard/libc_nano.a(lib_a-exit.o)
                              /Applications/STM32CubeIDE.app/Contents/Eclipse/plugins/com.st.stm32cube.ide.mcu.externaltools.gnu-tools-for-stm32.10.3-2021.10.macos64_1.0.0.202111181127/tools/bin/../lib/gcc/arm-none-eabi/10.3.1/../../../../arm-none-eabi/lib/thumb/v7e-m+fp/hard/crt0.o (exit)
/Applications/STM32CubeIDE.app/Contents/Eclipse/plugins/com.st.stm32cube.ide.mcu.externaltools.gnu-tools-for-stm32.10.3-2021.10.macos64_1.0.0.202111181127/tools/bin/../lib/gcc/arm-none-eabi/10.3.1/../../../../arm-none-eabi/lib/thumb/v7e-m+fp/hard/libc_nano.a(lib_a-findfp.o)
                              ./Middlewares/Third_Party/FreeRTOS/Source/tasks.o (__sf_fake_stderr)
/Applications/STM32CubeIDE.app/Contents/Eclipse/plugins/com.st.stm32cube.ide.mcu.externaltools.gnu-tools-for-stm32.10.3-2021.10.macos64_1.0.0.202111181127/tools/bin/../lib/gcc/arm-none-eabi/10.3.1/../../../../arm-none-eabi/lib/thumb/v7e-m+fp/hard/libc_nano.a(lib_a-fwalk.o)
                              /Applications/STM32CubeIDE.app/Contents/Eclipse/plugins/com.st.stm32cube.ide.mcu.externaltools.gnu-tools-for-stm32.10.3-2021.10.macos64_1.0.0.202111181127/tools/bin/../lib/gcc/arm-none-eabi/10.3.1/../../../../arm-none-eabi/lib/thumb/v7e-m+fp/hard/libc_nano.a(lib_a-findfp.o) (_fwalk)
/Applications/STM32CubeIDE.app/Contents/Eclipse/plugins/com.st.stm32cube.ide.mcu.externaltools.gnu-tools-for-stm32.10.3-2021.10.macos64_1.0.0.202111181127/tools/bin/../lib/gcc/arm-none-eabi/10.3.1/../../../../arm-none-eabi/lib/thumb/v7e-m+fp/hard/libc_nano.a(lib_a-impure.o)
                              /Applications/STM32CubeIDE.app/Contents/Eclipse/plugins/com.st.stm32cube.ide.mcu.externaltools.gnu-tools-for-stm32.10.3-2021.10.macos64_1.0.0.202111181127/tools/bin/../lib/gcc/arm-none-eabi/10.3.1/../../../../arm-none-eabi/lib/thumb/v7e-m+fp/hard/libc_nano.a(lib_a-exit.o) (_global_impure_ptr)
/Applications/STM32CubeIDE.app/Contents/Eclipse/plugins/com.st.stm32cube.ide.mcu.externaltools.gnu-tools-for-stm32.10.3-2021.10.macos64_1.0.0.202111181127/tools/bin/../lib/gcc/arm-none-eabi/10.3.1/../../../../arm-none-eabi/lib/thumb/v7e-m+fp/hard/libc_nano.a(lib_a-init.o)
                              /Applications/STM32CubeIDE.app/Contents/Eclipse/plugins/com.st.stm32cube.ide.mcu.externaltools.gnu-tools-for-stm32.10.3-2021.10.macos64_1.0.0.202111181127/tools/bin/../lib/gcc/arm-none-eabi/10.3.1/../../../../arm-none-eabi/lib/thumb/v7e-m+fp/hard/crt0.o (__libc_init_array)
/Applications/STM32CubeIDE.app/Contents/Eclipse/plugins/com.st.stm32cube.ide.mcu.externaltools.gnu-tools-for-stm32.10.3-2021.10.macos64_1.0.0.202111181127/tools/bin/../lib/gcc/arm-none-eabi/10.3.1/../../../../arm-none-eabi/lib/thumb/v7e-m+fp/hard/libc_nano.a(lib_a-lock.o)
                              /Applications/STM32CubeIDE.app/Contents/Eclipse/plugins/com.st.stm32cube.ide.mcu.externaltools.gnu-tools-for-stm32.10.3-2021.10.macos64_1.0.0.202111181127/tools/bin/../lib/gcc/arm-none-eabi/10.3.1/../../../../arm-none-eabi/lib/thumb/v7e-m+fp/hard/libc_nano.a(lib_a-findfp.o) (__retarget_lock_init_recursive)
/Applications/STM32CubeIDE.app/Contents/Eclipse/plugins/com.st.stm32cube.ide.mcu.externaltools.gnu-tools-for-stm32.10.3-2021.10.macos64_1.0.0.202111181127/tools/bin/../lib/gcc/arm-none-eabi/10.3.1/../../../../arm-none-eabi/lib/thumb/v7e-m+fp/hard/libc_nano.a(lib_a-memcpy-stub.o)
                              ./Middlewares/Third_Party/FreeRTOS/Source/queue.o (memcpy)
/Applications/STM32CubeIDE.app/Contents/Eclipse/plugins/com.st.stm32cube.ide.mcu.externaltools.gnu-tools-for-stm32.10.3-2021.10.macos64_1.0.0.202111181127/tools/bin/../lib/gcc/arm-none-eabi/10.3.1/../../../../arm-none-eabi/lib/thumb/v7e-m+fp/hard/libc_nano.a(lib_a-memset.o)
                              /Applications/STM32CubeIDE.app/Contents/Eclipse/plugins/com.st.stm32cube.ide.mcu.externaltools.gnu-tools-for-stm32.10.3-2021.10.macos64_1.0.0.202111181127/tools/bin/../lib/gcc/arm-none-eabi/10.3.1/../../../../arm-none-eabi/lib/thumb/v7e-m+fp/hard/crt0.o (memset)
/Applications/STM32CubeIDE.app/Contents/Eclipse/plugins/com.st.stm32cube.ide.mcu.externaltools.gnu-tools-for-stm32.10.3-2021.10.macos64_1.0.0.202111181127/tools/bin/../lib/gcc/arm-none-eabi/10.3.1/../../../../arm-none-eabi/lib/thumb/v7e-m+fp/hard/libc_nano.a(lib_a-nano-mallocr.o)
[...]
Memory Configuration

Name             Origin             Length             Attributes
CCMRAM           0x0000000010000000 0x0000000000002000 xrw
RAM              0x0000000020000000 0x000000000000a000 xrw
FLASH            0x0000000008000000 0x0000000000040000 xr
*default*        0x0000000000000000 0xffffffffffffffff

Linker script and memory map

LOAD /Applications/STM32CubeIDE.app/Contents/Eclipse/plugins/com.st.stm32cube.ide.mcu.externaltools.gnu-tools-for-stm32.10.3-2021.10.macos64_1.0.0.202111181127/tools/bin/../lib/gcc/arm-none-eabi/10.3.1/thumb/v7e-m+fp/hard/crti.o
LOAD /Applications/STM32CubeIDE.app/Contents/Eclipse/plugins/com.st.stm32cube.ide.mcu.externaltools.gnu-tools-for-stm32.10.3-2021.10.macos64_1.0.0.202111181127/tools/bin/../lib/gcc/arm-none-eabi/10.3.1/thumb/v7e-m+fp/hard/crtbegin.o
LOAD /Applications/STM32CubeIDE.app/Contents/Eclipse/plugins/com.st.stm32cube.ide.mcu.externaltools.gnu-tools-for-stm32.10.3-2021.10.macos64_1.0.0.202111181127/tools/bin/../lib/gcc/arm-none-eabi/10.3.1/../../../../arm-none-eabi/lib/thumb/v7e-m+fp/hard/crt0.o
LOAD ./Drivers/STM32F3xx_HAL_Driver/Src/stm32f3xx_hal.o
LOAD ./Drivers/STM32F3xx_HAL_Driver/Src/stm32f3xx_hal_cortex.o
LOAD ./Drivers/STM32F3xx_HAL_Driver/Src/stm32f3xx_hal_dma.o
LOAD ./Drivers/STM32F3xx_HAL_Driver/Src/stm32f3xx_hal_exti.o
LOAD ./Drivers/STM32F3xx_HAL_Driver/Src/stm32f3xx_hal_flash.o
LOAD ./Drivers/STM32F3xx_HAL_Driver/Src/stm32f3xx_hal_flash_ex.o
LOAD ./Drivers/STM32F3xx_HAL_Driver/Src/stm32f3xx_hal_gpio.o
LOAD ./Drivers/STM32F3xx_HAL_Driver/Src/stm32f3xx_hal_i2c.o
LOAD ./Drivers/STM32F3xx_HAL_Driver/Src/stm32f3xx_hal_i2c_ex.o
LOAD ./Drivers/STM32F3xx_HAL_Driver/Src/stm32f3xx_hal_pwr.o
LOAD ./Drivers/STM32F3xx_HAL_Driver/Src/stm32f3xx_hal_pwr_ex.o
LOAD ./Drivers/STM32F3xx_HAL_Driver/Src/stm32f3xx_hal_rcc.o
LOAD ./Drivers/STM32F3xx_HAL_Driver/Src/stm32f3xx_hal_rcc_ex.o
LOAD ./Drivers/STM32F3xx_HAL_Driver/Src/stm32f3xx_hal_tim.o
LOAD ./Drivers/STM32F3xx_HAL_Driver/Src/stm32f3xx_hal_tim_ex.o
LOAD ./Drivers/STM32F3xx_HAL_Driver/Src/stm32f3xx_hal_uart.o
LOAD ./Drivers/STM32F3xx_HAL_Driver/Src/stm32f3xx_hal_uart_ex.o
LOAD ./Middlewares/Third_Party/FreeRTOS/Source/CMSIS_RTOS/cmsis_os.o
LOAD ./Middlewares/Third_Party/FreeRTOS/Source/croutine.o
LOAD ./Middlewares/Third_Party/FreeRTOS/Source/event_groups.o
LOAD ./Middlewares/Third_Party/FreeRTOS/Source/list.o
LOAD ./Middlewares/Third_Party/FreeRTOS/Source/queue.o
LOAD ./Middlewares/Third_Party/FreeRTOS/Source/stream_buffer.o
LOAD ./Middlewares/Third_Party/FreeRTOS/Source/tasks.o
LOAD ./Middlewares/Third_Party/FreeRTOS/Source/timers.o
LOAD ./Middlewares/Third_Party/FreeRTOS/Source/portable/GCC/ARM_CM4F/port.o
LOAD ./Middlewares/Third_Party/FreeRTOS/Source/portable/MemMang/heap_4.o
LOAD ./Src/FreeRTOSTick.o
LOAD ./Src/MS5837.o
LOAD ./Src/checksum.o
LOAD ./Src/communication.o
LOAD ./Src/dma.o
LOAD ./Src/flash.o
LOAD ./Src/freertos.o
LOAD ./Src/global.o
LOAD ./Src/gpio.o
LOAD ./Src/i2c.o
LOAD ./Src/main.o
LOAD ./Src/stabilization.o
LOAD ./Src/stm32f3xx_hal_msp.o
LOAD ./Src/stm32f3xx_hal_timebase_tim.o
LOAD ./Src/stm32f3xx_it.o
LOAD ./Src/syscalls.o
LOAD ./Src/sysmem.o
LOAD ./Src/system_stm32f3xx.o
LOAD ./Src/thrusters.o
LOAD ./Src/tim.o
LOAD ./Src/usart.o
LOAD ./Startup/startup_stm32f303vctx.o
START GROUP
LOAD /Applications/STM32CubeIDE.app/Contents/Eclipse/plugins/com.st.stm32cube.ide.mcu.externaltools.gnu-tools-for-stm32.10.3-2021.10.macos64_1.0.0.202111181127/tools/bin/../lib/gcc/arm-none-eabi/10.3.1/../../../../arm-none-eabi/lib/thumb/v7e-m+fp/hard/libc_nano.a
LOAD /Applications/STM32CubeIDE.app/Contents/Eclipse/plugins/com.st.stm32cube.ide.mcu.externaltools.gnu-tools-for-stm32.10.3-2021.10.macos64_1.0.0.202111181127/tools/bin/../lib/gcc/arm-none-eabi/10.3.1/../../../../arm-none-eabi/lib/thumb/v7e-m+fp/hard/libm.a
END GROUP
START GROUP
LOAD /Applications/STM32CubeIDE.app/Contents/Eclipse/plugins/com.st.stm32cube.ide.mcu.externaltools.gnu-tools-for-stm32.10.3-2021.10.macos64_1.0.0.202111181127/tools/bin/../lib/gcc/arm-none-eabi/10.3.1/thumb/v7e-m+fp/hard/libgcc.a
LOAD /Applications/STM32CubeIDE.app/Contents/Eclipse/plugins/com.st.stm32cube.ide.mcu.externaltools.gnu-tools-for-stm32.10.3-2021.10.macos64_1.0.0.202111181127/tools/bin/../lib/gcc/arm-none-eabi/10.3.1/../../../../arm-none-eabi/lib/thumb/v7e-m+fp/hard/libc_nano.a
END GROUP
START GROUP
LOAD /Applications/STM32CubeIDE.app/Contents/Eclipse/plugins/com.st.stm32cube.ide.mcu.externaltools.gnu-tools-for-stm32.10.3-2021.10.macos64_1.0.0.202111181127/tools/bin/../lib/gcc/arm-none-eabi/10.3.1/thumb/v7e-m+fp/hard/libgcc.a
LOAD /Applications/STM32CubeIDE.app/Contents/Eclipse/plugins/com.st.stm32cube.ide.mcu.externaltools.gnu-tools-for-stm32.10.3-2021.10.macos64_1.0.0.202111181127/tools/bin/../lib/gcc/arm-none-eabi/10.3.1/../../../../arm-none-eabi/lib/thumb/v7e-m+fp/hard/libc_nano.a
LOAD /Applications/STM32CubeIDE.app/Contents/Eclipse/plugins/com.st.stm32cube.ide.mcu.externaltools.gnu-tools-for-stm32.10.3-2021.10.macos64_1.0.0.202111181127/tools/bin/../lib/gcc/arm-none-eabi/10.3.1/../../../../arm-none-eabi/lib/thumb/v7e-m+fp/hard/libnosys.a
END GROUP
START GROUP
LOAD /Applications/STM32CubeIDE.app/Contents/Eclipse/plugins/com.st.stm32cube.ide.mcu.externaltools.gnu-tools-for-stm32.10.3-2021.10.macos64_1.0.0.202111181127/tools/bin/../lib/gcc/arm-none-eabi/10.3.1/thumb/v7e-m+fp/hard/libgcc.a
LOAD /Applications/STM32CubeIDE.app/Contents/Eclipse/plugins/com.st.stm32cube.ide.mcu.externaltools.gnu-tools-for-stm32.10.3-2021.10.macos64_1.0.0.202111181127/tools/bin/../lib/gcc/arm-none-eabi/10.3.1/../../../../arm-none-eabi/lib/thumb/v7e-m+fp/hard/libc_nano.a
LOAD /Applications/STM32CubeIDE.app/Contents/Eclipse/plugins/com.st.stm32cube.ide.mcu.externaltools.gnu-tools-for-stm32.10.3-2021.10.macos64_1.0.0.202111181127/tools/bin/../lib/gcc/arm-none-eabi/10.3.1/../../../../arm-none-eabi/lib/thumb/v7e-m+fp/hard/libnosys.a
END GROUP
LOAD /Applications/STM32CubeIDE.app/Contents/Eclipse/plugins/com.st.stm32cube.ide.mcu.externaltools.gnu-tools-for-stm32.10.3-2021.10.macos64_1.0.0.202111181127/tools/bin/../lib/gcc/arm-none-eabi/10.3.1/thumb/v7e-m+fp/hard/crtend.o
LOAD /Applications/STM32CubeIDE.app/Contents/Eclipse/plugins/com.st.stm32cube.ide.mcu.externaltools.gnu-tools-for-stm32.10.3-2021.10.macos64_1.0.0.202111181127/tools/bin/../lib/gcc/arm-none-eabi/10.3.1/thumb/v7e-m+fp/hard/crtn.o
                0x000000002000a000                _estack = (ORIGIN (RAM) + LENGTH (RAM))
                0x0000000000000200                _Min_Heap_Size = 0x200
                0x0000000000000400                _Min_Stack_Size = 0x400

.isr_vector     0x0000000008000000      0x188
                0x0000000008000000                . = ALIGN (0x4)
 *(.isr_vector)
 .isr_vector    0x0000000008000000      0x188 ./Startup/startup_stm32f303vctx.o
                0x0000000008000000                g_pfnVectors
                0x0000000008000188                . = ALIGN (0x4)

.text           0x0000000008000190    0x1038c
                0x0000000008000190                . = ALIGN (0x4)
 *(.text)
 .text          0x0000000008000190       0x40 /Applications/STM32CubeIDE.app/Contents/Eclipse/plugins/com.st.stm32cube.ide.mcu.externaltools.gnu-tools-for-stm32.10.3-2021.10.macos64_1.0.0.202111181127/tools/bin/../lib/gcc/arm-none-eabi/10.3.1/thumb/v7e-m+fp/hard/crtbegin.o
 .text          0x00000000080001d0      0x378 /Applications/STM32CubeIDE.app/Contents/Eclipse/plugins/com.st.stm32cube.ide.mcu.externaltools.gnu-tools-for-stm32.10.3-2021.10.macos64_1.0.0.202111181127/tools/bin/../lib/gcc/arm-none-eabi/10.3.1/thumb/v7e-m+fp/hard/libgcc.a(_arm_addsubdf3.o)
                0x00000000080001d0                __aeabi_drsub
                0x00000000080001d8                __subdf3
                0x00000000080001d8                __aeabi_dsub
                0x00000000080001dc                __aeabi_dadd
                0x00000000080001dc                __adddf3
                0x0000000008000454                __aeabi_ui2d
                0x0000000008000454                __floatunsidf
                0x0000000008000474                __floatsidf
                0x0000000008000474                __aeabi_i2d
                0x0000000008000498                __extendsfdf2
                0x0000000008000498                __aeabi_f2d
                0x00000000080004dc                __aeabi_ul2d
                0x00000000080004dc                __floatundidf
                0x00000000080004ec                __aeabi_l2d
                0x00000000080004ec                __floatdidf
 .text          0x0000000008000548      0x424 /Applications/STM32CubeIDE.app/Contents/Eclipse/plugins/com.st.stm32cube.ide.mcu.externaltools.gnu-tools-for-stm32.10.3-2021.10.macos64_1.0.0.202111181127/tools/bin/../lib/gcc/arm-none-eabi/10.3.1/thumb/v7e-m+fp/hard/libgcc.a(_arm_muldivdf3.o)
                0x0000000008000548                __aeabi_dmul
                0x0000000008000548                __muldf3
                0x000000000800079c                __aeabi_ddiv
                0x000000000800079c                __divdf3
 .text          0x000000000800096c      0x110 /Applications/STM32CubeIDE.app/Contents/Eclipse/plugins/com.st.stm32cube.ide.mcu.externaltools.gnu-tools-for-stm32.10.3-2021.10.macos64_1.0.0.202111181127/tools/bin/../lib/gcc/arm-none-eabi/10.3.1/thumb/v7e-m+fp/hard/libgcc.a(_arm_cmpdf2.o)
                0x000000000800096c                __gedf2
                0x000000000800096c                __gtdf2
                0x0000000008000974                __ledf2
                0x0000000008000974                __ltdf2
                0x000000000800097c                __cmpdf2
                0x000000000800097c                __eqdf2
                0x000000000800097c                __nedf2
                0x00000000080009f8                __aeabi_cdrcmple
                0x0000000008000a08                __aeabi_cdcmple
                0x0000000008000a08                __aeabi_cdcmpeq
                0x0000000008000a18                __aeabi_dcmpeq
                0x0000000008000a2c                __aeabi_dcmplt
                0x0000000008000a40                __aeabi_dcmple
                0x0000000008000a54                __aeabi_dcmpge
                0x0000000008000a68                __aeabi_dcmpgt
 .text          0x0000000008000a7c       0x50 /Applications/STM32CubeIDE.app/Contents/Eclipse/plugins/com.st.stm32cube.ide.mcu.externaltools.gnu-tools-for-stm32.10.3-2021.10.macos64_1.0.0.202111181127/tools/bin/../lib/gcc/arm-none-eabi/10.3.1/thumb/v7e-m+fp/hard/libgcc.a(_arm_fixdfsi.o)
                0x0000000008000a7c                __fixdfsi
                0x0000000008000a7c                __aeabi_d2iz
 .text          0x0000000008000acc       0xa0 /Applications/STM32CubeIDE.app/Contents/Eclipse/plugins/com.st.stm32cube.ide.mcu.externaltools.gnu-tools-for-stm32.10.3-2021.10.macos64_1.0.0.202111181127/tools/bin/../lib/gcc/arm-none-eabi/10.3.1/thumb/v7e-m+fp/hard/libgcc.a(_arm_truncdfsf2.o)
                0x0000000008000acc                __aeabi_d2f
                0x0000000008000acc                __truncdfsf2
 .text          0x0000000008000b6c       0xa0 /Applications/STM32CubeIDE.app/Contents/Eclipse/plugins/com.st.stm32cube.ide.mcu.externaltools.gnu-tools-for-stm32.10.3-2021.10.macos64_1.0.0.202111181127/tools/bin/../lib/gcc/arm-none-eabi/10.3.1/thumb/v7e-m+fp/hard/libgcc.a(_aeabi_ldivmod.o)
                0x0000000008000b6c                __aeabi_ldivmod
 .text          0x0000000008000c0c       0x30 /Applications/STM32CubeIDE.app/Contents/Eclipse/plugins/com.st.stm32cube.ide.mcu.externaltools.gnu-tools-for-stm32.10.3-2021.10.macos64_1.0.0.202111181127/tools/bin/../lib/gcc/arm-none-eabi/10.3.1/thumb/v7e-m+fp/hard/libgcc.a(_aeabi_uldivmod.o)
                0x0000000008000c0c                __aeabi_uldivmod
 .text          0x0000000008000c3c       0x30 /Applications/STM32CubeIDE.app/Contents/Eclipse/plugins/com.st.stm32cube.ide.mcu.externaltools.gnu-tools-for-stm32.10.3-2021.10.macos64_1.0.0.202111181127/tools/bin/../lib/gcc/arm-none-eabi/10.3.1/thumb/v7e-m+fp/hard/libgcc.a(_fixdfdi.o)
                0x0000000008000c3c                __aeabi_d2lz
                0x0000000008000c3c                __fixdfdi
 .text          0x0000000008000c6c       0x3c /Applications/STM32CubeIDE.app/Contents/Eclipse/plugins/com.st.stm32cube.ide.mcu.externaltools.gnu-tools-for-stm32.10.3-2021.10.macos64_1.0.0.202111181127/tools/bin/../lib/gcc/arm-none-eabi/10.3.1/thumb/v7e-m+fp/hard/libgcc.a(_fixunsdfdi.o)
                0x0000000008000c6c                __aeabi_d2ulz
                0x0000000008000c6c                __fixunsdfdi
 .text          0x0000000008000ca8      0x2d0 /Applications/STM32CubeIDE.app/Contents/Eclipse/plugins/com.st.stm32cube.ide.mcu.externaltools.gnu-tools-for-stm32.10.3-2021.10.macos64_1.0.0.202111181127/tools/bin/../lib/gcc/arm-none-eabi/10.3.1/thumb/v7e-m+fp/hard/libgcc.a(_udivmoddi4.o)
                0x0000000008000ca8                __udivmoddi4
 .text          0x0000000008000f78        0x4 /Applications/STM32CubeIDE.app/Contents/Eclipse/plugins/com.st.stm32cube.ide.mcu.externaltools.gnu-tools-for-stm32.10.3-2021.10.macos64_1.0.0.202111181127/tools/bin/../lib/gcc/arm-none-eabi/10.3.1/thumb/v7e-m+fp/hard/libgcc.a(_dvmd_tls.o)
                0x0000000008000f78                __aeabi_ldiv0
                0x0000000008000f78                __aeabi_idiv0
 .text          0x0000000008000f7c       0x40 /Applications/STM32CubeIDE.app/Contents/Eclipse/plugins/com.st.stm32cube.ide.mcu.externaltools.gnu-tools-for-stm32.10.3-2021.10.macos64_1.0.0.202111181127/tools/bin/../lib/gcc/arm-none-eabi/10.3.1/thumb/v7e-m+fp/hard/libgcc.a(_arm_fixunsdfsi.o)
                0x0000000008000f7c                __fixunsdfsi
                0x0000000008000f7c                __aeabi_d2uiz
 *(.text*)
 .text.HAL_Init
                0x0000000008000fbc       0x2c ./Drivers/STM32F3xx_HAL_Driver/Src/stm32f3xx_hal.o
                0x0000000008000fbc                HAL_Init
 .text.HAL_IncTick
                0x0000000008000fe8       0x28 ./Drivers/STM32F3xx_HAL_Driver/Src/stm32f3xx_hal.o
                0x0000000008000fe8                HAL_IncTick
 .text.HAL_GetTick
                0x0000000008001010       0x18 ./Drivers/STM32F3xx_HAL_Driver/Src/stm32f3xx_hal.o
                0x0000000008001010                HAL_GetTick
 .text.HAL_Delay
                0x0000000008001028       0x48 ./Drivers/STM32F3xx_HAL_Driver/Src/stm32f3xx_hal.o
                0x0000000008001028                HAL_Delay
 .text.__NVIC_SetPriorityGrouping
                0x0000000008001070       0x48 ./Drivers/STM32F3xx_HAL_Driver/Src/stm32f3xx_hal_cortex.o
 .text.__NVIC_GetPriorityGrouping
                0x00000000080010b8       0x1c ./Drivers/STM32F3xx_HAL_Driver/Src/stm32f3xx_hal_cortex.o
 .text.__NVIC_EnableIRQ
                0x00000000080010d4       0x3c ./Drivers/STM32F3xx_HAL_Driver/Src/stm32f3xx_hal_cortex.o
 .text.__NVIC_SetPriority
                0x0000000008001110       0x54 ./Drivers/STM32F3xx_HAL_Driver/Src/stm32f3xx_hal_cortex.o
 .text.NVIC_EncodePriority
                0x0000000008001164       0x66 ./Drivers/STM32F3xx_HAL_Driver/Src/stm32f3xx_hal_cortex.o
 .text.HAL_NVIC_SetPriorityGrouping
                0x00000000080011ca       0x16 ./Drivers/STM32F3xx_HAL_Driver/Src/stm32f3xx_hal_cortex.o
                0x00000000080011ca                HAL_NVIC_SetPriorityGrouping
 .text.HAL_NVIC_SetPriority
                0x00000000080011e0       0x38 ./Drivers/STM32F3xx_HAL_Driver/Src/stm32f3xx_hal_cortex.o
                0x00000000080011e0                HAL_NVIC_SetPriority
 .text.HAL_NVIC_EnableIRQ
                0x0000000008001218       0x1c ./Drivers/STM32F3xx_HAL_Driver/Src/stm32f3xx_hal_cortex.o
                0x0000000008001218                HAL_NVIC_EnableIRQ
 .text.HAL_DMA_Init
                0x0000000008001234       0x8e ./Drivers/STM32F3xx_HAL_Driver/Src/stm32f3xx_hal_dma.o
                0x0000000008001234                HAL_DMA_Init
 .text.HAL_DMA_Start_IT
                0x00000000080012c2       0xbe ./Drivers/STM32F3xx_HAL_Driver/Src/stm32f3xx_hal_dma.o
                0x00000000080012c2                HAL_DMA_Start_IT
 .text.HAL_DMA_Abort
                0x0000000008001380       0x72 ./Drivers/STM32F3xx_HAL_Driver/Src/stm32f3xx_hal_dma.o
                0x0000000008001380                HAL_DMA_Abort
 .text.HAL_DMA_Abort_IT
                0x00000000080013f2       0x7c ./Drivers/STM32F3xx_HAL_Driver/Src/stm32f3xx_hal_dma.o
                0x00000000080013f2                HAL_DMA_Abort_IT
 .text.HAL_DMA_IRQHandler
                0x000000000800146e      0x146 ./Drivers/STM32F3xx_HAL_Driver/Src/stm32f3xx_hal_dma.o
                0x000000000800146e                HAL_DMA_IRQHandler
 .text.HAL_DMA_GetState
                0x00000000080015b4       0x1a ./Drivers/STM32F3xx_HAL_Driver/Src/stm32f3xx_hal_dma.o
                0x00000000080015b4                HAL_DMA_GetState
 .text.DMA_SetConfig
                0x00000000080015ce       0x5c ./Drivers/STM32F3xx_HAL_Driver/Src/stm32f3xx_hal_dma.o
 *fill*         0x000000000800162a        0x2 
 .text.DMA_CalcBaseAndBitshift
                0x000000000800162c       0x78 ./Drivers/STM32F3xx_HAL_Driver/Src/stm32f3xx_hal_dma.o
 .text.HAL_FLASH_Program
                0x00000000080016a4       0xe0 ./Drivers/STM32F3xx_HAL_Driver/Src/stm32f3xx_hal_flash.o
                0x00000000080016a4                HAL_FLASH_Program
 .text.HAL_FLASH_Unlock
                0x0000000008001784       0x4c ./Drivers/STM32F3xx_HAL_Driver/Src/stm32f3xx_hal_flash.o
                0x0000000008001784                HAL_FLASH_Unlock
 .text.HAL_FLASH_Lock
                0x00000000080017d0       0x20 ./Drivers/STM32F3xx_HAL_Driver/Src/stm32f3xx_hal_flash.o
                0x00000000080017d0                HAL_FLASH_Lock
 .text.FLASH_Program_HalfWord
                0x00000000080017f0       0x38 ./Drivers/STM32F3xx_HAL_Driver/Src/stm32f3xx_hal_flash.o
 .text.FLASH_WaitForLastOperation
                0x0000000008001828       0x80 ./Drivers/STM32F3xx_HAL_Driver/Src/stm32f3xx_hal_flash.o
                0x0000000008001828                FLASH_WaitForLastOperation
 .text.FLASH_SetErrorCode
                0x00000000080018a8       0x64 ./Drivers/STM32F3xx_HAL_Driver/Src/stm32f3xx_hal_flash.o
 .text.HAL_FLASHEx_Erase
                0x000000000800190c       0xd4 ./Drivers/STM32F3xx_HAL_Driver/Src/stm32f3xx_hal_flash_ex.o
                0x000000000800190c                HAL_FLASHEx_Erase
 .text.FLASH_MassErase
                0x00000000080019e0       0x34 ./Drivers/STM32F3xx_HAL_Driver/Src/stm32f3xx_hal_flash_ex.o
 .text.FLASH_PageErase
                0x0000000008001a14       0x40 ./Drivers/STM32F3xx_HAL_Driver/Src/stm32f3xx_hal_flash_ex.o
                0x0000000008001a14                FLASH_PageErase
 .text.HAL_GPIO_Init
                0x0000000008001a54      0x2f4 ./Drivers/STM32F3xx_HAL_Driver/Src/stm32f3xx_hal_gpio.o
                0x0000000008001a54                HAL_GPIO_Init
 .text.HAL_GPIO_WritePin
                0x0000000008001d48       0x30 ./Drivers/STM32F3xx_HAL_Driver/Src/stm32f3xx_hal_gpio.o
                0x0000000008001d48                HAL_GPIO_WritePin
 .text.HAL_GPIO_TogglePin
                0x0000000008001d78       0x34 ./Drivers/STM32F3xx_HAL_Driver/Src/stm32f3xx_hal_gpio.o
                0x0000000008001d78                HAL_GPIO_TogglePin
 .text.HAL_I2C_Init
                0x0000000008001dac      0x11e ./Drivers/STM32F3xx_HAL_Driver/Src/stm32f3xx_hal_i2c.o
                0x0000000008001dac                HAL_I2C_Init
 *fill*         0x0000000008001eca        0x2 
 .text.HAL_I2C_Master_Transmit
                0x0000000008001ecc      0x1e8 ./Drivers/STM32F3xx_HAL_Driver/Src/stm32f3xx_hal_i2c.o
                0x0000000008001ecc                HAL_I2C_Master_Transmit
 .text.HAL_I2C_Master_Receive
                0x00000000080020b4      0x1ec ./Drivers/STM32F3xx_HAL_Driver/Src/stm32f3xx_hal_i2c.o
                0x00000000080020b4                HAL_I2C_Master_Receive
 .text.HAL_I2C_Master_Transmit_IT
                0x00000000080022a0       0xe0 ./Drivers/STM32F3xx_HAL_Driver/Src/stm32f3xx_hal_i2c.o
                0x00000000080022a0                HAL_I2C_Master_Transmit_IT
 .text.HAL_I2C_Master_Receive_IT
                0x0000000008002380       0xe0 ./Drivers/STM32F3xx_HAL_Driver/Src/stm32f3xx_hal_i2c.o
                0x0000000008002380                HAL_I2C_Master_Receive_IT
 .text.HAL_I2C_EV_IRQHandler
                0x0000000008002460       0x34 ./Drivers/STM32F3xx_HAL_Driver/Src/stm32f3xx_hal_i2c.o
                0x0000000008002460                HAL_I2C_EV_IRQHandler
 .text.HAL_I2C_SlaveTxCpltCallback
                0x0000000008002494       0x14 ./Drivers/STM32F3xx_HAL_Driver/Src/stm32f3xx_hal_i2c.o
                0x0000000008002494                HAL_I2C_SlaveTxCpltCallback
 .text.HAL_I2C_SlaveRxCpltCallback
                0x00000000080024a8       0x14 ./Drivers/STM32F3xx_HAL_Driver/Src/stm32f3xx_hal_i2c.o
                0x00000000080024a8                HAL_I2C_SlaveRxCpltCallback
 .text.HAL_I2C_AddrCallback
                0x00000000080024bc       0x1c ./Drivers/STM32F3xx_HAL_Driver/Src/stm32f3xx_hal_i2c.o
                0x00000000080024bc                HAL_I2C_AddrCallback
 .text.HAL_I2C_ListenCpltCallback
                0x00000000080024d8       0x14 ./Drivers/STM32F3xx_HAL_Driver/Src/stm32f3xx_hal_i2c.o
                0x00000000080024d8                HAL_I2C_ListenCpltCallback
 .text.HAL_I2C_MemTxCpltCallback
                0x00000000080024ec       0x14 ./Drivers/STM32F3xx_HAL_Driver/Src/stm32f3xx_hal_i2c.o
                0x00000000080024ec                HAL_I2C_MemTxCpltCallback
 .text.HAL_I2C_MemRxCpltCallback
                0x0000000008002500       0x14 ./Drivers/STM32F3xx_HAL_Driver/Src/stm32f3xx_hal_i2c.o
                0x0000000008002500                HAL_I2C_MemRxCpltCallback
 .text.HAL_I2C_ErrorCallback
                0x0000000008002514       0x14 ./Drivers/STM32F3xx_HAL_Driver/Src/stm32f3xx_hal_i2c.o
                0x0000000008002514                HAL_I2C_ErrorCallback
 .text.HAL_I2C_AbortCpltCallback
                0x0000000008002528       0x14 ./Drivers/STM32F3xx_HAL_Driver/Src/stm32f3xx_hal_i2c.o
                0x0000000008002528                HAL_I2C_AbortCpltCallback
 .text.I2C_Master_ISR_IT
                0x000000000800253c      0x250 ./Drivers/STM32F3xx_HAL_Driver/Src/stm32f3xx_hal_i2c.o
 .text.I2C_Slave_ISR_IT
                0x000000000800278c      0x206 ./Drivers/STM32F3xx_HAL_Driver/Src/stm32f3xx_hal_i2c.o
 .text.I2C_Master_ISR_DMA
                0x0000000008002992      0x1e6 ./Drivers/STM32F3xx_HAL_Driver/Src/stm32f3xx_hal_i2c.o
 .text.I2C_Slave_ISR_DMA
                0x0000000008002b78      0x1c0 ./Drivers/STM32F3xx_HAL_Driver/Src/stm32f3xx_hal_i2c.o
 .text.I2C_ITAddrCplt
                0x0000000008002d38      0x108 ./Drivers/STM32F3xx_HAL_Driver/Src/stm32f3xx_hal_i2c.o
 .text.I2C_ITMasterSeqCplt
                0x0000000008002e40       0x7a ./Drivers/STM32F3xx_HAL_Driver/Src/stm32f3xx_hal_i2c.o
 .text.I2C_ITSlaveSeqCplt
                0x0000000008002eba       0xbc ./Drivers/STM32F3xx_HAL_Driver/Src/stm32f3xx_hal_i2c.o
 *fill*         0x0000000008002f76        0x2 
 .text.I2C_ITMasterCplt
                0x0000000008002f78      0x194 ./Drivers/STM32F3xx_HAL_Driver/Src/stm32f3xx_hal_i2c.o
 .text.I2C_ITSlaveCplt
                0x000000000800310c      0x214 ./Drivers/STM32F3xx_HAL_Driver/Src/stm32f3xx_hal_i2c.o
 .text.I2C_ITListenCplt
                0x0000000008003320       0xac ./Drivers/STM32F3xx_HAL_Driver/Src/stm32f3xx_hal_i2c.o
 .text.I2C_ITError
                0x00000000080033cc      0x1a0 ./Drivers/STM32F3xx_HAL_Driver/Src/stm32f3xx_hal_i2c.o
 .text.I2C_TreatErrorCallback
                0x000000000800356c       0x4e ./Drivers/STM32F3xx_HAL_Driver/Src/stm32f3xx_hal_i2c.o
 .text.I2C_Flush_TXDR
                0x00000000080035ba       0x48 ./Drivers/STM32F3xx_HAL_Driver/Src/stm32f3xx_hal_i2c.o
 .text.I2C_DMAAbort
                0x0000000008003602       0x3c ./Drivers/STM32F3xx_HAL_Driver/Src/stm32f3xx_hal_i2c.o
 .text.I2C_WaitOnFlagUntilTimeout
                0x000000000800363e       0x80 ./Drivers/STM32F3xx_HAL_Driver/Src/stm32f3xx_hal_i2c.o
 .text.I2C_WaitOnTXISFlagUntilTimeout
                0x00000000080036be       0x80 ./Drivers/STM32F3xx_HAL_Driver/Src/stm32f3xx_hal_i2c.o
 .text.I2C_WaitOnSTOPFlagUntilTimeout
                0x000000000800373e       0x78 ./Drivers/STM32F3xx_HAL_Driver/Src/stm32f3xx_hal_i2c.o
 *fill*         0x00000000080037b6        0x2 
 .text.I2C_WaitOnRXNEFlagUntilTimeout
                0x00000000080037b8       0xd8 ./Drivers/STM32F3xx_HAL_Driver/Src/stm32f3xx_hal_i2c.o
 .text.I2C_IsAcknowledgeFailed
                0x0000000008003890       0xec ./Drivers/STM32F3xx_HAL_Driver/Src/stm32f3xx_hal_i2c.o
 .text.I2C_TransferConfig
                0x000000000800397c       0x5c ./Drivers/STM32F3xx_HAL_Driver/Src/stm32f3xx_hal_i2c.o
 .text.I2C_Enable_IRQ
                0x00000000080039d8       0xc8 ./Drivers/STM32F3xx_HAL_Driver/Src/stm32f3xx_hal_i2c.o
 .text.I2C_Disable_IRQ
                0x0000000008003aa0       0xbc ./Drivers/STM32F3xx_HAL_Driver/Src/stm32f3xx_hal_i2c.o
 .text.HAL_I2CEx_ConfigAnalogFilter
                0x0000000008003b5c       0x96 ./Drivers/STM32F3xx_HAL_Driver/Src/stm32f3xx_hal_i2c_ex.o
                0x0000000008003b5c                HAL_I2CEx_ConfigAnalogFilter
 .text.HAL_I2CEx_ConfigDigitalFilter
                0x0000000008003bf2       0x98 ./Drivers/STM32F3xx_HAL_Driver/Src/stm32f3xx_hal_i2c_ex.o
                0x0000000008003bf2                HAL_I2CEx_ConfigDigitalFilter
 *fill*         0x0000000008003c8a        0x2 
 .text.HAL_RCC_OscConfig
                0x0000000008003c8c     0x107c ./Drivers/STM32F3xx_HAL_Driver/Src/stm32f3xx_hal_rcc.o
                0x0000000008003c8c                HAL_RCC_OscConfig
 .text.HAL_RCC_ClockConfig
                0x0000000008004d08      0x2f8 ./Drivers/STM32F3xx_HAL_Driver/Src/stm32f3xx_hal_rcc.o
                0x0000000008004d08                HAL_RCC_ClockConfig
 .text.HAL_RCC_GetSysClockFreq
                0x0000000008005000       0xd4 ./Drivers/STM32F3xx_HAL_Driver/Src/stm32f3xx_hal_rcc.o
                0x0000000008005000                HAL_RCC_GetSysClockFreq
 .text.HAL_RCC_GetHCLKFreq
                0x00000000080050d4       0x18 ./Drivers/STM32F3xx_HAL_Driver/Src/stm32f3xx_hal_rcc.o
                0x00000000080050d4                HAL_RCC_GetHCLKFreq
 .text.HAL_RCC_GetPCLK1Freq
                0x00000000080050ec       0x44 ./Drivers/STM32F3xx_HAL_Driver/Src/stm32f3xx_hal_rcc.o
                0x00000000080050ec                HAL_RCC_GetPCLK1Freq
 .text.HAL_RCC_GetPCLK2Freq
                0x0000000008005130       0x44 ./Drivers/STM32F3xx_HAL_Driver/Src/stm32f3xx_hal_rcc.o
                0x0000000008005130                HAL_RCC_GetPCLK2Freq
 .text.HAL_RCC_GetClockConfig
                0x0000000008005174       0x64 ./Drivers/STM32F3xx_HAL_Driver/Src/stm32f3xx_hal_rcc.o
                0x0000000008005174                HAL_RCC_GetClockConfig
 .text.HAL_RCCEx_PeriphCLKConfig
                0x00000000080051d8      0x360 ./Drivers/STM32F3xx_HAL_Driver/Src/stm32f3xx_hal_rcc_ex.o
                0x00000000080051d8                HAL_RCCEx_PeriphCLKConfig
 .text.HAL_TIM_Base_Init
                0x0000000008005538       0xae ./Drivers/STM32F3xx_HAL_Driver/Src/stm32f3xx_hal_tim.o
                0x0000000008005538                HAL_TIM_Base_Init
 *fill*         0x00000000080055e6        0x2 
 .text.HAL_TIM_Base_Start_IT
                0x00000000080055e8       0xd4 ./Drivers/STM32F3xx_HAL_Driver/Src/stm32f3xx_hal_tim.o
                0x00000000080055e8                HAL_TIM_Base_Start_IT
 .text.HAL_TIM_IRQHandler
                0x00000000080056bc      0x23e ./Drivers/STM32F3xx_HAL_Driver/Src/stm32f3xx_hal_tim.o
                0x00000000080056bc                HAL_TIM_IRQHandler
 .text.HAL_TIM_OC_DelayElapsedCallback
                0x00000000080058fa       0x14 ./Drivers/STM32F3xx_HAL_Driver/Src/stm32f3xx_hal_tim.o
                0x00000000080058fa                HAL_TIM_OC_DelayElapsedCallback
 .text.HAL_TIM_IC_CaptureCallback
                0x000000000800590e       0x14 ./Drivers/STM32F3xx_HAL_Driver/Src/stm32f3xx_hal_tim.o
                0x000000000800590e                HAL_TIM_IC_CaptureCallback
 .text.HAL_TIM_PWM_PulseFinishedCallback
                0x0000000008005922       0x14 ./Drivers/STM32F3xx_HAL_Driver/Src/stm32f3xx_hal_tim.o
                0x0000000008005922                HAL_TIM_PWM_PulseFinishedCallback
 .text.HAL_TIM_TriggerCallback
                0x0000000008005936       0x14 ./Drivers/STM32F3xx_HAL_Driver/Src/stm32f3xx_hal_tim.o
                0x0000000008005936                HAL_TIM_TriggerCallback
 *fill*         0x000000000800594a        0x2 
 .text.TIM_Base_SetConfig
                0x000000000800594c      0x120 ./Drivers/STM32F3xx_HAL_Driver/Src/stm32f3xx_hal_tim.o
                0x000000000800594c                TIM_Base_SetConfig
 .text.HAL_TIMEx_MasterConfigSynchronization
                0x0000000008005a6c      0x100 ./Drivers/STM32F3xx_HAL_Driver/Src/stm32f3xx_hal_tim_ex.o
                0x0000000008005a6c                HAL_TIMEx_MasterConfigSynchronization
 .text.HAL_TIMEx_CommutCallback
                0x0000000008005b6c       0x14 ./Drivers/STM32F3xx_HAL_Driver/Src/stm32f3xx_hal_tim_ex.o
                0x0000000008005b6c                HAL_TIMEx_CommutCallback
 .text.HAL_TIMEx_BreakCallback
                0x0000000008005b80       0x14 ./Drivers/STM32F3xx_HAL_Driver/Src/stm32f3xx_hal_tim_ex.o
                0x0000000008005b80                HAL_TIMEx_BreakCallback
 .text.HAL_TIMEx_Break2Callback
                0x0000000008005b94       0x14 ./Drivers/STM32F3xx_HAL_Driver/Src/stm32f3xx_hal_tim_ex.o
                0x0000000008005b94                HAL_TIMEx_Break2Callback
 .text.HAL_UART_Init
                0x0000000008005ba8       0x9c ./Drivers/STM32F3xx_HAL_Driver/Src/stm32f3xx_hal_uart.o
                0x0000000008005ba8                HAL_UART_Init
 .text.HAL_UART_Transmit_IT
                0x0000000008005c44       0xdc ./Drivers/STM32F3xx_HAL_Driver/Src/stm32f3xx_hal_uart.o
                0x0000000008005c44                HAL_UART_Transmit_IT
 .text.HAL_UART_Receive_IT
                0x0000000008005d20       0x9c ./Drivers/STM32F3xx_HAL_Driver/Src/stm32f3xx_hal_uart.o
                0x0000000008005d20                HAL_UART_Receive_IT
 .text.HAL_UART_Transmit_DMA
                0x0000000008005dbc      0x120 ./Drivers/STM32F3xx_HAL_Driver/Src/stm32f3xx_hal_uart.o
                0x0000000008005dbc                HAL_UART_Transmit_DMA
 .text.HAL_UART_Receive_DMA
                0x0000000008005edc       0x9c ./Drivers/STM32F3xx_HAL_Driver/Src/stm32f3xx_hal_uart.o
                0x0000000008005edc                HAL_UART_Receive_DMA
 .text.HAL_UART_AbortTransmit_IT
                0x0000000008005f78       0xf0 ./Drivers/STM32F3xx_HAL_Driver/Src/stm32f3xx_hal_uart.o
                0x0000000008005f78                HAL_UART_AbortTransmit_IT
 .text.HAL_UART_AbortReceive_IT
                0x0000000008006068      0x18c ./Drivers/STM32F3xx_HAL_Driver/Src/stm32f3xx_hal_uart.o
                0x0000000008006068                HAL_UART_AbortReceive_IT
 .text.HAL_UART_IRQHandler
                0x00000000080061f4      0x5bc ./Drivers/STM32F3xx_HAL_Driver/Src/stm32f3xx_hal_uart.o
                0x00000000080061f4                HAL_UART_IRQHandler
 .text.HAL_UART_TxHalfCpltCallback
                0x00000000080067b0       0x14 ./Drivers/STM32F3xx_HAL_Driver/Src/stm32f3xx_hal_uart.o
                0x00000000080067b0                HAL_UART_TxHalfCpltCallback
 .text.HAL_UART_RxHalfCpltCallback
                0x00000000080067c4       0x14 ./Drivers/STM32F3xx_HAL_Driver/Src/stm32f3xx_hal_uart.o
                0x00000000080067c4                HAL_UART_RxHalfCpltCallback
 .text.HAL_UART_ErrorCallback
                0x00000000080067d8       0x14 ./Drivers/STM32F3xx_HAL_Driver/Src/stm32f3xx_hal_uart.o
                0x00000000080067d8                HAL_UART_ErrorCallback
 .text.HAL_UART_AbortTransmitCpltCallback
                0x00000000080067ec       0x14 ./Drivers/STM32F3xx_HAL_Driver/Src/stm32f3xx_hal_uart.o
                0x00000000080067ec                HAL_UART_AbortTransmitCpltCallback
 .text.HAL_UART_AbortReceiveCpltCallback
                0x0000000008006800       0x14 ./Drivers/STM32F3xx_HAL_Driver/Src/stm32f3xx_hal_uart.o
                0x0000000008006800                HAL_UART_AbortReceiveCpltCallback
 .text.HAL_UARTEx_RxEventCallback
                0x0000000008006814       0x18 ./Drivers/STM32F3xx_HAL_Driver/Src/stm32f3xx_hal_uart.o
                0x0000000008006814                HAL_UARTEx_RxEventCallback
 .text.UART_SetConfig
                0x000000000800682c      0x3ac ./Drivers/STM32F3xx_HAL_Driver/Src/stm32f3xx_hal_uart.o
                0x000000000800682c                UART_SetConfig
 .text.UART_AdvFeatureConfig
                0x0000000008006bd8      0x144 ./Drivers/STM32F3xx_HAL_Driver/Src/stm32f3xx_hal_uart.o
                0x0000000008006bd8                UART_AdvFeatureConfig
 .text.UART_CheckIdleState
                0x0000000008006d1c       0x92 ./Drivers/STM32F3xx_HAL_Driver/Src/stm32f3xx_hal_uart.o
                0x0000000008006d1c                UART_CheckIdleState
 .text.UART_WaitOnFlagUntilTimeout
                0x0000000008006dae      0x188 ./Drivers/STM32F3xx_HAL_Driver/Src/stm32f3xx_hal_uart.o
                0x0000000008006dae                UART_WaitOnFlagUntilTimeout
 *fill*         0x0000000008006f36        0x2 
 .text.UART_Start_Receive_IT
                0x0000000008006f38      0x130 ./Drivers/STM32F3xx_HAL_Driver/Src/stm32f3xx_hal_uart.o
                0x0000000008006f38                UART_Start_Receive_IT
 .text.UART_Start_Receive_DMA
                0x0000000008007068      0x144 ./Drivers/STM32F3xx_HAL_Driver/Src/stm32f3xx_hal_uart.o
                0x0000000008007068                UART_Start_Receive_DMA
 .text.UART_EndTxTransfer
                0x00000000080071ac       0x4c ./Drivers/STM32F3xx_HAL_Driver/Src/stm32f3xx_hal_uart.o
 .text.UART_EndRxTransfer
                0x00000000080071f8       0xc6 ./Drivers/STM32F3xx_HAL_Driver/Src/stm32f3xx_hal_uart.o
 .text.UART_DMATransmitCplt
                0x00000000080072be       0x94 ./Drivers/STM32F3xx_HAL_Driver/Src/stm32f3xx_hal_uart.o
 .text.UART_DMATxHalfCplt
                0x0000000008007352       0x1c ./Drivers/STM32F3xx_HAL_Driver/Src/stm32f3xx_hal_uart.o
 .text.UART_DMAReceiveCplt
                0x000000000800736e      0x11e ./Drivers/STM32F3xx_HAL_Driver/Src/stm32f3xx_hal_uart.o
 .text.UART_DMARxHalfCplt
                0x000000000800748c       0x38 ./Drivers/STM32F3xx_HAL_Driver/Src/stm32f3xx_hal_uart.o
 .text.UART_DMAError
                0x00000000080074c4       0x7c ./Drivers/STM32F3xx_HAL_Driver/Src/stm32f3xx_hal_uart.o
 .text.UART_DMAAbortOnError
                0x0000000008007540       0x2c ./Drivers/STM32F3xx_HAL_Driver/Src/stm32f3xx_hal_uart.o
 .text.UART_DMATxOnlyAbortCallback
                0x000000000800756c       0x2a ./Drivers/STM32F3xx_HAL_Driver/Src/stm32f3xx_hal_uart.o
 .text.UART_DMARxOnlyAbortCallback
                0x0000000008007596       0x48 ./Drivers/STM32F3xx_HAL_Driver/Src/stm32f3xx_hal_uart.o
 .text.UART_TxISR_8BIT
                0x00000000080075de       0xb8 ./Drivers/STM32F3xx_HAL_Driver/Src/stm32f3xx_hal_uart.o
 .text.UART_TxISR_16BIT
                0x0000000008007696       0xc0 ./Drivers/STM32F3xx_HAL_Driver/Src/stm32f3xx_hal_uart.o
 .text.UART_EndTransmit_IT
                0x0000000008007756       0x54 ./Drivers/STM32F3xx_HAL_Driver/Src/stm32f3xx_hal_uart.o
 .text.UART_RxISR_8BIT
                0x00000000080077aa      0x15c ./Drivers/STM32F3xx_HAL_Driver/Src/stm32f3xx_hal_uart.o
 .text.UART_RxISR_16BIT
                0x0000000008007906      0x15c ./Drivers/STM32F3xx_HAL_Driver/Src/stm32f3xx_hal_uart.o
 .text.HAL_RS485Ex_Init
                0x0000000008007a62       0xce ./Drivers/STM32F3xx_HAL_Driver/Src/stm32f3xx_hal_uart_ex.o
                0x0000000008007a62                HAL_RS485Ex_Init
 .text.HAL_UARTEx_WakeupCallback
                0x0000000008007b30       0x14 ./Drivers/STM32F3xx_HAL_Driver/Src/stm32f3xx_hal_uart_ex.o
                0x0000000008007b30                HAL_UARTEx_WakeupCallback
 .text.makeFreeRtosPriority
                0x0000000008007b44       0x30 ./Middlewares/Third_Party/FreeRTOS/Source/CMSIS_RTOS/cmsis_os.o
 .text.inHandlerMode
                0x0000000008007b74       0x24 ./Middlewares/Third_Party/FreeRTOS/Source/CMSIS_RTOS/cmsis_os.o
 .text.osKernelStart
                0x0000000008007b98        0xe ./Middlewares/Third_Party/FreeRTOS/Source/CMSIS_RTOS/cmsis_os.o
                0x0000000008007b98                osKernelStart
 .text.osKernelSysTick
                0x0000000008007ba6       0x20 ./Middlewares/Third_Party/FreeRTOS/Source/CMSIS_RTOS/cmsis_os.o
                0x0000000008007ba6                osKernelSysTick
 .text.osThreadCreate
                0x0000000008007bc6       0x98 ./Middlewares/Third_Party/FreeRTOS/Source/CMSIS_RTOS/cmsis_os.o
                0x0000000008007bc6                osThreadCreate
 .text.osDelay  0x0000000008007c5e       0x28 ./Middlewares/Third_Party/FreeRTOS/Source/CMSIS_RTOS/cmsis_os.o
                0x0000000008007c5e                osDelay
 *fill*         0x0000000008007c86        0x2 
 .text.osTimerCreate
                0x0000000008007c88       0x68 ./Middlewares/Third_Party/FreeRTOS/Source/CMSIS_RTOS/cmsis_os.o
                0x0000000008007c88                osTimerCreate
 .text.osMutexCreate
                0x0000000008007cf0       0x30 ./Middlewares/Third_Party/FreeRTOS/Source/CMSIS_RTOS/cmsis_os.o
                0x0000000008007cf0                osMutexCreate
 .text.osDelayUntil
                0x0000000008007d20       0x2c ./Middlewares/Third_Party/FreeRTOS/Source/CMSIS_RTOS/cmsis_os.o
                0x0000000008007d20                osDelayUntil
 .text.vListInitialise
                0x0000000008007d4c       0x40 ./Middlewares/Third_Party/FreeRTOS/Source/list.o
                0x0000000008007d4c                vListInitialise
 .text.vListInitialiseItem
                0x0000000008007d8c       0x1a ./Middlewares/Third_Party/FreeRTOS/Source/list.o
                0x0000000008007d8c                vListInitialiseItem
 .text.vListInsertEnd
                0x0000000008007da6       0x48 ./Middlewares/Third_Party/FreeRTOS/Source/list.o
                0x0000000008007da6                vListInsertEnd
 .text.vListInsert
                0x0000000008007dee       0x72 ./Middlewares/Third_Party/FreeRTOS/Source/list.o
                0x0000000008007dee                vListInsert
 .text.uxListRemove
                0x0000000008007e60       0x54 ./Middlewares/Third_Party/FreeRTOS/Source/list.o
                0x0000000008007e60                uxListRemove
 .text.xQueueGenericReset
                0x0000000008007eb4       0xd0 ./Middlewares/Third_Party/FreeRTOS/Source/queue.o
                0x0000000008007eb4                xQueueGenericReset
 .text.xQueueGenericCreateStatic
                0x0000000008007f84       0xee ./Middlewares/Third_Party/FreeRTOS/Source/queue.o
                0x0000000008007f84                xQueueGenericCreateStatic
 .text.xQueueGenericCreate
                0x0000000008008072       0x7c ./Middlewares/Third_Party/FreeRTOS/Source/queue.o
                0x0000000008008072                xQueueGenericCreate
 .text.prvInitialiseNewQueue
                0x00000000080080ee       0x3e ./Middlewares/Third_Party/FreeRTOS/Source/queue.o
 .text.prvInitialiseMutex
                0x000000000800812c       0x34 ./Middlewares/Third_Party/FreeRTOS/Source/queue.o
 .text.xQueueCreateMutex
                0x0000000008008160       0x30 ./Middlewares/Third_Party/FreeRTOS/Source/queue.o
                0x0000000008008160                xQueueCreateMutex
 .text.xQueueCreateMutexStatic
                0x0000000008008190       0x36 ./Middlewares/Third_Party/FreeRTOS/Source/queue.o
                0x0000000008008190                xQueueCreateMutexStatic
 *fill*         0x00000000080081c6        0x2 
 .text.xQueueGenericSend
                0x00000000080081c8      0x1fc ./Middlewares/Third_Party/FreeRTOS/Source/queue.o
                0x00000000080081c8                xQueueGenericSend
 .text.xQueueGenericSendFromISR
                0x00000000080083c4      0x130 ./Middlewares/Third_Party/FreeRTOS/Source/queue.o
                0x00000000080083c4                xQueueGenericSendFromISR
 .text.xQueueReceive
                0x00000000080084f4      0x1c0 ./Middlewares/Third_Party/FreeRTOS/Source/queue.o
                0x00000000080084f4                xQueueReceive
 .text.xQueueSemaphoreTake
                0x00000000080086b4      0x218 ./Middlewares/Third_Party/FreeRTOS/Source/queue.o
                0x00000000080086b4                xQueueSemaphoreTake
 .text.prvGetDisinheritPriorityAfterTimeout
                0x00000000080088cc       0x30 ./Middlewares/Third_Party/FreeRTOS/Source/queue.o
 .text.prvCopyDataToQueue
                0x00000000080088fc       0xd4 ./Middlewares/Third_Party/FreeRTOS/Source/queue.o
 .text.prvCopyDataFromQueue
                0x00000000080089d0       0x4c ./Middlewares/Third_Party/FreeRTOS/Source/queue.o
 .text.prvUnlockQueue
                0x0000000008008a1c       0xa4 ./Middlewares/Third_Party/FreeRTOS/Source/queue.o
 .text.prvIsQueueEmpty
                0x0000000008008ac0       0x2c ./Middlewares/Third_Party/FreeRTOS/Source/queue.o
 .text.prvIsQueueFull
                0x0000000008008aec       0x30 ./Middlewares/Third_Party/FreeRTOS/Source/queue.o
 .text.vQueueAddToRegistry
                0x0000000008008b1c       0x54 ./Middlewares/Third_Party/FreeRTOS/Source/queue.o
                0x0000000008008b1c                vQueueAddToRegistry
 .text.vQueueWaitForMessageRestricted
                0x0000000008008b70       0x68 ./Middlewares/Third_Party/FreeRTOS/Source/queue.o
                0x0000000008008b70                vQueueWaitForMessageRestricted
 .text.xTaskCreateStatic
                0x0000000008008bd8       0xb8 ./Middlewares/Third_Party/FreeRTOS/Source/tasks.o
                0x0000000008008bd8                xTaskCreateStatic
 .text.xTaskCreate
                0x0000000008008c90       0x8a ./Middlewares/Third_Party/FreeRTOS/Source/tasks.o
                0x0000000008008c90                xTaskCreate
 *fill*         0x0000000008008d1a        0x2 
 .text.prvInitialiseNewTask
                0x0000000008008d1c      0x12c ./Middlewares/Third_Party/FreeRTOS/Source/tasks.o
 .text.prvAddNewTaskToReadyList
                0x0000000008008e48       0xd4 ./Middlewares/Third_Party/FreeRTOS/Source/tasks.o
 .text.vTaskDelayUntil
                0x0000000008008f1c       0xfc ./Middlewares/Third_Party/FreeRTOS/Source/tasks.o
                0x0000000008008f1c                vTaskDelayUntil
 .text.vTaskDelay
                0x0000000008009018       0x68 ./Middlewares/Third_Party/FreeRTOS/Source/tasks.o
                0x0000000008009018                vTaskDelay
 .text.vTaskStartScheduler
                0x0000000008009080       0xe0 ./Middlewares/Third_Party/FreeRTOS/Source/tasks.o
                0x0000000008009080                vTaskStartScheduler
 .text.vTaskSuspendAll
                0x0000000008009160       0x1c ./Middlewares/Third_Party/FreeRTOS/Source/tasks.o
                0x0000000008009160                vTaskSuspendAll
 .text.xTaskResumeAll
                0x000000000800917c      0x138 ./Middlewares/Third_Party/FreeRTOS/Source/tasks.o
                0x000000000800917c                xTaskResumeAll
 .text.xTaskGetTickCount
                0x00000000080092b4       0x20 ./Middlewares/Third_Party/FreeRTOS/Source/tasks.o
                0x00000000080092b4                xTaskGetTickCount
 .text.xTaskGetTickCountFromISR
                0x00000000080092d4       0x24 ./Middlewares/Third_Party/FreeRTOS/Source/tasks.o
                0x00000000080092d4                xTaskGetTickCountFromISR
 .text.xTaskIncrementTick
                0x00000000080092f8      0x17c ./Middlewares/Third_Party/FreeRTOS/Source/tasks.o
                0x00000000080092f8                xTaskIncrementTick
 .text.vTaskSwitchContext
                0x0000000008009474       0xc4 ./Middlewares/Third_Party/FreeRTOS/Source/tasks.o
                0x0000000008009474                vTaskSwitchContext
 .text.vTaskPlaceOnEventList
                0x0000000008009538       0x48 ./Middlewares/Third_Party/FreeRTOS/Source/tasks.o
                0x0000000008009538                vTaskPlaceOnEventList
 .text.vTaskPlaceOnEventListRestricted
                0x0000000008009580       0x58 ./Middlewares/Third_Party/FreeRTOS/Source/tasks.o
                0x0000000008009580                vTaskPlaceOnEventListRestricted
 .text.xTaskRemoveFromEventList
                0x00000000080095d8       0xc4 ./Middlewares/Third_Party/FreeRTOS/Source/tasks.o
                0x00000000080095d8                xTaskRemoveFromEventList
 .text.vTaskInternalSetTimeOutState
                0x000000000800969c       0x2c ./Middlewares/Third_Party/FreeRTOS/Source/tasks.o
                0x000000000800969c                vTaskInternalSetTimeOutState
 .text.xTaskCheckForTimeOut
                0x00000000080096c8       0xc4 ./Middlewares/Third_Party/FreeRTOS/Source/tasks.o
                0x00000000080096c8                xTaskCheckForTimeOut
 .text.vTaskMissedYield
                0x000000000800978c       0x18 ./Middlewares/Third_Party/FreeRTOS/Source/tasks.o
                0x000000000800978c                vTaskMissedYield
 .text.prvIdleTask
                0x00000000080097a4       0x30 ./Middlewares/Third_Party/FreeRTOS/Source/tasks.o
 .text.prvInitialiseTaskLists
                0x00000000080097d4       0x80 ./Middlewares/Third_Party/FreeRTOS/Source/tasks.o
 .text.prvCheckTasksWaitingTermination
                0x0000000008009854       0x5c ./Middlewares/Third_Party/FreeRTOS/Source/tasks.o
 .text.prvDeleteTCB
                0x00000000080098b0       0x68 ./Middlewares/Third_Party/FreeRTOS/Source/tasks.o
 .text.prvResetNextTaskUnblockTime
                0x0000000008009918       0x4c ./Middlewares/Third_Party/FreeRTOS/Source/tasks.o
 .text.xTaskGetSchedulerState
                0x0000000008009964       0x3c ./Middlewares/Third_Party/FreeRTOS/Source/tasks.o
                0x0000000008009964                xTaskGetSchedulerState
 .text.xTaskPriorityInherit
                0x00000000080099a0      0x10c ./Middlewares/Third_Party/FreeRTOS/Source/tasks.o
                0x00000000080099a0                xTaskPriorityInherit
 .text.xTaskPriorityDisinherit
                0x0000000008009aac      0x10c ./Middlewares/Third_Party/FreeRTOS/Source/tasks.o
                0x0000000008009aac                xTaskPriorityDisinherit
 .text.vTaskPriorityDisinheritAfterTimeout
                0x0000000008009bb8      0x140 ./Middlewares/Third_Party/FreeRTOS/Source/tasks.o
                0x0000000008009bb8                vTaskPriorityDisinheritAfterTimeout
 .text.pvTaskIncrementMutexHeldCount
                0x0000000008009cf8       0x28 ./Middlewares/Third_Party/FreeRTOS/Source/tasks.o
                0x0000000008009cf8                pvTaskIncrementMutexHeldCount
 .text.prvAddCurrentTaskToDelayedList
                0x0000000008009d20       0xcc ./Middlewares/Third_Party/FreeRTOS/Source/tasks.o
 .text.xTimerCreateTimerTask
                0x0000000008009dec       0x90 ./Middlewares/Third_Party/FreeRTOS/Source/timers.o
                0x0000000008009dec                xTimerCreateTimerTask
 .text.xTimerCreate
                0x0000000008009e7c       0x42 ./Middlewares/Third_Party/FreeRTOS/Source/timers.o
                0x0000000008009e7c                xTimerCreate
 .text.xTimerCreateStatic
                0x0000000008009ebe       0x7a ./Middlewares/Third_Party/FreeRTOS/Source/timers.o
                0x0000000008009ebe                xTimerCreateStatic
 .text.prvInitialiseNewTimer
                0x0000000008009f38       0x64 ./Middlewares/Third_Party/FreeRTOS/Source/timers.o
 .text.xTimerGenericCommand
                0x0000000008009f9c       0x9c ./Middlewares/Third_Party/FreeRTOS/Source/timers.o
                0x0000000008009f9c                xTimerGenericCommand
 .text.prvProcessExpiredTimer
                0x000000000800a038       0x80 ./Middlewares/Third_Party/FreeRTOS/Source/timers.o
 .text.prvTimerTask
                0x000000000800a0b8       0x24 ./Middlewares/Third_Party/FreeRTOS/Source/timers.o
 .text.prvProcessTimerOrBlockTask
                0x000000000800a0dc       0x9c ./Middlewares/Third_Party/FreeRTOS/Source/timers.o
 .text.prvGetNextExpireTime
                0x000000000800a178       0x48 ./Middlewares/Third_Party/FreeRTOS/Source/timers.o
 .text.prvSampleTimeNow
                0x000000000800a1c0       0x40 ./Middlewares/Third_Party/FreeRTOS/Source/timers.o
 .text.prvInsertTimerInActiveList
                0x000000000800a200       0x84 ./Middlewares/Third_Party/FreeRTOS/Source/timers.o
 .text.prvProcessReceivedCommands
                0x000000000800a284      0x134 ./Middlewares/Third_Party/FreeRTOS/Source/timers.o
 .text.prvSwitchTimerLists
                0x000000000800a3b8       0xc4 ./Middlewares/Third_Party/FreeRTOS/Source/timers.o
 .text.prvCheckForValidListAndQueue
                0x000000000800a47c       0x80 ./Middlewares/Third_Party/FreeRTOS/Source/timers.o
 .text.pxPortInitialiseStack
                0x000000000800a4fc       0x68 ./Middlewares/Third_Party/FreeRTOS/Source/portable/GCC/ARM_CM4F/port.o
                0x000000000800a4fc                pxPortInitialiseStack
 .text.prvTaskExitError
                0x000000000800a564       0x58 ./Middlewares/Third_Party/FreeRTOS/Source/portable/GCC/ARM_CM4F/port.o
 *fill*         0x000000000800a5bc        0x4 
 .text.SVC_Handler
                0x000000000800a5c0       0x28 ./Middlewares/Third_Party/FreeRTOS/Source/portable/GCC/ARM_CM4F/port.o
                0x000000000800a5c0                SVC_Handler
 .text.prvPortStartFirstTask
                0x000000000800a5e8       0x28 ./Middlewares/Third_Party/FreeRTOS/Source/portable/GCC/ARM_CM4F/port.o
 .text.xPortStartScheduler
                0x000000000800a610      0x144 ./Middlewares/Third_Party/FreeRTOS/Source/portable/GCC/ARM_CM4F/port.o
                0x000000000800a610                xPortStartScheduler
 .text.vPortEnterCritical
                0x000000000800a754       0x60 ./Middlewares/Third_Party/FreeRTOS/Source/portable/GCC/ARM_CM4F/port.o
                0x000000000800a754                vPortEnterCritical
 .text.vPortExitCritical
                0x000000000800a7b4       0x54 ./Middlewares/Third_Party/FreeRTOS/Source/portable/GCC/ARM_CM4F/port.o
                0x000000000800a7b4                vPortExitCritical
 *fill*         0x000000000800a808        0x8 
 .text.PendSV_Handler
                0x000000000800a810       0x68 ./Middlewares/Third_Party/FreeRTOS/Source/portable/GCC/ARM_CM4F/port.o
                0x000000000800a810                PendSV_Handler
 .text.SysTick_Handler
                0x000000000800a878       0x44 ./Middlewares/Third_Party/FreeRTOS/Source/portable/GCC/ARM_CM4F/port.o
                0x000000000800a878                SysTick_Handler
 .text.vPortSetupTimerInterrupt
                0x000000000800a8bc       0x48 ./Middlewares/Third_Party/FreeRTOS/Source/portable/GCC/ARM_CM4F/port.o
                0x000000000800a8bc                vPortSetupTimerInterrupt
 .text.vPortEnableVFP
                0x000000000800a904       0x14 ./Middlewares/Third_Party/FreeRTOS/Source/portable/GCC/ARM_CM4F/port.o
 .text.vPortValidateInterruptPriority
                0x000000000800a918       0x80 ./Middlewares/Third_Party/FreeRTOS/Source/portable/GCC/ARM_CM4F/port.o
                0x000000000800a918                vPortValidateInterruptPriority
 .text.pvPortMalloc
                0x000000000800a998      0x188 ./Middlewares/Third_Party/FreeRTOS/Source/portable/MemMang/heap_4.o
                0x000000000800a998                pvPortMalloc
 .text.vPortFree
                0x000000000800ab20       0xb4 ./Middlewares/Third_Party/FreeRTOS/Source/portable/MemMang/heap_4.o
                0x000000000800ab20                vPortFree
 .text.prvHeapInit
                0x000000000800abd4       0xc4 ./Middlewares/Third_Party/FreeRTOS/Source/portable/MemMang/heap_4.o
 .text.prvInsertBlockIntoFreeList
                0x000000000800ac98       0xb4 ./Middlewares/Third_Party/FreeRTOS/Source/portable/MemMang/heap_4.o
 .text.fromTickToMs
                0x000000000800ad4c       0x38 ./Src/FreeRTOSTick.o
                0x000000000800ad4c                fromTickToMs
 .text.cmp      0x000000000800ad84       0x20 ./Src/MS5837.o
                0x000000000800ad84                cmp
 .text.MS5837_02BA_init
                0x000000000800ada4       0xac ./Src/MS5837.o
                0x000000000800ada4                MS5837_02BA_init
 .text.MS5837_02BA_get_actual_pressure
                0x000000000800ae50       0x94 ./Src/MS5837.o
                0x000000000800ae50                MS5837_02BA_get_actual_pressure
 .text.init_new_convertion
                0x000000000800aee4       0x28 ./Src/MS5837.o
                0x000000000800aee4                init_new_convertion
 .text.MS5837_I2C_MasterRxCplt
                0x000000000800af0c       0xa0 ./Src/MS5837.o
                0x000000000800af0c                MS5837_I2C_MasterRxCplt
 .text.MS5837_I2C_MasterTxCplt
                0x000000000800afac       0x94 ./Src/MS5837.o
                0x000000000800afac                MS5837_I2C_MasterTxCplt
 .text.MS5837_02BA_check_pressure
                0x000000000800b040      0x108 ./Src/MS5837.o
                0x000000000800b040                MS5837_02BA_check_pressure
 .text.MS5837_02BA_reset_pressure
                0x000000000800b148       0x54 ./Src/MS5837.o
                0x000000000800b148                MS5837_02BA_reset_pressure
 *fill*         0x000000000800b19c        0x4 
 .text.calculate
                0x000000000800b1a0      0x464 ./Src/MS5837.o
                0x000000000800b1a0                calculate
 .text.GetCrc16Checksumm
                0x000000000800b604       0x7e ./Src/checksum.o
                0x000000000800b604                GetCrc16Checksumm
 .text.IsCrc16ChecksummCorrect
                0x000000000800b682       0x40 ./Src/checksum.o
                0x000000000800b682                IsCrc16ChecksummCorrect
 .text.AddCrc16Checksumm
                0x000000000800b6c2       0x32 ./Src/checksum.o
                0x000000000800b6c2                AddCrc16Checksumm
 .text.IsChecksumm8bCorrect
                0x000000000800b6f4       0x5a ./Src/checksum.o
                0x000000000800b6f4                IsChecksumm8bCorrect
 .text.AddChecksumm8b
                0x000000000800b74e       0x50 ./Src/checksum.o
                0x000000000800b74e                AddChecksumm8b
 .text.IsChecksumm8bCorrectVma
                0x000000000800b79e       0x5a ./Src/checksum.o
                0x000000000800b79e                IsChecksumm8bCorrectVma
 .text.AddChecksumm8bVma
                0x000000000800b7f8       0x4c ./Src/checksum.o
                0x000000000800b7f8                AddChecksumm8bVma
 .text.PickBit  0x000000000800b844       0xd4 ./Src/checksum.o
                0x000000000800b844                PickBit
 .text.variableInit
                0x000000000800b918      0x140 ./Src/communication.o
                0x000000000800b918                variableInit
 .text.uartBusesInit
                0x000000000800ba58      0x1fc ./Src/communication.o
                0x000000000800ba58                uartBusesInit
 .text.i2cBusesInit
                0x000000000800bc54       0x1c ./Src/communication.o
                0x000000000800bc54                i2cBusesInit
 .text.transmitPackage
                0x000000000800bc70       0xd4 ./Src/communication.o
                0x000000000800bc70                transmitPackage
 .text.transmitAndReceive
                0x000000000800bd44      0x11e ./Src/communication.o
                0x000000000800bd44                transmitAndReceive
 *fill*         0x000000000800be62        0x2 
 .text.HAL_UART_TxCpltCallback
                0x000000000800be64       0x70 ./Src/communication.o
                0x000000000800be64                HAL_UART_TxCpltCallback
 .text.HAL_UART_RxCpltCallback
                0x000000000800bed4       0x80 ./Src/communication.o
                0x000000000800bed4                HAL_UART_RxCpltCallback
 .text.HAL_I2C_MasterRxCpltCallback
                0x000000000800bf54       0x16 ./Src/communication.o
                0x000000000800bf54                HAL_I2C_MasterRxCpltCallback
 .text.HAL_I2C_MasterTxCpltCallback
                0x000000000800bf6a       0x16 ./Src/communication.o
                0x000000000800bf6a                HAL_I2C_MasterTxCpltCallback
 .text.ShoreReceive
                0x000000000800bf80      0x108 ./Src/communication.o
                0x000000000800bf80                ShoreReceive
 .text.DevicesRequestUpdate
                0x000000000800c088       0x74 ./Src/communication.o
                0x000000000800c088                DevicesRequestUpdate
 .text.DevicesResponseUpdate
                0x000000000800c0fc       0xd0 ./Src/communication.o
                0x000000000800c0fc                DevicesResponseUpdate
 .text.ShoreRequest
                0x000000000800c1cc      0x378 ./Src/communication.o
                0x000000000800c1cc                ShoreRequest
 .text.ShoreConfigRequest
                0x000000000800c544      0x2ec ./Src/communication.o
                0x000000000800c544                ShoreConfigRequest
 .text.ShoreDirectRequest
                0x000000000800c830      0x16c ./Src/communication.o
                0x000000000800c830                ShoreDirectRequest
 .text.ShoreResponse
                0x000000000800c99c       0x80 ./Src/communication.o
                0x000000000800c99c                ShoreResponse
 .text.ShoreConfigResponse
                0x000000000800ca1c      0x1ec ./Src/communication.o
                0x000000000800ca1c                ShoreConfigResponse
 .text.ShoreDirectResponse
                0x000000000800cc08       0x34 ./Src/communication.o
                0x000000000800cc08                ShoreDirectResponse
 .text.ImuReceive
                0x000000000800cc3c       0xe8 ./Src/communication.o
                0x000000000800cc3c                ImuReceive
 .text.calculateCRC
                0x000000000800cd24       0x8c ./Src/communication.o
                0x000000000800cd24                calculateCRC
 .text.MX_DMA_Init
                0x000000000800cdb0       0x8c ./Src/dma.o
                0x000000000800cdb0                MX_DMA_Init
 .text.flashReadSettings
                0x000000000800ce3c       0x48 ./Src/flash.o
                0x000000000800ce3c                flashReadSettings
 .text.flashWriteSettings
                0x000000000800ce84       0x74 ./Src/flash.o
                0x000000000800ce84                flashWriteSettings
 .text.flashFillStructure
                0x000000000800cef8      0x2d8 ./Src/flash.o
                0x000000000800cef8                flashFillStructure
 .text.flashReadStructure
                0x000000000800d1d0      0x30c ./Src/flash.o
                0x000000000800d1d0                flashReadStructure
 .text.vApplicationGetIdleTaskMemory
                0x000000000800d4dc       0x34 ./Src/freertos.o
                0x000000000800d4dc                vApplicationGetIdleTaskMemory
 .text.vApplicationGetTimerTaskMemory
                0x000000000800d510       0x34 ./Src/freertos.o
                0x000000000800d510                vApplicationGetTimerTaskMemory
 .text.MX_FREERTOS_Init
                0x000000000800d544      0x264 ./Src/freertos.o
                0x000000000800d544                MX_FREERTOS_Init
 .text.func_tLedBlinkingTask
                0x000000000800d7a8       0x60 ./Src/freertos.o
                0x000000000800d7a8                func_tLedBlinkingTask
 .text.func_tVmaCommTask
                0x000000000800d808       0xe8 ./Src/freertos.o
                0x000000000800d808                func_tVmaCommTask
 .text.func_tImuCommTask
                0x000000000800d8f0       0xe4 ./Src/freertos.o
                0x000000000800d8f0                func_tImuCommTask
 .text.func_tStabilizationTask
                0x000000000800d9d4       0x74 ./Src/freertos.o
                0x000000000800d9d4                func_tStabilizationTask
 .text.func_tDevCommTask
                0x000000000800da48       0xe8 ./Src/freertos.o
                0x000000000800da48                func_tDevCommTask
 .text.func_tSensCommTask
                0x000000000800db30       0x58 ./Src/freertos.o
                0x000000000800db30                func_tSensCommTask
 .text.func_tPcCommTask
                0x000000000800db88       0x1e ./Src/freertos.o
                0x000000000800db88                func_tPcCommTask
 *fill*         0x000000000800dba6        0x2 
 .text.func_tUartTimer
                0x000000000800dba8      0x10c ./Src/freertos.o
                0x000000000800dba8                func_tUartTimer
 .text.tSilence_func
                0x000000000800dcb4       0xd4 ./Src/freertos.o
                0x000000000800dcb4                tSilence_func
 .text.tTechCommTImer_callback
                0x000000000800dd88       0x14 ./Src/freertos.o
                0x000000000800dd88                tTechCommTImer_callback
 .text.MX_GPIO_Init
                0x000000000800dd9c      0x11c ./Src/gpio.o
                0x000000000800dd9c                MX_GPIO_Init
 .text.MX_I2C1_Init
                0x000000000800deb8       0x80 ./Src/i2c.o
                0x000000000800deb8                MX_I2C1_Init
 .text.HAL_I2C_MspInit
                0x000000000800df38       0x98 ./Src/i2c.o
                0x000000000800df38                HAL_I2C_MspInit
 .text.main     0x000000000800dfd0       0x44 ./Src/main.o
                0x000000000800dfd0                main
 .text.SystemClock_Config
                0x000000000800e014       0xca ./Src/main.o
                0x000000000800e014                SystemClock_Config
 *fill*         0x000000000800e0de        0x2 
 .text.HAL_TIM_PeriodElapsedCallback
                0x000000000800e0e0       0x24 ./Src/main.o
                0x000000000800e0e0                HAL_TIM_PeriodElapsedCallback
 .text.Error_Handler
                0x000000000800e104        0xa ./Src/main.o
                0x000000000800e104                Error_Handler
 *fill*         0x000000000800e10e        0x2 
 .text.stabilizationInit
                0x000000000800e110      0x5f0 ./Src/stabilization.o
                0x000000000800e110                stabilizationInit
 .text.stabilizationStart
                0x000000000800e700      0x1dc ./Src/stabilization.o
                0x000000000800e700                stabilizationStart
 .text.stabilizationUpdate
                0x000000000800e8dc      0x53c ./Src/stabilization.o
                0x000000000800e8dc                stabilizationUpdate
 .text.HAL_MspInit
                0x000000000800ee18       0x50 ./Src/stm32f3xx_hal_msp.o
                0x000000000800ee18                HAL_MspInit
 .text.HAL_InitTick
                0x000000000800ee68       0xe0 ./Src/stm32f3xx_hal_timebase_tim.o
                0x000000000800ee68                HAL_InitTick
 .text.DMA1_Channel2_IRQHandler
                0x000000000800ef48       0x14 ./Src/stm32f3xx_it.o
                0x000000000800ef48                DMA1_Channel2_IRQHandler
 .text.DMA1_Channel3_IRQHandler
                0x000000000800ef5c       0x14 ./Src/stm32f3xx_it.o
                0x000000000800ef5c                DMA1_Channel3_IRQHandler
 .text.DMA1_Channel4_IRQHandler
                0x000000000800ef70       0x14 ./Src/stm32f3xx_it.o
                0x000000000800ef70                DMA1_Channel4_IRQHandler
 .text.DMA1_Channel5_IRQHandler
                0x000000000800ef84       0x14 ./Src/stm32f3xx_it.o
                0x000000000800ef84                DMA1_Channel5_IRQHandler
 .text.DMA1_Channel6_IRQHandler
                0x000000000800ef98       0x14 ./Src/stm32f3xx_it.o
                0x000000000800ef98                DMA1_Channel6_IRQHandler
 .text.DMA1_Channel7_IRQHandler
                0x000000000800efac       0x14 ./Src/stm32f3xx_it.o
                0x000000000800efac                DMA1_Channel7_IRQHandler
 .text.TIM1_UP_TIM16_IRQHandler
                0x000000000800efc0       0x14 ./Src/stm32f3xx_it.o
                0x000000000800efc0                TIM1_UP_TIM16_IRQHandler
 .text.I2C1_EV_IRQHandler
                0x000000000800efd4       0x14 ./Src/stm32f3xx_it.o
                0x000000000800efd4                I2C1_EV_IRQHandler
 .text.USART1_IRQHandler
                0x000000000800efe8       0x14 ./Src/stm32f3xx_it.o
                0x000000000800efe8                USART1_IRQHandler
 .text.USART2_IRQHandler
                0x000000000800effc       0x14 ./Src/stm32f3xx_it.o
                0x000000000800effc                USART2_IRQHandler
 .text.USART3_IRQHandler
                0x000000000800f010       0x14 ./Src/stm32f3xx_it.o
                0x000000000800f010                USART3_IRQHandler
 .text.UART4_IRQHandler
                0x000000000800f024       0x14 ./Src/stm32f3xx_it.o
                0x000000000800f024                UART4_IRQHandler
 .text.SystemInit
                0x000000000800f038       0x24 ./Src/system_stm32f3xx.o
                0x000000000800f038                SystemInit
 .text.thrustersInit
                0x000000000800f05c       0xd0 ./Src/thrusters.o
                0x000000000800f05c                thrustersInit
 .text.resetThrusters
                0x000000000800f12c       0x74 ./Src/thrusters.o
                0x000000000800f12c                resetThrusters
 .text.fillThrustersRequest
                0x000000000800f1a0       0xf4 ./Src/thrusters.o
                0x000000000800f1a0                fillThrustersRequest
 .text.fillThrustersResponse
                0x000000000800f294       0x78 ./Src/thrusters.o
                0x000000000800f294                fillThrustersResponse
 .text.formThrustVectors
                0x000000000800f30c      0x1ac ./Src/thrusters.o
                0x000000000800f30c                formThrustVectors
 .text.resizeFloatToUint8
                0x000000000800f4b8       0x58 ./Src/thrusters.o
                0x000000000800f4b8                resizeFloatToUint8
 .text.MX_TIM7_Init
                0x000000000800f510       0x6c ./Src/tim.o
                0x000000000800f510                MX_TIM7_Init
 .text.HAL_TIM_Base_MspInit
                0x000000000800f57c       0x40 ./Src/tim.o
                0x000000000800f57c                HAL_TIM_Base_MspInit
 .text.MX_UART4_Init
                0x000000000800f5bc       0x60 ./Src/usart.o
                0x000000000800f5bc                MX_UART4_Init
 .text.MX_USART1_UART_Init
                0x000000000800f61c       0x60 ./Src/usart.o
                0x000000000800f61c                MX_USART1_UART_Init
 .text.MX_USART2_UART_Init
                0x000000000800f67c       0x68 ./Src/usart.o
                0x000000000800f67c                MX_USART2_UART_Init
 .text.MX_USART3_UART_Init
                0x000000000800f6e4       0x64 ./Src/usart.o
                0x000000000800f6e4                MX_USART3_UART_Init
 .text.HAL_UART_MspInit
                0x000000000800f748      0x440 ./Src/usart.o
                0x000000000800f748                HAL_UART_MspInit
 .text.Reset_Handler
                0x000000000800fb88       0x50 ./Startup/startup_stm32f303vctx.o
                0x000000000800fb88                Reset_Handler
 .text.Default_Handler
                0x000000000800fbd8        0x2 ./Startup/startup_stm32f303vctx.o
                0x000000000800fbd8                TIM1_BRK_TIM15_IRQHandler
                0x000000000800fbd8                TIM8_TRG_COM_IRQHandler
                0x000000000800fbd8                TIM8_CC_IRQHandler
                0x000000000800fbd8                DebugMon_Handler
                0x000000000800fbd8                TIM1_CC_IRQHandler
                0x000000000800fbd8                HardFault_Handler
                0x000000000800fbd8                USB_HP_IRQHandler
                0x000000000800fbd8                PVD_IRQHandler
                0x000000000800fbd8                TAMP_STAMP_IRQHandler
                0x000000000800fbd8                NMI_Handler
                0x000000000800fbd8                EXTI3_IRQHandler
                0x000000000800fbd8                USB_HP_CAN_TX_IRQHandler
                0x000000000800fbd8                EXTI0_IRQHandler
                0x000000000800fbd8                I2C2_EV_IRQHandler
                0x000000000800fbd8                FPU_IRQHandler
                0x000000000800fbd8                UsageFault_Handler
                0x000000000800fbd8                ADC1_2_IRQHandler
                0x000000000800fbd8                SPI1_IRQHandler
                0x000000000800fbd8                CAN_SCE_IRQHandler
                0x000000000800fbd8                TIM6_DAC_IRQHandler
                0x000000000800fbd8                TIM8_UP_IRQHandler
                0x000000000800fbd8                DMA2_Channel2_IRQHandler
                0x000000000800fbd8                UART5_IRQHandler
                0x000000000800fbd8                ADC3_IRQHandler
                0x000000000800fbd8                TIM4_IRQHandler
                0x000000000800fbd8                CAN_RX1_IRQHandler
                0x000000000800fbd8                DMA2_Channel1_IRQHandler
                0x000000000800fbd8                DMA2_Channel4_IRQHandler
                0x000000000800fbd8                TIM3_IRQHandler
                0x000000000800fbd8                RCC_IRQHandler
                0x000000000800fbd8                DMA1_Channel1_IRQHandler
                0x000000000800fbd8                Default_Handler
                0x000000000800fbd8                USBWakeUp_RMP_IRQHandler
                0x000000000800fbd8                EXTI15_10_IRQHandler
                0x000000000800fbd8                TIM7_IRQHandler
                0x000000000800fbd8                EXTI9_5_IRQHandler
                0x000000000800fbd8                RTC_WKUP_IRQHandler
                0x000000000800fbd8                SPI2_IRQHandler
                0x000000000800fbd8                USB_LP_CAN_RX0_IRQHandler
                0x000000000800fbd8                MemManage_Handler
                0x000000000800fbd8                DMA2_Channel5_IRQHandler
                0x000000000800fbd8                USB_LP_IRQHandler
                0x000000000800fbd8                EXTI4_IRQHandler
                0x000000000800fbd8                TIM1_TRG_COM_TIM17_IRQHandler
                0x000000000800fbd8                ADC4_IRQHandler
                0x000000000800fbd8                WWDG_IRQHandler
                0x000000000800fbd8                TIM2_IRQHandler
                0x000000000800fbd8                COMP7_IRQHandler
                0x000000000800fbd8                COMP1_2_3_IRQHandler
                0x000000000800fbd8                EXTI1_IRQHandler
                0x000000000800fbd8                COMP4_5_6_IRQHandler
                0x000000000800fbd8                I2C2_ER_IRQHandler
                0x000000000800fbd8                TIM8_BRK_IRQHandler
                0x000000000800fbd8                FLASH_IRQHandler
                0x000000000800fbd8                BusFault_Handler
                0x000000000800fbd8                SPI3_IRQHandler
                0x000000000800fbd8                I2C1_ER_IRQHandler
                0x000000000800fbd8                USBWakeUp_IRQHandler
                0x000000000800fbd8                DMA2_Channel3_IRQHandler
                0x000000000800fbd8                EXTI2_TSC_IRQHandler
                0x000000000800fbd8                RTC_Alarm_IRQHandler
 *fill*         0x000000000800fbda        0x2 
 .text.__errno  0x000000000800fbdc        0xc /Applications/STM32CubeIDE.app/Contents/Eclipse/plugins/com.st.stm32cube.ide.mcu.externaltools.gnu-tools-for-stm32.10.3-2021.10.macos64_1.0.0.202111181127/tools/bin/../lib/gcc/arm-none-eabi/10.3.1/../../../../arm-none-eabi/lib/thumb/v7e-m+fp/hard/libc_nano.a(lib_a-errno.o)
                0x000000000800fbdc                __errno
 .text.__libc_init_array
                0x000000000800fbe8       0x48 /Applications/STM32CubeIDE.app/Contents/Eclipse/plugins/com.st.stm32cube.ide.mcu.externaltools.gnu-tools-for-stm32.10.3-2021.10.macos64_1.0.0.202111181127/tools/bin/../lib/gcc/arm-none-eabi/10.3.1/../../../../arm-none-eabi/lib/thumb/v7e-m+fp/hard/libc_nano.a(lib_a-init.o)
                0x000000000800fbe8                __libc_init_array
 .text.__retarget_lock_acquire_recursive
                0x000000000800fc30        0x2 /Applications/STM32CubeIDE.app/Contents/Eclipse/plugins/com.st.stm32cube.ide.mcu.externaltools.gnu-tools-for-stm32.10.3-2021.10.macos64_1.0.0.202111181127/tools/bin/../lib/gcc/arm-none-eabi/10.3.1/../../../../arm-none-eabi/lib/thumb/v7e-m+fp/hard/libc_nano.a(lib_a-lock.o)
                0x000000000800fc30                __retarget_lock_acquire_recursive
 .text.__retarget_lock_release_recursive
                0x000000000800fc32        0x2 /Applications/STM32CubeIDE.app/Contents/Eclipse/plugins/com.st.stm32cube.ide.mcu.externaltools.gnu-tools-for-stm32.10.3-2021.10.macos64_1.0.0.202111181127/tools/bin/../lib/gcc/arm-none-eabi/10.3.1/../../../../arm-none-eabi/lib/thumb/v7e-m+fp/hard/libc_nano.a(lib_a-lock.o)
                0x000000000800fc32                __retarget_lock_release_recursive
 .text.memcpy   0x000000000800fc34       0x1c /Applications/STM32CubeIDE.app/Contents/Eclipse/plugins/com.st.stm32cube.ide.mcu.externaltools.gnu-tools-for-stm32.10.3-2021.10.macos64_1.0.0.202111181127/tools/bin/../lib/gcc/arm-none-eabi/10.3.1/../../../../arm-none-eabi/lib/thumb/v7e-m+fp/hard/libc_nano.a(lib_a-memcpy-stub.o)
                0x000000000800fc34                memcpy
 .text.memset   0x000000000800fc50       0x10 /Applications/STM32CubeIDE.app/Contents/Eclipse/plugins/com.st.stm32cube.ide.mcu.externaltools.gnu-tools-for-stm32.10.3-2021.10.macos64_1.0.0.202111181127/tools/bin/../lib/gcc/arm-none-eabi/10.3.1/../../../../arm-none-eabi/lib/thumb/v7e-m+fp/hard/libc_nano.a(lib_a-memset.o)
                0x000000000800fc50                memset
 .text.swapfunc
                0x000000000800fc60       0x32 /Applications/STM32CubeIDE.app/Contents/Eclipse/plugins/com.st.stm32cube.ide.mcu.externaltools.gnu-tools-for-stm32.10.3-2021.10.macos64_1.0.0.202111181127/tools/bin/../lib/gcc/arm-none-eabi/10.3.1/../../../../arm-none-eabi/lib/thumb/v7e-m+fp/hard/libc_nano.a(lib_a-qsort.o)
 .text.med3.constprop.0
                0x000000000800fc92       0x3e /Applications/STM32CubeIDE.app/Contents/Eclipse/plugins/com.st.stm32cube.ide.mcu.externaltools.gnu-tools-for-stm32.10.3-2021.10.macos64_1.0.0.202111181127/tools/bin/../lib/gcc/arm-none-eabi/10.3.1/../../../../arm-none-eabi/lib/thumb/v7e-m+fp/hard/libc_nano.a(lib_a-qsort.o)
 .text.qsort    0x000000000800fcd0      0x2a0 /Applications/STM32CubeIDE.app/Contents/Eclipse/plugins/com.st.stm32cube.ide.mcu.externaltools.gnu-tools-for-stm32.10.3-2021.10.macos64_1.0.0.202111181127/tools/bin/../lib/gcc/arm-none-eabi/10.3.1/../../../../arm-none-eabi/lib/thumb/v7e-m+fp/hard/libc_nano.a(lib_a-qsort.o)
                0x000000000800fcd0                qsort
 .text.cleanup_glue
                0x000000000800ff70       0x1a /Applications/STM32CubeIDE.app/Contents/Eclipse/plugins/com.st.stm32cube.ide.mcu.externaltools.gnu-tools-for-stm32.10.3-2021.10.macos64_1.0.0.202111181127/tools/bin/../lib/gcc/arm-none-eabi/10.3.1/../../../../arm-none-eabi/lib/thumb/v7e-m+fp/hard/libc_nano.a(lib_a-reent.o)
                0x000000000800ff70                cleanup_glue
 *fill*         0x000000000800ff8a        0x2 
 .text._reclaim_reent
                0x000000000800ff8c       0xb8 /Applications/STM32CubeIDE.app/Contents/Eclipse/plugins/com.st.stm32cube.ide.mcu.externaltools.gnu-tools-for-stm32.10.3-2021.10.macos64_1.0.0.202111181127/tools/bin/../lib/gcc/arm-none-eabi/10.3.1/../../../../arm-none-eabi/lib/thumb/v7e-m+fp/hard/libc_nano.a(lib_a-reent.o)
                0x000000000800ff8c                _reclaim_reent
 .text.__malloc_lock
                0x0000000008010044        0xc /Applications/STM32CubeIDE.app/Contents/Eclipse/plugins/com.st.stm32cube.ide.mcu.externaltools.gnu-tools-for-stm32.10.3-2021.10.macos64_1.0.0.202111181127/tools/bin/../lib/gcc/arm-none-eabi/10.3.1/../../../../arm-none-eabi/lib/thumb/v7e-m+fp/hard/libc_nano.a(lib_a-mlock.o)
                0x0000000008010044                __malloc_lock
 .text.__malloc_unlock
                0x0000000008010050        0xc /Applications/STM32CubeIDE.app/Contents/Eclipse/plugins/com.st.stm32cube.ide.mcu.externaltools.gnu-tools-for-stm32.10.3-2021.10.macos64_1.0.0.202111181127/tools/bin/../lib/gcc/arm-none-eabi/10.3.1/../../../../arm-none-eabi/lib/thumb/v7e-m+fp/hard/libc_nano.a(lib_a-mlock.o)
                0x0000000008010050                __malloc_unlock
 .text._free_r  0x000000000801005c       0x98 /Applications/STM32CubeIDE.app/Contents/Eclipse/plugins/com.st.stm32cube.ide.mcu.externaltools.gnu-tools-for-stm32.10.3-2021.10.macos64_1.0.0.202111181127/tools/bin/../lib/gcc/arm-none-eabi/10.3.1/../../../../arm-none-eabi/lib/thumb/v7e-m+fp/hard/libc_nano.a(lib_a-nano-freer.o)
                0x000000000801005c                _free_r
 *fill*         0x00000000080100f4        0x4 
 .text.exp      0x00000000080100f8       0x90 /Applications/STM32CubeIDE.app/Contents/Eclipse/plugins/com.st.stm32cube.ide.mcu.externaltools.gnu-tools-for-stm32.10.3-2021.10.macos64_1.0.0.202111181127/tools/bin/../lib/gcc/arm-none-eabi/10.3.1/../../../../arm-none-eabi/lib/thumb/v7e-m+fp/hard/libm.a(lib_a-w_exp.o)
                0x00000000080100f8                exp
 .text.__ieee754_exp
                0x0000000008010188      0x304 /Applications/STM32CubeIDE.app/Contents/Eclipse/plugins/com.st.stm32cube.ide.mcu.externaltools.gnu-tools-for-stm32.10.3-2021.10.macos64_1.0.0.202111181127/tools/bin/../lib/gcc/arm-none-eabi/10.3.1/../../../../arm-none-eabi/lib/thumb/v7e-m+fp/hard/libm.a(lib_a-e_exp.o)
                0x0000000008010188                __ieee754_exp
 .text.with_errno
                0x000000000801048c       0x14 /Applications/STM32CubeIDE.app/Contents/Eclipse/plugins/com.st.stm32cube.ide.mcu.externaltools.gnu-tools-for-stm32.10.3-2021.10.macos64_1.0.0.202111181127/tools/bin/../lib/gcc/arm-none-eabi/10.3.1/../../../../arm-none-eabi/lib/thumb/v7e-m+fp/hard/libm.a(lib_a-math_err.o)
 .text.xflow    0x00000000080104a0       0x28 /Applications/STM32CubeIDE.app/Contents/Eclipse/plugins/com.st.stm32cube.ide.mcu.externaltools.gnu-tools-for-stm32.10.3-2021.10.macos64_1.0.0.202111181127/tools/bin/../lib/gcc/arm-none-eabi/10.3.1/../../../../arm-none-eabi/lib/thumb/v7e-m+fp/hard/libm.a(lib_a-math_err.o)
 .text.__math_uflow
                0x00000000080104c8       0x12 /Applications/STM32CubeIDE.app/Contents/Eclipse/plugins/com.st.stm32cube.ide.mcu.externaltools.gnu-tools-for-stm32.10.3-2021.10.macos64_1.0.0.202111181127/tools/bin/../lib/gcc/arm-none-eabi/10.3.1/../../../../arm-none-eabi/lib/thumb/v7e-m+fp/hard/libm.a(lib_a-math_err.o)
                0x00000000080104c8                __math_uflow
 .text.__math_oflow
                0x00000000080104da       0x12 /Applications/STM32CubeIDE.app/Contents/Eclipse/plugins/com.st.stm32cube.ide.mcu.externaltools.gnu-tools-for-stm32.10.3-2021.10.macos64_1.0.0.202111181127/tools/bin/../lib/gcc/arm-none-eabi/10.3.1/../../../../arm-none-eabi/lib/thumb/v7e-m+fp/hard/libm.a(lib_a-math_err.o)
                0x00000000080104da                __math_oflow
 .text.finite   0x00000000080104ec       0x16 /Applications/STM32CubeIDE.app/Contents/Eclipse/plugins/com.st.stm32cube.ide.mcu.externaltools.gnu-tools-for-stm32.10.3-2021.10.macos64_1.0.0.202111181127/tools/bin/../lib/gcc/arm-none-eabi/10.3.1/../../../../arm-none-eabi/lib/thumb/v7e-m+fp/hard/libm.a(lib_a-s_finite.o)
                0x00000000080104ec                finite
 *(.glue_7)
 .glue_7        0x0000000008010502        0x0 linker stubs
 *(.glue_7t)
 .glue_7t       0x0000000008010502        0x0 linker stubs
 *(.eh_frame)
 *fill*         0x0000000008010502        0x2 
 .eh_frame      0x0000000008010504        0x0 /Applications/STM32CubeIDE.app/Contents/Eclipse/plugins/com.st.stm32cube.ide.mcu.externaltools.gnu-tools-for-stm32.10.3-2021.10.macos64_1.0.0.202111181127/tools/bin/../lib/gcc/arm-none-eabi/10.3.1/thumb/v7e-m+fp/hard/crtbegin.o
 *(.init)
 .init          0x0000000008010504        0x4 /Applications/STM32CubeIDE.app/Contents/Eclipse/plugins/com.st.stm32cube.ide.mcu.externaltools.gnu-tools-for-stm32.10.3-2021.10.macos64_1.0.0.202111181127/tools/bin/../lib/gcc/arm-none-eabi/10.3.1/thumb/v7e-m+fp/hard/crti.o
                0x0000000008010504                _init
 .init          0x0000000008010508        0x8 /Applications/STM32CubeIDE.app/Contents/Eclipse/plugins/com.st.stm32cube.ide.mcu.externaltools.gnu-tools-for-stm32.10.3-2021.10.macos64_1.0.0.202111181127/tools/bin/../lib/gcc/arm-none-eabi/10.3.1/thumb/v7e-m+fp/hard/crtn.o
 *(.fini)
 .fini          0x0000000008010510        0x4 /Applications/STM32CubeIDE.app/Contents/Eclipse/plugins/com.st.stm32cube.ide.mcu.externaltools.gnu-tools-for-stm32.10.3-2021.10.macos64_1.0.0.202111181127/tools/bin/../lib/gcc/arm-none-eabi/10.3.1/thumb/v7e-m+fp/hard/crti.o
                0x0000000008010510                _fini
 .fini          0x0000000008010514        0x8 /Applications/STM32CubeIDE.app/Contents/Eclipse/plugins/com.st.stm32cube.ide.mcu.externaltools.gnu-tools-for-stm32.10.3-2021.10.macos64_1.0.0.202111181127/tools/bin/../lib/gcc/arm-none-eabi/10.3.1/thumb/v7e-m+fp/hard/crtn.o
                0x000000000801051c                . = ALIGN (0x4)
                0x000000000801051c                _etext = .

.vfp11_veneer   0x000000000801051c        0x0
 .vfp11_veneer  0x000000000801051c        0x0 linker stubs

.v4_bx          0x000000000801051c        0x0
 .v4_bx         0x000000000801051c        0x0 linker stubs

.iplt           0x000000000801051c        0x0
 .iplt          0x000000000801051c        0x0 /Applications/STM32CubeIDE.app/Contents/Eclipse/plugins/com.st.stm32cube.ide.mcu.externaltools.gnu-tools-for-stm32.10.3-2021.10.macos64_1.0.0.202111181127/tools/bin/../lib/gcc/arm-none-eabi/10.3.1/thumb/v7e-m+fp/hard/crtbegin.o

.rodata         0x0000000008010520      0x238
                0x0000000008010520                . = ALIGN (0x4)
 *(.rodata)
 .rodata        0x0000000008010520        0x1 ./Middlewares/Third_Party/FreeRTOS/Source/CMSIS_RTOS/cmsis_os.o
 *fill*         0x0000000008010521        0x3 
 .rodata        0x0000000008010524        0x5 ./Middlewares/Third_Party/FreeRTOS/Source/tasks.o
 *fill*         0x0000000008010529        0x3 
 .rodata        0x000000000801052c        0xd ./Middlewares/Third_Party/FreeRTOS/Source/timers.o
 *fill*         0x0000000008010539        0x3 
 .rodata        0x000000000801053c      0x148 ./Src/freertos.o
 *(.rodata*)
 .rodata.aPLLMULFactorTable
                0x0000000008010684       0x10 ./Drivers/STM32F3xx_HAL_Driver/Src/stm32f3xx_hal_rcc.o
                0x0000000008010684                aPLLMULFactorTable
 .rodata.aPredivFactorTable
                0x0000000008010694       0x10 ./Drivers/STM32F3xx_HAL_Driver/Src/stm32f3xx_hal_rcc.o
                0x0000000008010694                aPredivFactorTable
 .rodata.ShoreLength
                0x00000000080106a4        0x6 ./Src/communication.o
                0x00000000080106a4                ShoreLength
 *fill*         0x00000000080106aa        0x2 
 .rodata.ShoreCodes
                0x00000000080106ac        0x3 ./Src/communication.o
                0x00000000080106ac                ShoreCodes
 *fill*         0x00000000080106af        0x1 
 .rodata.AHBPrescTable
                0x00000000080106b0       0x10 ./Src/system_stm32f3xx.o
                0x00000000080106b0                AHBPrescTable
 .rodata.APBPrescTable
                0x00000000080106c0        0x8 ./Src/system_stm32f3xx.o
                0x00000000080106c0                APBPrescTable
 .rodata.__sf_fake_stderr
                0x00000000080106c8       0x20 /Applications/STM32CubeIDE.app/Contents/Eclipse/plugins/com.st.stm32cube.ide.mcu.externaltools.gnu-tools-for-stm32.10.3-2021.10.macos64_1.0.0.202111181127/tools/bin/../lib/gcc/arm-none-eabi/10.3.1/../../../../arm-none-eabi/lib/thumb/v7e-m+fp/hard/libc_nano.a(lib_a-findfp.o)
                0x00000000080106c8                __sf_fake_stderr
 .rodata.__sf_fake_stdin
                0x00000000080106e8       0x20 /Applications/STM32CubeIDE.app/Contents/Eclipse/plugins/com.st.stm32cube.ide.mcu.externaltools.gnu-tools-for-stm32.10.3-2021.10.macos64_1.0.0.202111181127/tools/bin/../lib/gcc/arm-none-eabi/10.3.1/../../../../arm-none-eabi/lib/thumb/v7e-m+fp/hard/libc_nano.a(lib_a-findfp.o)
                0x00000000080106e8                __sf_fake_stdin
 .rodata.__sf_fake_stdout
                0x0000000008010708       0x20 /Applications/STM32CubeIDE.app/Contents/Eclipse/plugins/com.st.stm32cube.ide.mcu.externaltools.gnu-tools-for-stm32.10.3-2021.10.macos64_1.0.0.202111181127/tools/bin/../lib/gcc/arm-none-eabi/10.3.1/../../../../arm-none-eabi/lib/thumb/v7e-m+fp/hard/libc_nano.a(lib_a-findfp.o)
                0x0000000008010708                __sf_fake_stdout
 .rodata.halF   0x0000000008010728       0x10 /Applications/STM32CubeIDE.app/Contents/Eclipse/plugins/com.st.stm32cube.ide.mcu.externaltools.gnu-tools-for-stm32.10.3-2021.10.macos64_1.0.0.202111181127/tools/bin/../lib/gcc/arm-none-eabi/10.3.1/../../../../arm-none-eabi/lib/thumb/v7e-m+fp/hard/libm.a(lib_a-e_exp.o)
 .rodata.ln2HI  0x0000000008010738       0x10 /Applications/STM32CubeIDE.app/Contents/Eclipse/plugins/com.st.stm32cube.ide.mcu.externaltools.gnu-tools-for-stm32.10.3-2021.10.macos64_1.0.0.202111181127/tools/bin/../lib/gcc/arm-none-eabi/10.3.1/../../../../arm-none-eabi/lib/thumb/v7e-m+fp/hard/libm.a(lib_a-e_exp.o)
 .rodata.ln2LO  0x0000000008010748       0x10 /Applications/STM32CubeIDE.app/Contents/Eclipse/plugins/com.st.stm32cube.ide.mcu.externaltools.gnu-tools-for-stm32.10.3-2021.10.macos64_1.0.0.202111181127/tools/bin/../lib/gcc/arm-none-eabi/10.3.1/../../../../arm-none-eabi/lib/thumb/v7e-m+fp/hard/libm.a(lib_a-e_exp.o)
                0x0000000008010758                . = ALIGN (0x4)

.ARM.extab      0x0000000008010758        0x0
                0x0000000008010758                . = ALIGN (0x4)
 *(.ARM.extab* .gnu.linkonce.armextab.*)
                0x0000000008010758                . = ALIGN (0x4)

.ARM            0x0000000008010758        0x8
                0x0000000008010758                . = ALIGN (0x4)
                0x0000000008010758                __exidx_start = .
 *(.ARM.exidx*)
 .ARM.exidx     0x0000000008010758        0x8 /Applications/STM32CubeIDE.app/Contents/Eclipse/plugins/com.st.stm32cube.ide.mcu.externaltools.gnu-tools-for-stm32.10.3-2021.10.macos64_1.0.0.202111181127/tools/bin/../lib/gcc/arm-none-eabi/10.3.1/thumb/v7e-m+fp/hard/libgcc.a(_udivmoddi4.o)
                0x0000000008010760                __exidx_end = .
                0x0000000008010760                . = ALIGN (0x4)

.rel.dyn        0x0000000008010760        0x0
 .rel.iplt      0x0000000008010760        0x0 /Applications/STM32CubeIDE.app/Contents/Eclipse/plugins/com.st.stm32cube.ide.mcu.externaltools.gnu-tools-for-stm32.10.3-2021.10.macos64_1.0.0.202111181127/tools/bin/../lib/gcc/arm-none-eabi/10.3.1/thumb/v7e-m+fp/hard/crtbegin.o

.preinit_array  0x0000000008010760        0x0
                0x0000000008010760                . = ALIGN (0x4)
                0x0000000008010760                PROVIDE (__preinit_array_start = .)
 *(.preinit_array*)
                0x0000000008010760                PROVIDE (__preinit_array_end = .)
                0x0000000008010760                . = ALIGN (0x4)

.init_array     0x0000000008010760        0x4
                0x0000000008010760                . = ALIGN (0x4)
                0x0000000008010760                PROVIDE (__init_array_start = .)
 *(SORT_BY_NAME(.init_array.*))
 *(.init_array*)
 .init_array    0x0000000008010760        0x4 /Applications/STM32CubeIDE.app/Contents/Eclipse/plugins/com.st.stm32cube.ide.mcu.externaltools.gnu-tools-for-stm32.10.3-2021.10.macos64_1.0.0.202111181127/tools/bin/../lib/gcc/arm-none-eabi/10.3.1/thumb/v7e-m+fp/hard/crtbegin.o
                0x0000000008010764                PROVIDE (__init_array_end = .)
                0x0000000008010764                . = ALIGN (0x4)

.fini_array     0x0000000008010764        0x4
                0x0000000008010764                . = ALIGN (0x4)
                [!provide]                        PROVIDE (__fini_array_start = .)
 *(SORT_BY_NAME(.fini_array.*))
 *(.fini_array*)
 .fini_array    0x0000000008010764        0x4 /Applications/STM32CubeIDE.app/Contents/Eclipse/plugins/com.st.stm32cube.ide.mcu.externaltools.gnu-tools-for-stm32.10.3-2021.10.macos64_1.0.0.202111181127/tools/bin/../lib/gcc/arm-none-eabi/10.3.1/thumb/v7e-m+fp/hard/crtbegin.o
                [!provide]                        PROVIDE (__fini_array_end = .)
                0x0000000008010768                . = ALIGN (0x4)
                0x0000000008010768                _sidata = LOADADDR (.data)

.data           0x0000000020000000      0x18c load address 0x0000000008010768
                0x0000000020000000                . = ALIGN (0x4)
                0x0000000020000000                _sdata = .
 *(.data)
 *(.data*)
 .data.uwTickPrio
                0x0000000020000000        0x4 ./Drivers/STM32F3xx_HAL_Driver/Src/stm32f3xx_hal.o
                0x0000000020000000                uwTickPrio
 .data.uwTickFreq
                0x0000000020000004        0x1 ./Drivers/STM32F3xx_HAL_Driver/Src/stm32f3xx_hal.o
                0x0000000020000004                uwTickFreq
 *fill*         0x0000000020000005        0x3 
 .data.uxCriticalNesting
                0x0000000020000008        0x4 ./Middlewares/Third_Party/FreeRTOS/Source/portable/GCC/ARM_CM4F/port.o
 .data.RES_DEVICE_COMM
                0x000000002000000c        0x1 ./Src/MS5837.o
                0x000000002000000c                RES_DEVICE_COMM
 .data.CONVERT_D1_COMM
                0x000000002000000d        0x1 ./Src/MS5837.o
                0x000000002000000d                CONVERT_D1_COMM
 .data.CONVERT_D2_COMM
                0x000000002000000e        0x1 ./Src/MS5837.o
                0x000000002000000e                CONVERT_D2_COMM
 *fill*         0x000000002000000f        0x1 
 .data.MS5837_conv_start_tick
                0x0000000020000010        0x4 ./Src/MS5837.o
                0x0000000020000010                MS5837_conv_start_tick
 .data.ImuRequestBuffer
                0x0000000020000014       0x1b ./Src/global.o
                0x0000000020000014                ImuRequestBuffer
 *fill*         0x000000002000002f        0x1 
 .data.ImuStartRequestBuffer
                0x0000000020000030       0x14 ./Src/global.o
                0x0000000020000030                ImuStartRequestBuffer
 .data.SystemCoreClock
                0x0000000020000044        0x4 ./Src/system_stm32f3xx.o
                0x0000000020000044                SystemCoreClock
 .data.KVMA     0x0000000020000048       0xe0 ./Src/thrusters.o
                0x0000000020000048                KVMA
 .data._impure_ptr
                0x0000000020000128        0x4 /Applications/STM32CubeIDE.app/Contents/Eclipse/plugins/com.st.stm32cube.ide.mcu.externaltools.gnu-tools-for-stm32.10.3-2021.10.macos64_1.0.0.202111181127/tools/bin/../lib/gcc/arm-none-eabi/10.3.1/../../../../arm-none-eabi/lib/thumb/v7e-m+fp/hard/libc_nano.a(lib_a-impure.o)
                0x0000000020000128                _impure_ptr
 .data.impure_data
                0x000000002000012c       0x60 /Applications/STM32CubeIDE.app/Contents/Eclipse/plugins/com.st.stm32cube.ide.mcu.externaltools.gnu-tools-for-stm32.10.3-2021.10.macos64_1.0.0.202111181127/tools/bin/../lib/gcc/arm-none-eabi/10.3.1/../../../../arm-none-eabi/lib/thumb/v7e-m+fp/hard/libc_nano.a(lib_a-impure.o)
 *(.RamFunc)
 *(.RamFunc*)
                0x000000002000018c                . = ALIGN (0x4)
                0x000000002000018c                _edata = .
                0x00000000080108f4                _siccmram = LOADADDR (.ccmram)

.igot.plt       0x000000002000018c        0x0 load address 0x00000000080108f4
 .igot.plt      0x000000002000018c        0x0 /Applications/STM32CubeIDE.app/Contents/Eclipse/plugins/com.st.stm32cube.ide.mcu.externaltools.gnu-tools-for-stm32.10.3-2021.10.macos64_1.0.0.202111181127/tools/bin/../lib/gcc/arm-none-eabi/10.3.1/thumb/v7e-m+fp/hard/crtbegin.o

.ccmram         0x0000000010000000        0x0 load address 0x00000000080108f4
                0x0000000010000000                . = ALIGN (0x4)
                0x0000000010000000                _sccmram = .
 *(.ccmram)
 *(.ccmram*)
                0x0000000010000000                . = ALIGN (0x4)
                0x0000000010000000                _eccmram = .
                0x0000000010000000                . = ALIGN (0x4)

.bss            0x0000000020000190     0x2e98
                0x0000000020000190                _sbss = .
                0x0000000020000190                __bss_start__ = _sbss
 *(.bss)
 .bss           0x0000000020000190       0x1c /Applications/STM32CubeIDE.app/Contents/Eclipse/plugins/com.st.stm32cube.ide.mcu.externaltools.gnu-tools-for-stm32.10.3-2021.10.macos64_1.0.0.202111181127/tools/bin/../lib/gcc/arm-none-eabi/10.3.1/thumb/v7e-m+fp/hard/crtbegin.o
 *(.bss*)
 .bss.uwTick    0x00000000200001ac        0x4 ./Drivers/STM32F3xx_HAL_Driver/Src/stm32f3xx_hal.o
                0x00000000200001ac                uwTick
 .bss.pFlash    0x00000000200001b0       0x20 ./Drivers/STM32F3xx_HAL_Driver/Src/stm32f3xx_hal_flash.o
                0x00000000200001b0                pFlash
 .bss.xQueueRegistry
                0x00000000200001d0       0x40 ./Middlewares/Third_Party/FreeRTOS/Source/queue.o
                0x00000000200001d0                xQueueRegistry
 .bss.pxCurrentTCB
                0x0000000020000210        0x4 ./Middlewares/Third_Party/FreeRTOS/Source/tasks.o
                0x0000000020000210                pxCurrentTCB
 .bss.pxReadyTasksLists