Archive member included to satisfy reference by file (symbol)

/Applications/STM32CubeIDE.app/Contents/Eclipse/plugins/com.st.stm32cube.ide.mcu.externaltools.gnu-tools-for-stm32.10.3-2021.10.macos64_1.0.0.202111181127/tools/bin/../lib/gcc/arm-none-eabi/10.3.1/../../../../arm-none-eabi/lib/thumb/v7e-m+fp/hard/libc_nano.a(lib_a-errno.o)
                              ./Core/Src/syscalls.o (__errno)
/Applications/STM32CubeIDE.app/Contents/Eclipse/plugins/com.st.stm32cube.ide.mcu.externaltools.gnu-tools-for-stm32.10.3-2021.10.macos64_1.0.0.202111181127/tools/bin/../lib/gcc/arm-none-eabi/10.3.1/../../../../arm-none-eabi/lib/thumb/v7e-m+fp/hard/libc_nano.a(lib_a-exit.o)
                              /Applications/STM32CubeIDE.app/Contents/Eclipse/plugins/com.st.stm32cube.ide.mcu.externaltools.gnu-tools-for-stm32.10.3-2021.10.macos64_1.0.0.202111181127/tools/bin/../lib/gcc/arm-none-eabi/10.3.1/../../../../arm-none-eabi/lib/thumb/v7e-m+fp/hard/crt0.o (exit)
/Applications/STM32CubeIDE.app/Contents/Eclipse/plugins/com.st.stm32cube.ide.mcu.externaltools.gnu-tools-for-stm32.10.3-2021.10.macos64_1.0.0.202111181127/tools/bin/../lib/gcc/arm-none-eabi/10.3.1/../../../../arm-none-eabi/lib/thumb/v7e-m+fp/hard/libc_nano.a(lib_a-findfp.o)
                              ./Middlewares/Third_Party/FreeRTOS/Source/tasks.o (__sf_fake_stderr)
/Applications/STM32CubeIDE.app/Contents/Eclipse/plugins/com.st.stm32cube.ide.mcu.externaltools.gnu-tools-for-stm32.10.3-2021.10.macos64_1.0.0.202111181127/tools/bin/../lib/gcc/arm-none-eabi/10.3.1/../../../../arm-none-eabi/lib/thumb/v7e-m+fp/hard/libc_nano.a(lib_a-fwalk.o)
                              /Applications/STM32CubeIDE.app/Contents/Eclipse/plugins/com.st.stm32cube.ide.mcu.externaltools.gnu-tools-for-stm32.10.3-2021.10.macos64_1.0.0.202111181127/tools/bin/../lib/gcc/arm-none-eabi/10.3.1/../../../../arm-none-eabi/lib/thumb/v7e-m+fp/hard/libc_nano.a(lib_a-findfp.o) (_fwalk)
/Applications/STM32CubeIDE.app/Contents/Eclipse/plugins/com.st.stm32cube.ide.mcu.externaltools.gnu-tools-for-stm32.10.3-2021.10.macos64_1.0.0.202111181127/tools/bin/../lib/gcc/arm-none-eabi/10.3.1/../../../../arm-none-eabi/lib/thumb/v7e-m+fp/hard/libc_nano.a(lib_a-impure.o)
                              /Applications/STM32CubeIDE.app/Contents/Eclipse/plugins/com.st.stm32cube.ide.mcu.externaltools.gnu-tools-for-stm32.10.3-2021.10.macos64_1.0.0.202111181127/tools/bin/../lib/gcc/arm-none-eabi/10.3.1/../../../../arm-none-eabi/lib/thumb/v7e-m+fp/hard/libc_nano.a(lib_a-exit.o) (_global_impure_ptr)
/Applications/STM32CubeIDE.app/Contents/Eclipse/plugins/com.st.stm32cube.ide.mcu.externaltools.gnu-tools-for-stm32.10.3-2021.10.macos64_1.0.0.202111181127/tools/bin/../lib/gcc/arm-none-eabi/10.3.1/../../../../arm-none-eabi/lib/thumb/v7e-m+fp/hard/libc_nano.a(lib_a-init.o)
                              /Applications/STM32CubeIDE.app/Contents/Eclipse/plugins/com.st.stm32cube.ide.mcu.externaltools.gnu-tools-for-stm32.10.3-2021.10.macos64_1.0.0.202111181127/tools/bin/../lib/gcc/arm-none-eabi/10.3.1/../../../../arm-none-eabi/lib/thumb/v7e-m+fp/hard/crt0.o (__libc_init_array)
/Applications/STM32CubeIDE.app/Contents/Eclipse/plugins/com.st.stm32cube.ide.mcu.externaltools.gnu-tools-for-stm32.10.3-2021.10.macos64_1.0.0.202111181127/tools/bin/../lib/gcc/arm-none-eabi/10.3.1/../../../../arm-none-eabi/lib/thumb/v7e-m+fp/hard/libc_nano.a(lib_a-lock.o)
                              /Applications/STM32CubeIDE.app/Contents/Eclipse/plugins/com.st.stm32cube.ide.mcu.externaltools.gnu-tools-for-stm32.10.3-2021.10.macos64_1.0.0.202111181127/tools/bin/../lib/gcc/arm-none-eabi/10.3.1/../../../../arm-none-eabi/lib/thumb/v7e-m+fp/hard/libc_nano.a(lib_a-findfp.o) (__retarget_lock_init_recursive)
/Applications/STM32CubeIDE.app/Contents/Eclipse/plugins/com.st.stm32cube.ide.mcu.externaltools.gnu-tools-for-stm32.10.3-2021.10.macos64_1.0.0.202111181127/tools/bin/../lib/gcc/arm-none-eabi/10.3.1/../../../../arm-none-eabi/lib/thumb/v7e-m+fp/hard/libc_nano.a(lib_a-memcpy-stub.o)
                              ./Core/Src/communication.o (memcpy)
/Applications/STM32CubeIDE.app/Contents/Eclipse/plugins/com.st.stm32cube.ide.mcu.externaltools.gnu-tools-for-stm32.10.3-2021.10.macos64_1.0.0.202111181127/tools/bin/../lib/gcc/arm-none-eabi/10.3.1/../../../../arm-none-eabi/lib/thumb/v7e-m+fp/hard/libc_nano.a(lib_a-memset.o)
                              /Applications/STM32CubeIDE.app/Contents/Eclipse/plugins/com.st.stm32cube.ide.mcu.externaltools.gnu-tools-for-stm32.10.3-2021.10.macos64_1.0.0.202111181127/tools/bin/../lib/gcc/arm-none-eabi/10.3.1/../../../../arm-none-eabi/lib/thumb/v7e-m+fp/hard/crt0.o (memset)
/Applications/STM32CubeIDE.app/Contents/Eclipse/plugins/com.st.stm32cube.ide.mcu.externaltools.gnu-tools-for-stm32.10.3-2021.10.macos64_1.0.0.202111181127/tools/bin/../lib/gcc/arm-none-eabi/10.3.1/../../../../arm-none-eabi/lib/thumb/v7e-m+fp/hard/libc_nano.a(lib_a-nano-mallocr.o)
[...]
Memory Configuration

Name             Origin             Length             Attributes
CCMRAM           0x0000000010000000 0x0000000000010000 xrw
RAM              0x0000000020000000 0x0000000000020000 xrw
FLASH            0x0000000008000000 0x0000000000080000 xr
*default*        0x0000000000000000 0xffffffffffffffff

Linker script and memory map

LOAD /Applications/STM32CubeIDE.app/Contents/Eclipse/plugins/com.st.stm32cube.ide.mcu.externaltools.gnu-tools-for-stm32.10.3-2021.10.macos64_1.0.0.202111181127/tools/bin/../lib/gcc/arm-none-eabi/10.3.1/thumb/v7e-m+fp/hard/crti.o
LOAD /Applications/STM32CubeIDE.app/Contents/Eclipse/plugins/com.st.stm32cube.ide.mcu.externaltools.gnu-tools-for-stm32.10.3-2021.10.macos64_1.0.0.202111181127/tools/bin/../lib/gcc/arm-none-eabi/10.3.1/thumb/v7e-m+fp/hard/crtbegin.o
LOAD /Applications/STM32CubeIDE.app/Contents/Eclipse/plugins/com.st.stm32cube.ide.mcu.externaltools.gnu-tools-for-stm32.10.3-2021.10.macos64_1.0.0.202111181127/tools/bin/../lib/gcc/arm-none-eabi/10.3.1/../../../../arm-none-eabi/lib/thumb/v7e-m+fp/hard/crt0.o
LOAD ./Core/Src/FreeRTOSTick.o
LOAD ./Core/Src/can.o
LOAD ./Core/Src/checksum.o
LOAD ./Core/Src/communication.o
LOAD ./Core/Src/dma.o
LOAD ./Core/Src/flash.o
LOAD ./Core/Src/freertos.o
LOAD ./Core/Src/global.o
LOAD ./Core/Src/gpio.o
LOAD ./Core/Src/i2c.o
LOAD ./Core/Src/main.o
LOAD ./Core/Src/stabilization.o
LOAD ./Core/Src/stm32f4xx_hal_msp.o
LOAD ./Core/Src/stm32f4xx_hal_timebase_tim.o
LOAD ./Core/Src/stm32f4xx_it.o
LOAD ./Core/Src/syscalls.o
LOAD ./Core/Src/sysmem.o
LOAD ./Core/Src/system_stm32f4xx.o
LOAD ./Core/Src/thrusters.o
LOAD ./Core/Src/tim.o
LOAD ./Core/Src/usart.o
LOAD ./Core/Startup/startup_stm32f407vetx.o
LOAD ./Drivers/STM32F4xx_HAL_Driver/Src/stm32f4xx_hal.o
LOAD ./Drivers/STM32F4xx_HAL_Driver/Src/stm32f4xx_hal_can.o
LOAD ./Drivers/STM32F4xx_HAL_Driver/Src/stm32f4xx_hal_cortex.o
LOAD ./Drivers/STM32F4xx_HAL_Driver/Src/stm32f4xx_hal_dma.o
LOAD ./Drivers/STM32F4xx_HAL_Driver/Src/stm32f4xx_hal_dma_ex.o
LOAD ./Drivers/STM32F4xx_HAL_Driver/Src/stm32f4xx_hal_exti.o
LOAD ./Drivers/STM32F4xx_HAL_Driver/Src/stm32f4xx_hal_flash.o
LOAD ./Drivers/STM32F4xx_HAL_Driver/Src/stm32f4xx_hal_flash_ex.o
LOAD ./Drivers/STM32F4xx_HAL_Driver/Src/stm32f4xx_hal_flash_ramfunc.o
LOAD ./Drivers/STM32F4xx_HAL_Driver/Src/stm32f4xx_hal_gpio.o
LOAD ./Drivers/STM32F4xx_HAL_Driver/Src/stm32f4xx_hal_i2c.o
LOAD ./Drivers/STM32F4xx_HAL_Driver/Src/stm32f4xx_hal_i2c_ex.o
LOAD ./Drivers/STM32F4xx_HAL_Driver/Src/stm32f4xx_hal_pwr.o
LOAD ./Drivers/STM32F4xx_HAL_Driver/Src/stm32f4xx_hal_pwr_ex.o
LOAD ./Drivers/STM32F4xx_HAL_Driver/Src/stm32f4xx_hal_rcc.o
LOAD ./Drivers/STM32F4xx_HAL_Driver/Src/stm32f4xx_hal_rcc_ex.o
LOAD ./Drivers/STM32F4xx_HAL_Driver/Src/stm32f4xx_hal_tim.o
LOAD ./Drivers/STM32F4xx_HAL_Driver/Src/stm32f4xx_hal_tim_ex.o
LOAD ./Drivers/STM32F4xx_HAL_Driver/Src/stm32f4xx_hal_uart.o
LOAD ./Middlewares/Third_Party/FreeRTOS/Source/CMSIS_RTOS_V2/cmsis_os2.o
LOAD ./Middlewares/Third_Party/FreeRTOS/Source/croutine.o
LOAD ./Middlewares/Third_Party/FreeRTOS/Source/event_groups.o
LOAD ./Middlewares/Third_Party/FreeRTOS/Source/list.o
LOAD ./Middlewares/Third_Party/FreeRTOS/Source/queue.o
LOAD ./Middlewares/Third_Party/FreeRTOS/Source/stream_buffer.o
LOAD ./Middlewares/Third_Party/FreeRTOS/Source/tasks.o
LOAD ./Middlewares/Third_Party/FreeRTOS/Source/timers.o
LOAD ./Middlewares/Third_Party/FreeRTOS/Source/portable/GCC/ARM_CM4F/port.o
LOAD ./Middlewares/Third_Party/FreeRTOS/Source/portable/MemMang/heap_4.o
START GROUP
LOAD /Applications/STM32CubeIDE.app/Contents/Eclipse/plugins/com.st.stm32cube.ide.mcu.externaltools.gnu-tools-for-stm32.10.3-2021.10.macos64_1.0.0.202111181127/tools/bin/../lib/gcc/arm-none-eabi/10.3.1/../../../../arm-none-eabi/lib/thumb/v7e-m+fp/hard/libc_nano.a
LOAD /Applications/STM32CubeIDE.app/Contents/Eclipse/plugins/com.st.stm32cube.ide.mcu.externaltools.gnu-tools-for-stm32.10.3-2021.10.macos64_1.0.0.202111181127/tools/bin/../lib/gcc/arm-none-eabi/10.3.1/../../../../arm-none-eabi/lib/thumb/v7e-m+fp/hard/libm.a
END GROUP
START GROUP
LOAD /Applications/STM32CubeIDE.app/Contents/Eclipse/plugins/com.st.stm32cube.ide.mcu.externaltools.gnu-tools-for-stm32.10.3-2021.10.macos64_1.0.0.202111181127/tools/bin/../lib/gcc/arm-none-eabi/10.3.1/thumb/v7e-m+fp/hard/libgcc.a
LOAD /Applications/STM32CubeIDE.app/Contents/Eclipse/plugins/com.st.stm32cube.ide.mcu.externaltools.gnu-tools-for-stm32.10.3-2021.10.macos64_1.0.0.202111181127/tools/bin/../lib/gcc/arm-none-eabi/10.3.1/../../../../arm-none-eabi/lib/thumb/v7e-m+fp/hard/libc_nano.a
END GROUP
START GROUP
LOAD /Applications/STM32CubeIDE.app/Contents/Eclipse/plugins/com.st.stm32cube.ide.mcu.externaltools.gnu-tools-for-stm32.10.3-2021.10.macos64_1.0.0.202111181127/tools/bin/../lib/gcc/arm-none-eabi/10.3.1/thumb/v7e-m+fp/hard/libgcc.a
LOAD /Applications/STM32CubeIDE.app/Contents/Eclipse/plugins/com.st.stm32cube.ide.mcu.externaltools.gnu-tools-for-stm32.10.3-2021.10.macos64_1.0.0.202111181127/tools/bin/../lib/gcc/arm-none-eabi/10.3.1/../../../../arm-none-eabi/lib/thumb/v7e-m+fp/hard/libc_nano.a
LOAD /Applications/STM32CubeIDE.app/Contents/Eclipse/plugins/com.st.stm32cube.ide.mcu.externaltools.gnu-tools-for-stm32.10.3-2021.10.macos64_1.0.0.202111181127/tools/bin/../lib/gcc/arm-none-eabi/10.3.1/../../../../arm-none-eabi/lib/thumb/v7e-m+fp/hard/libnosys.a
END GROUP
START GROUP
LOAD /Applications/STM32CubeIDE.app/Contents/Eclipse/plugins/com.st.stm32cube.ide.mcu.externaltools.gnu-tools-for-stm32.10.3-2021.10.macos64_1.0.0.202111181127/tools/bin/../lib/gcc/arm-none-eabi/10.3.1/thumb/v7e-m+fp/hard/libgcc.a
LOAD /Applications/STM32CubeIDE.app/Contents/Eclipse/plugins/com.st.stm32cube.ide.mcu.externaltools.gnu-tools-for-stm32.10.3-2021.10.macos64_1.0.0.202111181127/tools/bin/../lib/gcc/arm-none-eabi/10.3.1/../../../../arm-none-eabi/lib/thumb/v7e-m+fp/hard/libc_nano.a
LOAD /Applications/STM32CubeIDE.app/Contents/Eclipse/plugins/com.st.stm32cube.ide.mcu.externaltools.gnu-tools-for-stm32.10.3-2021.10.macos64_1.0.0.202111181127/tools/bin/../lib/gcc/arm-none-eabi/10.3.1/../../../../arm-none-eabi/lib/thumb/v7e-m+fp/hard/libnosys.a
END GROUP
LOAD /Applications/STM32CubeIDE.app/Contents/Eclipse/plugins/com.st.stm32cube.ide.mcu.externaltools.gnu-tools-for-stm32.10.3-2021.10.macos64_1.0.0.202111181127/tools/bin/../lib/gcc/arm-none-eabi/10.3.1/thumb/v7e-m+fp/hard/crtend.o
LOAD /Applications/STM32CubeIDE.app/Contents/Eclipse/plugins/com.st.stm32cube.ide.mcu.externaltools.gnu-tools-for-stm32.10.3-2021.10.macos64_1.0.0.202111181127/tools/bin/../lib/gcc/arm-none-eabi/10.3.1/thumb/v7e-m+fp/hard/crtn.o
                0x0000000020020000                _estack = (ORIGIN (RAM) + LENGTH (RAM))
                0x0000000000000200                _Min_Heap_Size = 0x200
                0x0000000000000400                _Min_Stack_Size = 0x400

.isr_vector     0x0000000008000000      0x188
                0x0000000008000000                . = ALIGN (0x4)
 *(.isr_vector)
 .isr_vector    0x0000000008000000      0x188 ./Core/Startup/startup_stm32f407vetx.o
                0x0000000008000000                g_pfnVectors
                0x0000000008000188                . = ALIGN (0x4)

.text           0x0000000008000190     0xe01c
                0x0000000008000190                . = ALIGN (0x4)
 *(.text)
 .text          0x0000000008000190       0x40 /Applications/STM32CubeIDE.app/Contents/Eclipse/plugins/com.st.stm32cube.ide.mcu.externaltools.gnu-tools-for-stm32.10.3-2021.10.macos64_1.0.0.202111181127/tools/bin/../lib/gcc/arm-none-eabi/10.3.1/thumb/v7e-m+fp/hard/crtbegin.o
 .text          0x00000000080001d0      0x378 /Applications/STM32CubeIDE.app/Contents/Eclipse/plugins/com.st.stm32cube.ide.mcu.externaltools.gnu-tools-for-stm32.10.3-2021.10.macos64_1.0.0.202111181127/tools/bin/../lib/gcc/arm-none-eabi/10.3.1/thumb/v7e-m+fp/hard/libgcc.a(_arm_addsubdf3.o)
                0x00000000080001d0                __aeabi_drsub
                0x00000000080001d8                __subdf3
                0x00000000080001d8                __aeabi_dsub
                0x00000000080001dc                __aeabi_dadd
                0x00000000080001dc                __adddf3
                0x0000000008000454                __aeabi_ui2d
                0x0000000008000454                __floatunsidf
                0x0000000008000474                __floatsidf
                0x0000000008000474                __aeabi_i2d
                0x0000000008000498                __extendsfdf2
                0x0000000008000498                __aeabi_f2d
                0x00000000080004dc                __aeabi_ul2d
                0x00000000080004dc                __floatundidf
                0x00000000080004ec                __aeabi_l2d
                0x00000000080004ec                __floatdidf
 .text          0x0000000008000548      0x424 /Applications/STM32CubeIDE.app/Contents/Eclipse/plugins/com.st.stm32cube.ide.mcu.externaltools.gnu-tools-for-stm32.10.3-2021.10.macos64_1.0.0.202111181127/tools/bin/../lib/gcc/arm-none-eabi/10.3.1/thumb/v7e-m+fp/hard/libgcc.a(_arm_muldivdf3.o)
                0x0000000008000548                __aeabi_dmul
                0x0000000008000548                __muldf3
                0x000000000800079c                __aeabi_ddiv
                0x000000000800079c                __divdf3
 .text          0x000000000800096c      0x110 /Applications/STM32CubeIDE.app/Contents/Eclipse/plugins/com.st.stm32cube.ide.mcu.externaltools.gnu-tools-for-stm32.10.3-2021.10.macos64_1.0.0.202111181127/tools/bin/../lib/gcc/arm-none-eabi/10.3.1/thumb/v7e-m+fp/hard/libgcc.a(_arm_cmpdf2.o)
                0x000000000800096c                __gedf2
                0x000000000800096c                __gtdf2
                0x0000000008000974                __ledf2
                0x0000000008000974                __ltdf2
                0x000000000800097c                __cmpdf2
                0x000000000800097c                __eqdf2
                0x000000000800097c                __nedf2
                0x00000000080009f8                __aeabi_cdrcmple
                0x0000000008000a08                __aeabi_cdcmple
                0x0000000008000a08                __aeabi_cdcmpeq
                0x0000000008000a18                __aeabi_dcmpeq
                0x0000000008000a2c                __aeabi_dcmplt
                0x0000000008000a40                __aeabi_dcmple
                0x0000000008000a54                __aeabi_dcmpge
                0x0000000008000a68                __aeabi_dcmpgt
 .text          0x0000000008000a7c       0x50 /Applications/STM32CubeIDE.app/Contents/Eclipse/plugins/com.st.stm32cube.ide.mcu.externaltools.gnu-tools-for-stm32.10.3-2021.10.macos64_1.0.0.202111181127/tools/bin/../lib/gcc/arm-none-eabi/10.3.1/thumb/v7e-m+fp/hard/libgcc.a(_arm_fixdfsi.o)
                0x0000000008000a7c                __fixdfsi
                0x0000000008000a7c                __aeabi_d2iz
 .text          0x0000000008000acc       0xa0 /Applications/STM32CubeIDE.app/Contents/Eclipse/plugins/com.st.stm32cube.ide.mcu.externaltools.gnu-tools-for-stm32.10.3-2021.10.macos64_1.0.0.202111181127/tools/bin/../lib/gcc/arm-none-eabi/10.3.1/thumb/v7e-m+fp/hard/libgcc.a(_arm_truncdfsf2.o)
                0x0000000008000acc                __aeabi_d2f
                0x0000000008000acc                __truncdfsf2
 .text          0x0000000008000b6c       0x30 /Applications/STM32CubeIDE.app/Contents/Eclipse/plugins/com.st.stm32cube.ide.mcu.externaltools.gnu-tools-for-stm32.10.3-2021.10.macos64_1.0.0.202111181127/tools/bin/../lib/gcc/arm-none-eabi/10.3.1/thumb/v7e-m+fp/hard/libgcc.a(_aeabi_uldivmod.o)
                0x0000000008000b6c                __aeabi_uldivmod
 .text          0x0000000008000b9c      0x2d0 /Applications/STM32CubeIDE.app/Contents/Eclipse/plugins/com.st.stm32cube.ide.mcu.externaltools.gnu-tools-for-stm32.10.3-2021.10.macos64_1.0.0.202111181127/tools/bin/../lib/gcc/arm-none-eabi/10.3.1/thumb/v7e-m+fp/hard/libgcc.a(_udivmoddi4.o)
                0x0000000008000b9c                __udivmoddi4
 .text          0x0000000008000e6c        0x4 /Applications/STM32CubeIDE.app/Contents/Eclipse/plugins/com.st.stm32cube.ide.mcu.externaltools.gnu-tools-for-stm32.10.3-2021.10.macos64_1.0.0.202111181127/tools/bin/../lib/gcc/arm-none-eabi/10.3.1/thumb/v7e-m+fp/hard/libgcc.a(_dvmd_tls.o)
                0x0000000008000e6c                __aeabi_ldiv0
                0x0000000008000e6c                __aeabi_idiv0
 *(.text*)
 .text.fromTickToMs
                0x0000000008000e70       0x38 ./Core/Src/FreeRTOSTick.o
                0x0000000008000e70                fromTickToMs
 .text.MX_CAN1_Init
                0x0000000008000ea8       0x6c ./Core/Src/can.o
                0x0000000008000ea8                MX_CAN1_Init
 .text.HAL_CAN_MspInit
                0x0000000008000f14       0xb0 ./Core/Src/can.o
                0x0000000008000f14                HAL_CAN_MspInit
 .text.GetCrc16Checksumm
                0x0000000008000fc4       0x7e ./Core/Src/checksum.o
                0x0000000008000fc4                GetCrc16Checksumm
 .text.IsCrc16ChecksummCorrect
                0x0000000008001042       0x40 ./Core/Src/checksum.o
                0x0000000008001042                IsCrc16ChecksummCorrect
 .text.AddCrc16Checksumm
                0x0000000008001082       0x32 ./Core/Src/checksum.o
                0x0000000008001082                AddCrc16Checksumm
 .text.IsChecksumm8bCorrect
                0x00000000080010b4       0x5a ./Core/Src/checksum.o
                0x00000000080010b4                IsChecksumm8bCorrect
 .text.AddChecksumm8b
                0x000000000800110e       0x50 ./Core/Src/checksum.o
                0x000000000800110e                AddChecksumm8b
 .text.IsChecksumm8bCorrectVma
                0x000000000800115e       0x5a ./Core/Src/checksum.o
                0x000000000800115e                IsChecksumm8bCorrectVma
 .text.AddChecksumm8bVma
                0x00000000080011b8       0x4c ./Core/Src/checksum.o
                0x00000000080011b8                AddChecksumm8bVma
 .text.PickBit  0x0000000008001204       0xd4 ./Core/Src/checksum.o
                0x0000000008001204                PickBit
 .text.transmitPackage
                0x00000000080012d8       0xd4 ./Core/Src/communication.o
                0x00000000080012d8                transmitPackage
 .text.transmitAndReceive
                0x00000000080013ac      0x11e ./Core/Src/communication.o
                0x00000000080013ac                transmitAndReceive
 *fill*         0x00000000080014ca        0x2 
 .text.HAL_UART_TxCpltCallback
                0x00000000080014cc       0x70 ./Core/Src/communication.o
                0x00000000080014cc                HAL_UART_TxCpltCallback
 .text.HAL_UART_RxCpltCallback
                0x000000000800153c       0x80 ./Core/Src/communication.o
                0x000000000800153c                HAL_UART_RxCpltCallback
 .text.receiveI2cPackageDMA
                0x00000000080015bc       0xa0 ./Core/Src/communication.o
                0x00000000080015bc                receiveI2cPackageDMA
 .text.HAL_I2C_MasterRxCpltCallback
                0x000000000800165c       0x2c ./Core/Src/communication.o
                0x000000000800165c                HAL_I2C_MasterRxCpltCallback
 .text.HAL_I2C_MasterTxCpltCallback
                0x0000000008001688       0x2c ./Core/Src/communication.o
                0x0000000008001688                HAL_I2C_MasterTxCpltCallback
 .text.SensorsResponseUpdate
                0x00000000080016b4       0x54 ./Core/Src/communication.o
                0x00000000080016b4                SensorsResponseUpdate
 .text.ShoreReceive
                0x0000000008001708      0x108 ./Core/Src/communication.o
                0x0000000008001708                ShoreReceive
 .text.DevicesRequestUpdate
                0x0000000008001810       0x94 ./Core/Src/communication.o
                0x0000000008001810                DevicesRequestUpdate
 .text.DevicesResponseUpdate
                0x00000000080018a4       0xd0 ./Core/Src/communication.o
                0x00000000080018a4                DevicesResponseUpdate
 .text.ShoreRequest
                0x0000000008001974      0x344 ./Core/Src/communication.o
                0x0000000008001974                ShoreRequest
 .text.ShoreConfigRequest
                0x0000000008001cb8      0x2ec ./Core/Src/communication.o
                0x0000000008001cb8                ShoreConfigRequest
 .text.ShoreDirectRequest
                0x0000000008001fa4      0x16c ./Core/Src/communication.o
                0x0000000008001fa4                ShoreDirectRequest
 .text.ShoreResponse
                0x0000000008002110       0x80 ./Core/Src/communication.o
                0x0000000008002110                ShoreResponse
 .text.ShoreConfigResponse
                0x0000000008002190      0x1ec ./Core/Src/communication.o
                0x0000000008002190                ShoreConfigResponse
 .text.ShoreDirectResponse
                0x000000000800237c       0x34 ./Core/Src/communication.o
                0x000000000800237c                ShoreDirectResponse
 .text.ImuReceive
                0x00000000080023b0       0x9c ./Core/Src/communication.o
                0x00000000080023b0                ImuReceive
 .text.MX_DMA_Init
                0x000000000800244c       0xac ./Core/Src/dma.o
                0x000000000800244c                MX_DMA_Init
 .text.flashWriteSettings
                0x00000000080024f8       0x7c ./Core/Src/flash.o
                0x00000000080024f8                flashWriteSettings
 .text.flashFillStructure
                0x0000000008002574      0x2d8 ./Core/Src/flash.o
                0x0000000008002574                flashFillStructure
 .text.MX_FREERTOS_Init
                0x000000000800284c      0x1b4 ./Core/Src/freertos.o
                0x000000000800284c                MX_FREERTOS_Init
 .text.StartDefaultTask
                0x0000000008002a00       0x10 ./Core/Src/freertos.o
                0x0000000008002a00                StartDefaultTask
 .text.func_tLedBlinkingTask
                0x0000000008002a10       0x44 ./Core/Src/freertos.o
                0x0000000008002a10                func_tLedBlinkingTask
 .text.func_tVmaCommTask
                0x0000000008002a54       0xcc ./Core/Src/freertos.o
                0x0000000008002a54                func_tVmaCommTask
 .text.func_tImuCommTask
                0x0000000008002b20       0xe0 ./Core/Src/freertos.o
                0x0000000008002b20                func_tImuCommTask
 .text.func_tStabilizationTask
                0x0000000008002c00       0x68 ./Core/Src/freertos.o
                0x0000000008002c00                func_tStabilizationTask
 .text.func_tDevCommTask
                0x0000000008002c68       0xdc ./Core/Src/freertos.o
                0x0000000008002c68                func_tDevCommTask
 .text.func_tSensCommTask
                0x0000000008002d44       0x54 ./Core/Src/freertos.o
                0x0000000008002d44                func_tSensCommTask
 .text.func_tPcCommTask
                0x0000000008002d98       0x10 ./Core/Src/freertos.o
                0x0000000008002d98                func_tPcCommTask
 .text.func_tUartTimer
                0x0000000008002da8      0x10c ./Core/Src/freertos.o
                0x0000000008002da8                func_tUartTimer
 .text.tSilence_func
                0x0000000008002eb4       0xd4 ./Core/Src/freertos.o
                0x0000000008002eb4                tSilence_func
 .text.tTechCommTImer_callback
                0x0000000008002f88       0x14 ./Core/Src/freertos.o
                0x0000000008002f88                tTechCommTImer_callback
 .text.MX_GPIO_Init
                0x0000000008002f9c       0xa4 ./Core/Src/gpio.o
                0x0000000008002f9c                MX_GPIO_Init
 .text.MX_I2C1_Init
                0x0000000008003040       0x5c ./Core/Src/i2c.o
                0x0000000008003040                MX_I2C1_Init
 .text.HAL_I2C_MspInit
                0x000000000800309c       0xa0 ./Core/Src/i2c.o
                0x000000000800309c                HAL_I2C_MspInit
 .text.main     0x000000000800313c       0x98 ./Core/Src/main.o
                0x000000000800313c                main
 .text.SystemClock_Config
                0x00000000080031d4       0xd0 ./Core/Src/main.o
                0x00000000080031d4                SystemClock_Config
 .text.HAL_TIM_PeriodElapsedCallback
                0x00000000080032a4       0x1e ./Core/Src/main.o
                0x00000000080032a4                HAL_TIM_PeriodElapsedCallback
 .text.Error_Handler
                0x00000000080032c2        0xa ./Core/Src/main.o
                0x00000000080032c2                Error_Handler
 .text.stabilizationStart
                0x00000000080032cc      0x1dc ./Core/Src/stabilization.o
                0x00000000080032cc                stabilizationStart
 .text.stabilizationUpdate
                0x00000000080034a8      0x53c ./Core/Src/stabilization.o
                0x00000000080034a8                stabilizationUpdate
 .text.HAL_MspInit
                0x00000000080039e4       0x58 ./Core/Src/stm32f4xx_hal_msp.o
                0x00000000080039e4                HAL_MspInit
 .text.HAL_InitTick
                0x0000000008003a3c       0xf8 ./Core/Src/stm32f4xx_hal_timebase_tim.o
                0x0000000008003a3c                HAL_InitTick
 .text.NMI_Handler
                0x0000000008003b34        0x6 ./Core/Src/stm32f4xx_it.o
                0x0000000008003b34                NMI_Handler
 .text.HardFault_Handler
                0x0000000008003b3a        0x6 ./Core/Src/stm32f4xx_it.o
                0x0000000008003b3a                HardFault_Handler
 .text.MemManage_Handler
                0x0000000008003b40        0x6 ./Core/Src/stm32f4xx_it.o
                0x0000000008003b40                MemManage_Handler
 .text.BusFault_Handler
                0x0000000008003b46        0x6 ./Core/Src/stm32f4xx_it.o
                0x0000000008003b46                BusFault_Handler
 .text.UsageFault_Handler
                0x0000000008003b4c        0x6 ./Core/Src/stm32f4xx_it.o
                0x0000000008003b4c                UsageFault_Handler
 .text.DebugMon_Handler
                0x0000000008003b52        0xe ./Core/Src/stm32f4xx_it.o
                0x0000000008003b52                DebugMon_Handler
 .text.DMA1_Stream1_IRQHandler
                0x0000000008003b60       0x14 ./Core/Src/stm32f4xx_it.o
                0x0000000008003b60                DMA1_Stream1_IRQHandler
 .text.DMA1_Stream3_IRQHandler
                0x0000000008003b74       0x14 ./Core/Src/stm32f4xx_it.o
                0x0000000008003b74                DMA1_Stream3_IRQHandler
 .text.DMA1_Stream5_IRQHandler
                0x0000000008003b88       0x14 ./Core/Src/stm32f4xx_it.o
                0x0000000008003b88                DMA1_Stream5_IRQHandler
 .text.DMA1_Stream6_IRQHandler
                0x0000000008003b9c       0x14 ./Core/Src/stm32f4xx_it.o
                0x0000000008003b9c                DMA1_Stream6_IRQHandler
 .text.CAN1_TX_IRQHandler
                0x0000000008003bb0       0x14 ./Core/Src/stm32f4xx_it.o
                0x0000000008003bb0                CAN1_TX_IRQHandler
 .text.CAN1_RX0_IRQHandler
                0x0000000008003bc4       0x14 ./Core/Src/stm32f4xx_it.o
                0x0000000008003bc4                CAN1_RX0_IRQHandler
 .text.TIM2_IRQHandler
                0x0000000008003bd8       0x14 ./Core/Src/stm32f4xx_it.o
                0x0000000008003bd8                TIM2_IRQHandler
 .text.I2C1_EV_IRQHandler
                0x0000000008003bec       0x14 ./Core/Src/stm32f4xx_it.o
                0x0000000008003bec                I2C1_EV_IRQHandler
 .text.USART1_IRQHandler
                0x0000000008003c00       0x14 ./Core/Src/stm32f4xx_it.o
                0x0000000008003c00                USART1_IRQHandler
 .text.USART2_IRQHandler
                0x0000000008003c14       0x14 ./Core/Src/stm32f4xx_it.o
                0x0000000008003c14                USART2_IRQHandler
 .text.USART3_IRQHandler
                0x0000000008003c28       0x14 ./Core/Src/stm32f4xx_it.o
                0x0000000008003c28                USART3_IRQHandler
 .text.DMA2_Stream2_IRQHandler
                0x0000000008003c3c       0x14 ./Core/Src/stm32f4xx_it.o
                0x0000000008003c3c                DMA2_Stream2_IRQHandler
 .text.DMA2_Stream7_IRQHandler
                0x0000000008003c50       0x14 ./Core/Src/stm32f4xx_it.o
                0x0000000008003c50                DMA2_Stream7_IRQHandler
 .text.SystemInit
                0x0000000008003c64       0x24 ./Core/Src/system_stm32f4xx.o
                0x0000000008003c64                SystemInit
 .text.resetThrusters
                0x0000000008003c88       0x84 ./Core/Src/thrusters.o
                0x0000000008003c88                resetThrusters
 .text.fillThrustersRequest
                0x0000000008003d0c       0xf4 ./Core/Src/thrusters.o
                0x0000000008003d0c                fillThrustersRequest
 .text.fillThrustersResponse
                0x0000000008003e00       0x78 ./Core/Src/thrusters.o
                0x0000000008003e00                fillThrustersResponse
 .text.formThrustVectors
                0x0000000008003e78       0xbc ./Core/Src/thrusters.o
                0x0000000008003e78                formThrustVectors
 .text.addMarchToSumm
                0x0000000008003f34       0x84 ./Core/Src/thrusters.o
                0x0000000008003f34                addMarchToSumm
 .text.addLagToSumm
                0x0000000008003fb8       0x70 ./Core/Src/thrusters.o
                0x0000000008003fb8                addLagToSumm
 .text.addDepthToSumm
                0x0000000008004028       0x6c ./Core/Src/thrusters.o
                0x0000000008004028                addDepthToSumm
 .text.addYawToSumm
                0x0000000008004094       0x70 ./Core/Src/thrusters.o
                0x0000000008004094                addYawToSumm
 .text.addRollToSumm
                0x0000000008004104       0x58 ./Core/Src/thrusters.o
                0x0000000008004104                addRollToSumm
 *fill*         0x000000000800415c        0x4 
 .text.addPitchToSumm
                0x0000000008004160       0xe4 ./Core/Src/thrusters.o
                0x0000000008004160                addPitchToSumm
 .text.resizeFloatToUint8
                0x0000000008004244       0x58 ./Core/Src/thrusters.o
                0x0000000008004244                resizeFloatToUint8
 .text.MX_TIM7_Init
                0x000000000800429c       0x68 ./Core/Src/tim.o
                0x000000000800429c                MX_TIM7_Init
 .text.HAL_TIM_Base_MspInit
                0x0000000008004304       0x44 ./Core/Src/tim.o
                0x0000000008004304                HAL_TIM_Base_MspInit
 .text.MX_USART1_UART_Init
                0x0000000008004348       0x54 ./Core/Src/usart.o
                0x0000000008004348                MX_USART1_UART_Init
 .text.MX_USART2_UART_Init
                0x000000000800439c       0x54 ./Core/Src/usart.o
                0x000000000800439c                MX_USART2_UART_Init
 .text.MX_USART3_UART_Init
                0x00000000080043f0       0x54 ./Core/Src/usart.o
                0x00000000080043f0                MX_USART3_UART_Init
 .text.HAL_UART_MspInit
                0x0000000008004444      0x408 ./Core/Src/usart.o
                0x0000000008004444                HAL_UART_MspInit
 .text.Reset_Handler
                0x000000000800484c       0x50 ./Core/Startup/startup_stm32f407vetx.o
                0x000000000800484c                Reset_Handler
 .text.Default_Handler
                0x000000000800489c        0x2 ./Core/Startup/startup_stm32f407vetx.o
                0x000000000800489c                DMA2_Stream6_IRQHandler
                0x000000000800489c                HASH_RNG_IRQHandler
                0x000000000800489c                EXTI2_IRQHandler
                0x000000000800489c                TIM8_CC_IRQHandler
                0x000000000800489c                TIM1_CC_IRQHandler
                0x000000000800489c                DMA2_Stream5_IRQHandler
                0x000000000800489c                PVD_IRQHandler
                0x000000000800489c                SDIO_IRQHandler
                0x000000000800489c                TAMP_STAMP_IRQHandler
                0x000000000800489c                CAN2_RX1_IRQHandler
                0x000000000800489c                EXTI3_IRQHandler
                0x000000000800489c                TIM8_TRG_COM_TIM14_IRQHandler
                0x000000000800489c                TIM1_UP_TIM10_IRQHandler
                0x000000000800489c                TIM8_UP_TIM13_IRQHandler
                0x000000000800489c                I2C3_ER_IRQHandler
                0x000000000800489c                EXTI0_IRQHandler
                0x000000000800489c                I2C2_EV_IRQHandler
                0x000000000800489c                DMA1_Stream2_IRQHandler
                0x000000000800489c                FPU_IRQHandler
                0x000000000800489c                OTG_HS_WKUP_IRQHandler
                0x000000000800489c                CAN2_SCE_IRQHandler
                0x000000000800489c                SPI1_IRQHandler
                0x000000000800489c                TIM6_DAC_IRQHandler
                0x000000000800489c                TIM1_BRK_TIM9_IRQHandler
                0x000000000800489c                DCMI_IRQHandler
                0x000000000800489c                CAN2_RX0_IRQHandler
                0x000000000800489c                DMA2_Stream3_IRQHandler
                0x000000000800489c                USART6_IRQHandler
                0x000000000800489c                CAN1_RX1_IRQHandler
                0x000000000800489c                UART5_IRQHandler
                0x000000000800489c                DMA2_Stream0_IRQHandler
                0x000000000800489c                TIM4_IRQHandler
                0x000000000800489c                UART4_IRQHandler
                0x000000000800489c                TIM3_IRQHandler
                0x000000000800489c                RCC_IRQHandler
                0x000000000800489c                TIM8_BRK_TIM12_IRQHandler
                0x000000000800489c                Default_Handler
                0x000000000800489c                EXTI15_10_IRQHandler
                0x000000000800489c                ADC_IRQHandler
                0x000000000800489c                DMA1_Stream7_IRQHandler
                0x000000000800489c                TIM7_IRQHandler
                0x000000000800489c                CAN2_TX_IRQHandler
                0x000000000800489c                TIM5_IRQHandler
                0x000000000800489c                I2C3_EV_IRQHandler
                0x000000000800489c                EXTI9_5_IRQHandler
                0x000000000800489c                RTC_WKUP_IRQHandler
                0x000000000800489c                ETH_WKUP_IRQHandler
                0x000000000800489c                SPI2_IRQHandler
                0x000000000800489c                OTG_HS_EP1_IN_IRQHandler
                0x000000000800489c                DMA1_Stream0_IRQHandler
                0x000000000800489c                EXTI4_IRQHandler
                0x000000000800489c                FSMC_IRQHandler
                0x000000000800489c                ETH_IRQHandler
                0x000000000800489c                OTG_HS_EP1_OUT_IRQHandler
                0x000000000800489c                WWDG_IRQHandler
                0x000000000800489c                OTG_FS_WKUP_IRQHandler
                0x000000000800489c                TIM1_TRG_COM_TIM11_IRQHandler
                0x000000000800489c                OTG_HS_IRQHandler
                0x000000000800489c                EXTI1_IRQHandler
                0x000000000800489c                I2C2_ER_IRQHandler
                0x000000000800489c                DMA2_Stream1_IRQHandler
                0x000000000800489c                CAN1_SCE_IRQHandler
                0x000000000800489c                FLASH_IRQHandler
                0x000000000800489c                DMA2_Stream4_IRQHandler
                0x000000000800489c                OTG_FS_IRQHandler
                0x000000000800489c                SPI3_IRQHandler
                0x000000000800489c                DMA1_Stream4_IRQHandler
                0x000000000800489c                I2C1_ER_IRQHandler
                0x000000000800489c                RTC_Alarm_IRQHandler
 *fill*         0x000000000800489e        0x2 
 .text.HAL_Init
                0x00000000080048a0       0x44 ./Drivers/STM32F4xx_HAL_Driver/Src/stm32f4xx_hal.o
                0x00000000080048a0                HAL_Init
 .text.HAL_IncTick
                0x00000000080048e4       0x28 ./Drivers/STM32F4xx_HAL_Driver/Src/stm32f4xx_hal.o
                0x00000000080048e4                HAL_IncTick
 .text.HAL_GetTick
                0x000000000800490c       0x18 ./Drivers/STM32F4xx_HAL_Driver/Src/stm32f4xx_hal.o
                0x000000000800490c                HAL_GetTick
 .text.HAL_Delay
                0x0000000008004924       0x48 ./Drivers/STM32F4xx_HAL_Driver/Src/stm32f4xx_hal.o
                0x0000000008004924                HAL_Delay
 .text.HAL_CAN_Init
                0x000000000800496c      0x1f6 ./Drivers/STM32F4xx_HAL_Driver/Src/stm32f4xx_hal_can.o
                0x000000000800496c                HAL_CAN_Init
 .text.HAL_CAN_IRQHandler
                0x0000000008004b62      0x36e ./Drivers/STM32F4xx_HAL_Driver/Src/stm32f4xx_hal_can.o
                0x0000000008004b62                HAL_CAN_IRQHandler
 .text.HAL_CAN_TxMailbox0CompleteCallback
                0x0000000008004ed0       0x14 ./Drivers/STM32F4xx_HAL_Driver/Src/stm32f4xx_hal_can.o
                0x0000000008004ed0                HAL_CAN_TxMailbox0CompleteCallback
 .text.HAL_CAN_TxMailbox1CompleteCallback
                0x0000000008004ee4       0x14 ./Drivers/STM32F4xx_HAL_Driver/Src/stm32f4xx_hal_can.o
                0x0000000008004ee4                HAL_CAN_TxMailbox1CompleteCallback
 .text.HAL_CAN_TxMailbox2CompleteCallback
                0x0000000008004ef8       0x14 ./Drivers/STM32F4xx_HAL_Driver/Src/stm32f4xx_hal_can.o
                0x0000000008004ef8                HAL_CAN_TxMailbox2CompleteCallback
 .text.HAL_CAN_TxMailbox0AbortCallback
                0x0000000008004f0c       0x14 ./Drivers/STM32F4xx_HAL_Driver/Src/stm32f4xx_hal_can.o
                0x0000000008004f0c                HAL_CAN_TxMailbox0AbortCallback
 .text.HAL_CAN_TxMailbox1AbortCallback
                0x0000000008004f20       0x14 ./Drivers/STM32F4xx_HAL_Driver/Src/stm32f4xx_hal_can.o
                0x0000000008004f20                HAL_CAN_TxMailbox1AbortCallback
 .text.HAL_CAN_TxMailbox2AbortCallback
                0x0000000008004f34       0x14 ./Drivers/STM32F4xx_HAL_Driver/Src/stm32f4xx_hal_can.o
                0x0000000008004f34                HAL_CAN_TxMailbox2AbortCallback
 .text.HAL_CAN_RxFifo0MsgPendingCallback
                0x0000000008004f48       0x14 ./Drivers/STM32F4xx_HAL_Driver/Src/stm32f4xx_hal_can.o
                0x0000000008004f48                HAL_CAN_RxFifo0MsgPendingCallback
 .text.HAL_CAN_RxFifo0FullCallback
                0x0000000008004f5c       0x14 ./Drivers/STM32F4xx_HAL_Driver/Src/stm32f4xx_hal_can.o
                0x0000000008004f5c                HAL_CAN_RxFifo0FullCallback
 .text.HAL_CAN_RxFifo1MsgPendingCallback
                0x0000000008004f70       0x14 ./Drivers/STM32F4xx_HAL_Driver/Src/stm32f4xx_hal_can.o
                0x0000000008004f70                HAL_CAN_RxFifo1MsgPendingCallback
 .text.HAL_CAN_RxFifo1FullCallback
                0x0000000008004f84       0x14 ./Drivers/STM32F4xx_HAL_Driver/Src/stm32f4xx_hal_can.o
                0x0000000008004f84                HAL_CAN_RxFifo1FullCallback
 .text.HAL_CAN_SleepCallback
                0x0000000008004f98       0x14 ./Drivers/STM32F4xx_HAL_Driver/Src/stm32f4xx_hal_can.o
                0x0000000008004f98                HAL_CAN_SleepCallback
 .text.HAL_CAN_WakeUpFromRxMsgCallback
                0x0000000008004fac       0x14 ./Drivers/STM32F4xx_HAL_Driver/Src/stm32f4xx_hal_can.o
                0x0000000008004fac                HAL_CAN_WakeUpFromRxMsgCallback
 .text.HAL_CAN_ErrorCallback
                0x0000000008004fc0       0x14 ./Drivers/STM32F4xx_HAL_Driver/Src/stm32f4xx_hal_can.o
                0x0000000008004fc0                HAL_CAN_ErrorCallback
 .text.__NVIC_SetPriorityGrouping
                0x0000000008004fd4       0x48 ./Drivers/STM32F4xx_HAL_Driver/Src/stm32f4xx_hal_cortex.o
 .text.__NVIC_GetPriorityGrouping
                0x000000000800501c       0x1c ./Drivers/STM32F4xx_HAL_Driver/Src/stm32f4xx_hal_cortex.o
 .text.__NVIC_EnableIRQ
                0x0000000008005038       0x3c ./Drivers/STM32F4xx_HAL_Driver/Src/stm32f4xx_hal_cortex.o
 .text.__NVIC_SetPriority
                0x0000000008005074       0x54 ./Drivers/STM32F4xx_HAL_Driver/Src/stm32f4xx_hal_cortex.o
 .text.NVIC_EncodePriority
                0x00000000080050c8       0x66 ./Drivers/STM32F4xx_HAL_Driver/Src/stm32f4xx_hal_cortex.o
 .text.HAL_NVIC_SetPriorityGrouping
                0x000000000800512e       0x16 ./Drivers/STM32F4xx_HAL_Driver/Src/stm32f4xx_hal_cortex.o
                0x000000000800512e                HAL_NVIC_SetPriorityGrouping
 .text.HAL_NVIC_SetPriority
                0x0000000008005144       0x38 ./Drivers/STM32F4xx_HAL_Driver/Src/stm32f4xx_hal_cortex.o
                0x0000000008005144                HAL_NVIC_SetPriority
 .text.HAL_NVIC_EnableIRQ
                0x000000000800517c       0x1c ./Drivers/STM32F4xx_HAL_Driver/Src/stm32f4xx_hal_cortex.o
                0x000000000800517c                HAL_NVIC_EnableIRQ
 .text.HAL_DMA_Init
                0x0000000008005198      0x15c ./Drivers/STM32F4xx_HAL_Driver/Src/stm32f4xx_hal_dma.o
                0x0000000008005198                HAL_DMA_Init
 .text.HAL_DMA_Start_IT
                0x00000000080052f4       0xb0 ./Drivers/STM32F4xx_HAL_Driver/Src/stm32f4xx_hal_dma.o
                0x00000000080052f4                HAL_DMA_Start_IT
 .text.HAL_DMA_Abort
                0x00000000080053a4       0xe0 ./Drivers/STM32F4xx_HAL_Driver/Src/stm32f4xx_hal_dma.o
                0x00000000080053a4                HAL_DMA_Abort
 .text.HAL_DMA_Abort_IT
                0x0000000008005484       0x44 ./Drivers/STM32F4xx_HAL_Driver/Src/stm32f4xx_hal_dma.o
                0x0000000008005484                HAL_DMA_Abort_IT
 .text.HAL_DMA_IRQHandler
                0x00000000080054c8      0x314 ./Drivers/STM32F4xx_HAL_Driver/Src/stm32f4xx_hal_dma.o
                0x00000000080054c8                HAL_DMA_IRQHandler
 .text.HAL_DMA_GetState
                0x00000000080057dc       0x1c ./Drivers/STM32F4xx_HAL_Driver/Src/stm32f4xx_hal_dma.o
                0x00000000080057dc                HAL_DMA_GetState
 .text.DMA_SetConfig
                0x00000000080057f8       0x5c ./Drivers/STM32F4xx_HAL_Driver/Src/stm32f4xx_hal_dma.o
 .text.DMA_CalcBaseAndBitshift
                0x0000000008005854       0x6c ./Drivers/STM32F4xx_HAL_Driver/Src/stm32f4xx_hal_dma.o
 .text.DMA_CheckFifoParam
                0x00000000080058c0       0xf8 ./Drivers/STM32F4xx_HAL_Driver/Src/stm32f4xx_hal_dma.o
 .text.HAL_FLASH_Program
                0x00000000080059b8       0xa8 ./Drivers/STM32F4xx_HAL_Driver/Src/stm32f4xx_hal_flash.o
                0x00000000080059b8                HAL_FLASH_Program
 .text.HAL_FLASH_Unlock
                0x0000000008005a60       0x44 ./Drivers/STM32F4xx_HAL_Driver/Src/stm32f4xx_hal_flash.o
                0x0000000008005a60                HAL_FLASH_Unlock
 .text.HAL_FLASH_Lock
                0x0000000008005aa4       0x20 ./Drivers/STM32F4xx_HAL_Driver/Src/stm32f4xx_hal_flash.o
                0x0000000008005aa4                HAL_FLASH_Lock
 .text.FLASH_WaitForLastOperation
                0x0000000008005ac4       0x80 ./Drivers/STM32F4xx_HAL_Driver/Src/stm32f4xx_hal_flash.o
                0x0000000008005ac4                FLASH_WaitForLastOperation
 .text.FLASH_Program_DoubleWord
                0x0000000008005b44       0x64 ./Drivers/STM32F4xx_HAL_Driver/Src/stm32f4xx_hal_flash.o
 .text.FLASH_Program_Word
                0x0000000008005ba8       0x44 ./Drivers/STM32F4xx_HAL_Driver/Src/stm32f4xx_hal_flash.o
 .text.FLASH_Program_HalfWord
                0x0000000008005bec       0x48 ./Drivers/STM32F4xx_HAL_Driver/Src/stm32f4xx_hal_flash.o
 .text.FLASH_Program_Byte
                0x0000000008005c34       0x44 ./Drivers/STM32F4xx_HAL_Driver/Src/stm32f4xx_hal_flash.o
 .text.FLASH_SetErrorCode
                0x0000000008005c78       0xac ./Drivers/STM32F4xx_HAL_Driver/Src/stm32f4xx_hal_flash.o
 .text.HAL_FLASHEx_Erase
                0x0000000008005d24       0xe0 ./Drivers/STM32F4xx_HAL_Driver/Src/stm32f4xx_hal_flash_ex.o
                0x0000000008005d24                HAL_FLASHEx_Erase
 .text.FLASH_MassErase
                0x0000000008005e04       0x48 ./Drivers/STM32F4xx_HAL_Driver/Src/stm32f4xx_hal_flash_ex.o
 .text.FLASH_Erase_Sector
                0x0000000008005e4c       0x90 ./Drivers/STM32F4xx_HAL_Driver/Src/stm32f4xx_hal_flash_ex.o
                0x0000000008005e4c                FLASH_Erase_Sector
 .text.FLASH_FlushCaches
                0x0000000008005edc       0x8c ./Drivers/STM32F4xx_HAL_Driver/Src/stm32f4xx_hal_flash_ex.o
                0x0000000008005edc                FLASH_FlushCaches
 .text.HAL_GPIO_Init
                0x0000000008005f68      0x338 ./Drivers/STM32F4xx_HAL_Driver/Src/stm32f4xx_hal_gpio.o
                0x0000000008005f68                HAL_GPIO_Init
 .text.HAL_GPIO_WritePin
                0x00000000080062a0       0x32 ./Drivers/STM32F4xx_HAL_Driver/Src/stm32f4xx_hal_gpio.o
                0x00000000080062a0                HAL_GPIO_WritePin
 .text.HAL_GPIO_TogglePin
                0x00000000080062d2       0x34 ./Drivers/STM32F4xx_HAL_Driver/Src/stm32f4xx_hal_gpio.o
                0x00000000080062d2                HAL_GPIO_TogglePin
 *fill*         0x0000000008006306        0x2 
 .text.HAL_I2C_Init
                0x0000000008006308      0x288 ./Drivers/STM32F4xx_HAL_Driver/Src/stm32f4xx_hal_i2c.o
                0x0000000008006308                HAL_I2C_Init
 .text.HAL_I2C_Master_Receive_IT
                0x0000000008006590      0x15c ./Drivers/STM32F4xx_HAL_Driver/Src/stm32f4xx_hal_i2c.o
                0x0000000008006590                HAL_I2C_Master_Receive_IT
 .text.HAL_I2C_EV_IRQHandler
                0x00000000080066ec      0x2e2 ./Drivers/STM32F4xx_HAL_Driver/Src/stm32f4xx_hal_i2c.o
                0x00000000080066ec                HAL_I2C_EV_IRQHandler
 .text.HAL_I2C_SlaveTxCpltCallback
                0x00000000080069ce       0x14 ./Drivers/STM32F4xx_HAL_Driver/Src/stm32f4xx_hal_i2c.o
                0x00000000080069ce                HAL_I2C_SlaveTxCpltCallback
 .text.HAL_I2C_SlaveRxCpltCallback
                0x00000000080069e2       0x14 ./Drivers/STM32F4xx_HAL_Driver/Src/stm32f4xx_hal_i2c.o
                0x00000000080069e2                HAL_I2C_SlaveRxCpltCallback
 .text.HAL_I2C_AddrCallback
                0x00000000080069f6       0x1c ./Drivers/STM32F4xx_HAL_Driver/Src/stm32f4xx_hal_i2c.o
                0x00000000080069f6                HAL_I2C_AddrCallback
 .text.HAL_I2C_ListenCpltCallback
                0x0000000008006a12       0x14 ./Drivers/STM32F4xx_HAL_Driver/Src/stm32f4xx_hal_i2c.o
                0x0000000008006a12                HAL_I2C_ListenCpltCallback
 .text.HAL_I2C_MemTxCpltCallback
                0x0000000008006a26       0x14 ./Drivers/STM32F4xx_HAL_Driver/Src/stm32f4xx_hal_i2c.o
                0x0000000008006a26                HAL_I2C_MemTxCpltCallback
 .text.HAL_I2C_MemRxCpltCallback
                0x0000000008006a3a       0x14 ./Drivers/STM32F4xx_HAL_Driver/Src/stm32f4xx_hal_i2c.o
                0x0000000008006a3a                HAL_I2C_MemRxCpltCallback
 .text.HAL_I2C_ErrorCallback
                0x0000000008006a4e       0x14 ./Drivers/STM32F4xx_HAL_Driver/Src/stm32f4xx_hal_i2c.o
                0x0000000008006a4e                HAL_I2C_ErrorCallback
 .text.HAL_I2C_AbortCpltCallback
                0x0000000008006a62       0x14 ./Drivers/STM32F4xx_HAL_Driver/Src/stm32f4xx_hal_i2c.o
                0x0000000008006a62                HAL_I2C_AbortCpltCallback
 .text.I2C_MasterTransmit_TXE
                0x0000000008006a76      0x138 ./Drivers/STM32F4xx_HAL_Driver/Src/stm32f4xx_hal_i2c.o
 .text.I2C_MasterTransmit_BTF
                0x0000000008006bae       0xec ./Drivers/STM32F4xx_HAL_Driver/Src/stm32f4xx_hal_i2c.o
 .text.I2C_MemoryTransmit_TXE_BTF
                0x0000000008006c9a      0x128 ./Drivers/STM32F4xx_HAL_Driver/Src/stm32f4xx_hal_i2c.o
 .text.I2C_MasterReceive_RXNE
                0x0000000008006dc2      0x176 ./Drivers/STM32F4xx_HAL_Driver/Src/stm32f4xx_hal_i2c.o
 .text.I2C_MasterReceive_BTF
                0x0000000008006f38      0x1d4 ./Drivers/STM32F4xx_HAL_Driver/Src/stm32f4xx_hal_i2c.o
 .text.I2C_Master_SB
                0x000000000800710c      0x10c ./Drivers/STM32F4xx_HAL_Driver/Src/stm32f4xx_hal_i2c.o
 .text.I2C_Master_ADD10
                0x0000000008007218       0x54 ./Drivers/STM32F4xx_HAL_Driver/Src/stm32f4xx_hal_i2c.o
 .text.I2C_Master_ADDR
                0x000000000800726c      0x322 ./Drivers/STM32F4xx_HAL_Driver/Src/stm32f4xx_hal_i2c.o
 .text.I2C_SlaveTransmit_TXE
                0x000000000800758e       0x7a ./Drivers/STM32F4xx_HAL_Driver/Src/stm32f4xx_hal_i2c.o
 .text.I2C_SlaveTransmit_BTF
                0x0000000008007608       0x42 ./Drivers/STM32F4xx_HAL_Driver/Src/stm32f4xx_hal_i2c.o
 .text.I2C_SlaveReceive_RXNE
                0x000000000800764a       0x7c ./Drivers/STM32F4xx_HAL_Driver/Src/stm32f4xx_hal_i2c.o
 .text.I2C_SlaveReceive_BTF
                0x00000000080076c6       0x44 ./Drivers/STM32F4xx_HAL_Driver/Src/stm32f4xx_hal_i2c.o
 .text.I2C_Slave_ADDR
                0x000000000800770a       0x94 ./Drivers/STM32F4xx_HAL_Driver/Src/stm32f4xx_hal_i2c.o
 *fill*         0x000000000800779e        0x2 
 .text.I2C_Slave_STOPF
                0x00000000080077a0      0x260 ./Drivers/STM32F4xx_HAL_Driver/Src/stm32f4xx_hal_i2c.o
 .text.I2C_ITError
                0x0000000008007a00      0x264 ./Drivers/STM32F4xx_HAL_Driver/Src/stm32f4xx_hal_i2c.o
 .text.I2C_DMAAbort
                0x0000000008007c64      0x150 ./Drivers/STM32F4xx_HAL_Driver/Src/stm32f4xx_hal_i2c.o
 .text.I2C_WaitOnSTOPRequestThroughIT
                0x0000000008007db4       0x64 ./Drivers/STM32F4xx_HAL_Driver/Src/stm32f4xx_hal_i2c.o
 .text.I2C_ConvertOtherXferOptions
                0x0000000008007e18       0x36 ./Drivers/STM32F4xx_HAL_Driver/Src/stm32f4xx_hal_i2c.o
 *fill*         0x0000000008007e4e        0x2 
 .text.HAL_RCC_OscConfig
                0x0000000008007e50      0x4f0 ./Drivers/STM32F4xx_HAL_Driver/Src/stm32f4xx_hal_rcc.o
                0x0000000008007e50                HAL_RCC_OscConfig
 .text.HAL_RCC_ClockConfig
                0x0000000008008340      0x1cc ./Drivers/STM32F4xx_HAL_Driver/Src/stm32f4xx_hal_rcc.o
                0x0000000008008340                HAL_RCC_ClockConfig
 .text.HAL_RCC_GetSysClockFreq
                0x000000000800850c      0x18c ./Drivers/STM32F4xx_HAL_Driver/Src/stm32f4xx_hal_rcc.o
                0x000000000800850c                HAL_RCC_GetSysClockFreq
 .text.HAL_RCC_GetHCLKFreq
                0x0000000008008698       0x18 ./Drivers/STM32F4xx_HAL_Driver/Src/stm32f4xx_hal_rcc.o
                0x0000000008008698                HAL_RCC_GetHCLKFreq
 .text.HAL_RCC_GetPCLK1Freq
                0x00000000080086b0       0x28 ./Drivers/STM32F4xx_HAL_Driver/Src/stm32f4xx_hal_rcc.o
                0x00000000080086b0                HAL_RCC_GetPCLK1Freq
 .text.HAL_RCC_GetPCLK2Freq
                0x00000000080086d8       0x28 ./Drivers/STM32F4xx_HAL_Driver/Src/stm32f4xx_hal_rcc.o
                0x00000000080086d8                HAL_RCC_GetPCLK2Freq
 .text.HAL_RCC_GetClockConfig
                0x0000000008008700       0x64 ./Drivers/STM32F4xx_HAL_Driver/Src/stm32f4xx_hal_rcc.o
                0x0000000008008700                HAL_RCC_GetClockConfig
 .text.HAL_TIM_Base_Init
                0x0000000008008764       0x9e ./Drivers/STM32F4xx_HAL_Driver/Src/stm32f4xx_hal_tim.o
                0x0000000008008764                HAL_TIM_Base_Init
 *fill*         0x0000000008008802        0x2 
 .text.HAL_TIM_Base_Start_IT
                0x0000000008008804       0xe0 ./Drivers/STM32F4xx_HAL_Driver/Src/stm32f4xx_hal_tim.o
                0x0000000008008804                HAL_TIM_Base_Start_IT
 .text.HAL_TIM_IRQHandler
                0x00000000080088e4      0x210 ./Drivers/STM32F4xx_HAL_Driver/Src/stm32f4xx_hal_tim.o
                0x00000000080088e4                HAL_TIM_IRQHandler
 .text.HAL_TIM_OC_DelayElapsedCallback
                0x0000000008008af4       0x14 ./Drivers/STM32F4xx_HAL_Driver/Src/stm32f4xx_hal_tim.o
                0x0000000008008af4                HAL_TIM_OC_DelayElapsedCallback
 .text.HAL_TIM_IC_CaptureCallback
                0x0000000008008b08       0x14 ./Drivers/STM32F4xx_HAL_Driver/Src/stm32f4xx_hal_tim.o
                0x0000000008008b08                HAL_TIM_IC_CaptureCallback
 .text.HAL_TIM_PWM_PulseFinishedCallback
                0x0000000008008b1c       0x14 ./Drivers/STM32F4xx_HAL_Driver/Src/stm32f4xx_hal_tim.o
                0x0000000008008b1c                HAL_TIM_PWM_PulseFinishedCallback
 .text.HAL_TIM_TriggerCallback
                0x0000000008008b30       0x14 ./Drivers/STM32F4xx_HAL_Driver/Src/stm32f4xx_hal_tim.o
                0x0000000008008b30                HAL_TIM_TriggerCallback
 .text.TIM_Base_SetConfig
                0x0000000008008b44      0x140 ./Drivers/STM32F4xx_HAL_Driver/Src/stm32f4xx_hal_tim.o
                0x0000000008008b44                TIM_Base_SetConfig
 .text.HAL_TIMEx_MasterConfigSynchronization
                0x0000000008008c84       0xf8 ./Drivers/STM32F4xx_HAL_Driver/Src/stm32f4xx_hal_tim_ex.o
                0x0000000008008c84                HAL_TIMEx_MasterConfigSynchronization
 .text.HAL_TIMEx_CommutCallback
                0x0000000008008d7c       0x14 ./Drivers/STM32F4xx_HAL_Driver/Src/stm32f4xx_hal_tim_ex.o
                0x0000000008008d7c                HAL_TIMEx_CommutCallback
 .text.HAL_TIMEx_BreakCallback
                0x0000000008008d90       0x14 ./Drivers/STM32F4xx_HAL_Driver/Src/stm32f4xx_hal_tim_ex.o
                0x0000000008008d90                HAL_TIMEx_BreakCallback
 .text.HAL_UART_Init
                0x0000000008008da4       0x9a ./Drivers/STM32F4xx_HAL_Driver/Src/stm32f4xx_hal_uart.o
                0x0000000008008da4                HAL_UART_Init
 .text.HAL_UART_Transmit_IT
                0x0000000008008e3e       0x8a ./Drivers/STM32F4xx_HAL_Driver/Src/stm32f4xx_hal_uart.o
                0x0000000008008e3e                HAL_UART_Transmit_IT
 .text.HAL_UART_Receive_IT
                0x0000000008008ec8       0x60 ./Drivers/STM32F4xx_HAL_Driver/Src/stm32f4xx_hal_uart.o
                0x0000000008008ec8                HAL_UART_Receive_IT
 .text.HAL_UART_Transmit_DMA
                0x0000000008008f28       0xfc ./Drivers/STM32F4xx_HAL_Driver/Src/stm32f4xx_hal_uart.o
                0x0000000008008f28                HAL_UART_Transmit_DMA
 .text.HAL_UART_Receive_DMA
                0x0000000008009024       0x60 ./Drivers/STM32F4xx_HAL_Driver/Src/stm32f4xx_hal_uart.o
                0x0000000008009024                HAL_UART_Receive_DMA
 .text.HAL_UART_AbortTransmit_IT
                0x0000000008009084       0xe8 ./Drivers/STM32F4xx_HAL_Driver/Src/stm32f4xx_hal_uart.o
                0x0000000008009084                HAL_UART_AbortTransmit_IT
 .text.HAL_UART_AbortReceive_IT
                0x000000000800916c      0x164 ./Drivers/STM32F4xx_HAL_Driver/Src/stm32f4xx_hal_uart.o
                0x000000000800916c                HAL_UART_AbortReceive_IT
 .text.HAL_UART_IRQHandler
                0x00000000080092d0      0x51c ./Drivers/STM32F4xx_HAL_Driver/Src/stm32f4xx_hal_uart.o
                0x00000000080092d0                HAL_UART_IRQHandler
 .text.HAL_UART_TxHalfCpltCallback
                0x00000000080097ec       0x14 ./Drivers/STM32F4xx_HAL_Driver/Src/stm32f4xx_hal_uart.o
                0x00000000080097ec                HAL_UART_TxHalfCpltCallback
 .text.HAL_UART_RxHalfCpltCallback
                0x0000000008009800       0x14 ./Drivers/STM32F4xx_HAL_Driver/Src/stm32f4xx_hal_uart.o
                0x0000000008009800                HAL_UART_RxHalfCpltCallback
 .text.HAL_UART_ErrorCallback
                0x0000000008009814       0x14 ./Drivers/STM32F4xx_HAL_Driver/Src/stm32f4xx_hal_uart.o
                0x0000000008009814                HAL_UART_ErrorCallback
 .text.HAL_UART_AbortTransmitCpltCallback
                0x0000000008009828       0x14 ./Drivers/STM32F4xx_HAL_Driver/Src/stm32f4xx_hal_uart.o
                0x0000000008009828                HAL_UART_AbortTransmitCpltCallback
 .text.HAL_UART_AbortReceiveCpltCallback
                0x000000000800983c       0x14 ./Drivers/STM32F4xx_HAL_Driver/Src/stm32f4xx_hal_uart.o
                0x000000000800983c                HAL_UART_AbortReceiveCpltCallback
 .text.HAL_UARTEx_RxEventCallback
                0x0000000008009850       0x18 ./Drivers/STM32F4xx_HAL_Driver/Src/stm32f4xx_hal_uart.o
                0x0000000008009850                HAL_UARTEx_RxEventCallback
 .text.UART_DMATransmitCplt
                0x0000000008009868       0x9a ./Drivers/STM32F4xx_HAL_Driver/Src/stm32f4xx_hal_uart.o
 .text.UART_DMATxHalfCplt
                0x0000000008009902       0x1c ./Drivers/STM32F4xx_HAL_Driver/Src/stm32f4xx_hal_uart.o
 .text.UART_DMAReceiveCplt
                0x000000000800991e      0x126 ./Drivers/STM32F4xx_HAL_Driver/Src/stm32f4xx_hal_uart.o
 .text.UART_DMARxHalfCplt
                0x0000000008009a44       0x36 ./Drivers/STM32F4xx_HAL_Driver/Src/stm32f4xx_hal_uart.o
 .text.UART_DMAError
                0x0000000008009a7a       0x94 ./Drivers/STM32F4xx_HAL_Driver/Src/stm32f4xx_hal_uart.o
 .text.UART_Start_Receive_IT
                0x0000000008009b0e       0x7c ./Drivers/STM32F4xx_HAL_Driver/Src/stm32f4xx_hal_uart.o
                0x0000000008009b0e                UART_Start_Receive_IT
 *fill*         0x0000000008009b8a        0x2 
 .text.UART_Start_Receive_DMA
                0x0000000008009b8c      0x13c ./Drivers/STM32F4xx_HAL_Driver/Src/stm32f4xx_hal_uart.o
                0x0000000008009b8c                UART_Start_Receive_DMA
 .text.UART_EndTxTransfer
                0x0000000008009cc8       0x50 ./Drivers/STM32F4xx_HAL_Driver/Src/stm32f4xx_hal_uart.o
 .text.UART_EndRxTransfer
                0x0000000008009d18       0xc6 ./Drivers/STM32F4xx_HAL_Driver/Src/stm32f4xx_hal_uart.o
 .text.UART_DMAAbortOnError
                0x0000000008009dde       0x28 ./Drivers/STM32F4xx_HAL_Driver/Src/stm32f4xx_hal_uart.o
 .text.UART_DMATxOnlyAbortCallback
                0x0000000008009e06       0x2a ./Drivers/STM32F4xx_HAL_Driver/Src/stm32f4xx_hal_uart.o
 .text.UART_DMARxOnlyAbortCallback
                0x0000000008009e30       0x30 ./Drivers/STM32F4xx_HAL_Driver/Src/stm32f4xx_hal_uart.o
 .text.UART_Transmit_IT
                0x0000000008009e60       0xa0 ./Drivers/STM32F4xx_HAL_Driver/Src/stm32f4xx_hal_uart.o
 .text.UART_EndTransmit_IT
                0x0000000008009f00       0x30 ./Drivers/STM32F4xx_HAL_Driver/Src/stm32f4xx_hal_uart.o
 .text.UART_Receive_IT
                0x0000000008009f30      0x176 ./Drivers/STM32F4xx_HAL_Driver/Src/stm32f4xx_hal_uart.o
 *fill*         0x000000000800a0a6        0x2 
 .text.UART_SetConfig
                0x000000000800a0a8      0x4e8 ./Drivers/STM32F4xx_HAL_Driver/Src/stm32f4xx_hal_uart.o
 .text.__NVIC_SetPriority
                0x000000000800a590       0x54 ./Middlewares/Third_Party/FreeRTOS/Source/CMSIS_RTOS_V2/cmsis_os2.o
 .text.SysTick_Handler
                0x000000000800a5e4       0x20 ./Middlewares/Third_Party/FreeRTOS/Source/CMSIS_RTOS_V2/cmsis_os2.o
                0x000000000800a5e4                SysTick_Handler
 .text.SVC_Setup
                0x000000000800a604       0x12 ./Middlewares/Third_Party/FreeRTOS/Source/CMSIS_RTOS_V2/cmsis_os2.o
 *fill*         0x000000000800a616        0x2 
 .text.osKernelInitialize
                0x000000000800a618       0x48 ./Middlewares/Third_Party/FreeRTOS/Source/CMSIS_RTOS_V2/cmsis_os2.o
                0x000000000800a618                osKernelInitialize
 .text.osKernelStart
                0x000000000800a660       0x4c ./Middlewares/Third_Party/FreeRTOS/Source/CMSIS_RTOS_V2/cmsis_os2.o
                0x000000000800a660                osKernelStart
 .text.osThreadNew
                0x000000000800a6ac      0x124 ./Middlewares/Third_Party/FreeRTOS/Source/CMSIS_RTOS_V2/cmsis_os2.o
                0x000000000800a6ac                osThreadNew
 .text.osDelay  0x000000000800a7d0       0x36 ./Middlewares/Third_Party/FreeRTOS/Source/CMSIS_RTOS_V2/cmsis_os2.o
                0x000000000800a7d0                osDelay
 .text.osDelayUntil
                0x000000000800a806       0x5a ./Middlewares/Third_Party/FreeRTOS/Source/CMSIS_RTOS_V2/cmsis_os2.o
                0x000000000800a806                osDelayUntil
 .text.TimerCallback
                0x000000000800a860       0x2a ./Middlewares/Third_Party/FreeRTOS/Source/CMSIS_RTOS_V2/cmsis_os2.o
 *fill*         0x000000000800a88a        0x2 
 .text.osTimerNew
                0x000000000800a88c       0xf8 ./Middlewares/Third_Party/FreeRTOS/Source/CMSIS_RTOS_V2/cmsis_os2.o
                0x000000000800a88c                osTimerNew
 .text.osMutexNew
                0x000000000800a984      0x10c ./Middlewares/Third_Party/FreeRTOS/Source/CMSIS_RTOS_V2/cmsis_os2.o
                0x000000000800a984                osMutexNew
 .text.vApplicationGetIdleTaskMemory
                0x000000000800aa90       0x34 ./Middlewares/Third_Party/FreeRTOS/Source/CMSIS_RTOS_V2/cmsis_os2.o
                0x000000000800aa90                vApplicationGetIdleTaskMemory
 .text.vApplicationGetTimerTaskMemory
                0x000000000800aac4       0x34 ./Middlewares/Third_Party/FreeRTOS/Source/CMSIS_RTOS_V2/cmsis_os2.o
                0x000000000800aac4                vApplicationGetTimerTaskMemory
 .text.vListInitialise
                0x000000000800aaf8       0x40 ./Middlewares/Third_Party/FreeRTOS/Source/list.o
                0x000000000800aaf8                vListInitialise
 .text.vListInitialiseItem
                0x000000000800ab38       0x1a ./Middlewares/Third_Party/FreeRTOS/Source/list.o
                0x000000000800ab38                vListInitialiseItem
 .text.vListInsertEnd
                0x000000000800ab52       0x48 ./Middlewares/Third_Party/FreeRTOS/Source/list.o
                0x000000000800ab52                vListInsertEnd
 .text.vListInsert
                0x000000000800ab9a       0x72 ./Middlewares/Third_Party/FreeRTOS/Source/list.o
                0x000000000800ab9a                vListInsert
 .text.uxListRemove
                0x000000000800ac0c       0x54 ./Middlewares/Third_Party/FreeRTOS/Source/list.o
                0x000000000800ac0c                uxListRemove
 .text.xQueueGenericReset
                0x000000000800ac60       0xd0 ./Middlewares/Third_Party/FreeRTOS/Source/queue.o
                0x000000000800ac60                xQueueGenericReset
 .text.xQueueGenericCreateStatic
                0x000000000800ad30       0xf0 ./Middlewares/Third_Party/FreeRTOS/Source/queue.o
                0x000000000800ad30                xQueueGenericCreateStatic
 .text.xQueueGenericCreate
                0x000000000800ae20       0x74 ./Middlewares/Third_Party/FreeRTOS/Source/queue.o
                0x000000000800ae20                xQueueGenericCreate
 .text.prvInitialiseNewQueue
                0x000000000800ae94       0x46 ./Middlewares/Third_Party/FreeRTOS/Source/queue.o
 .text.prvInitialiseMutex
                0x000000000800aeda       0x34 ./Middlewares/Third_Party/FreeRTOS/Source/queue.o
 .text.xQueueCreateMutex
                0x000000000800af0e       0x30 ./Middlewares/Third_Party/FreeRTOS/Source/queue.o
                0x000000000800af0e                xQueueCreateMutex
 .text.xQueueCreateMutexStatic
                0x000000000800af3e       0x36 ./Middlewares/Third_Party/FreeRTOS/Source/queue.o
                0x000000000800af3e                xQueueCreateMutexStatic
 .text.xQueueGenericSend
                0x000000000800af74      0x1fc ./Middlewares/Third_Party/FreeRTOS/Source/queue.o
                0x000000000800af74                xQueueGenericSend
 .text.xQueueGenericSendFromISR
                0x000000000800b170      0x136 ./Middlewares/Third_Party/FreeRTOS/Source/queue.o
                0x000000000800b170                xQueueGenericSendFromISR
 *fill*         0x000000000800b2a6        0x2 
 .text.xQueueReceive
                0x000000000800b2a8      0x1c0 ./Middlewares/Third_Party/FreeRTOS/Source/queue.o
                0x000000000800b2a8                xQueueReceive
 .text.xQueueSemaphoreTake
                0x000000000800b468      0x218 ./Middlewares/Third_Party/FreeRTOS/Source/queue.o
                0x000000000800b468                xQueueSemaphoreTake
 .text.prvGetDisinheritPriorityAfterTimeout
                0x000000000800b680       0x30 ./Middlewares/Third_Party/FreeRTOS/Source/queue.o
 .text.prvCopyDataToQueue
                0x000000000800b6b0       0xd4 ./Middlewares/Third_Party/FreeRTOS/Source/queue.o
 .text.prvCopyDataFromQueue
                0x000000000800b784       0x4c ./Middlewares/Third_Party/FreeRTOS/Source/queue.o
 .text.prvUnlockQueue
                0x000000000800b7d0       0xa4 ./Middlewares/Third_Party/FreeRTOS/Source/queue.o
 .text.prvIsQueueEmpty
                0x000000000800b874       0x2c ./Middlewares/Third_Party/FreeRTOS/Source/queue.o
 .text.prvIsQueueFull
                0x000000000800b8a0       0x30 ./Middlewares/Third_Party/FreeRTOS/Source/queue.o
 .text.vQueueAddToRegistry
                0x000000000800b8d0       0x54 ./Middlewares/Third_Party/FreeRTOS/Source/queue.o
                0x000000000800b8d0                vQueueAddToRegistry
 .text.vQueueWaitForMessageRestricted
                0x000000000800b924       0x68 ./Middlewares/Third_Party/FreeRTOS/Source/queue.o
                0x000000000800b924                vQueueWaitForMessageRestricted
 .text.xTaskCreateStatic
                0x000000000800b98c       0xba ./Middlewares/Third_Party/FreeRTOS/Source/tasks.o
                0x000000000800b98c                xTaskCreateStatic
 .text.xTaskCreate
                0x000000000800ba46       0x8a ./Middlewares/Third_Party/FreeRTOS/Source/tasks.o
                0x000000000800ba46                xTaskCreate
 .text.prvInitialiseNewTask
                0x000000000800bad0      0x14c ./Middlewares/Third_Party/FreeRTOS/Source/tasks.o
 .text.prvAddNewTaskToReadyList
                0x000000000800bc1c       0xe0 ./Middlewares/Third_Party/FreeRTOS/Source/tasks.o
 .text.vTaskDelayUntil
                0x000000000800bcfc       0xfc ./Middlewares/Third_Party/FreeRTOS/Source/tasks.o
                0x000000000800bcfc                vTaskDelayUntil
 .text.vTaskDelay
                0x000000000800bdf8       0x68 ./Middlewares/Third_Party/FreeRTOS/Source/tasks.o
                0x000000000800bdf8                vTaskDelay
 .text.vTaskStartScheduler
                0x000000000800be60       0xe0 ./Middlewares/Third_Party/FreeRTOS/Source/tasks.o
                0x000000000800be60                vTaskStartScheduler
 .text.vTaskSuspendAll
                0x000000000800bf40       0x1c ./Middlewares/Third_Party/FreeRTOS/Source/tasks.o
                0x000000000800bf40                vTaskSuspendAll
 .text.xTaskResumeAll
                0x000000000800bf5c      0x13c ./Middlewares/Third_Party/FreeRTOS/Source/tasks.o
                0x000000000800bf5c                xTaskResumeAll
 .text.xTaskGetTickCount
                0x000000000800c098       0x20 ./Middlewares/Third_Party/FreeRTOS/Source/tasks.o
                0x000000000800c098                xTaskGetTickCount
 .text.xTaskGetTickCountFromISR
                0x000000000800c0b8       0x24 ./Middlewares/Third_Party/FreeRTOS/Source/tasks.o
                0x000000000800c0b8                xTaskGetTickCountFromISR
 .text.xTaskIncrementTick
                0x000000000800c0dc      0x174 ./Middlewares/Third_Party/FreeRTOS/Source/tasks.o
                0x000000000800c0dc                xTaskIncrementTick
 .text.vTaskSwitchContext
                0x000000000800c250       0xc8 ./Middlewares/Third_Party/FreeRTOS/Source/tasks.o
                0x000000000800c250                vTaskSwitchContext
 .text.vTaskPlaceOnEventList
                0x000000000800c318       0x48 ./Middlewares/Third_Party/FreeRTOS/Source/tasks.o
                0x000000000800c318                vTaskPlaceOnEventList
 .text.vTaskPlaceOnEventListRestricted
                0x000000000800c360       0x58 ./Middlewares/Third_Party/FreeRTOS/Source/tasks.o
                0x000000000800c360                vTaskPlaceOnEventListRestricted
 .text.xTaskRemoveFromEventList
                0x000000000800c3b8       0xc8 ./Middlewares/Third_Party/FreeRTOS/Source/tasks.o
                0x000000000800c3b8                xTaskRemoveFromEventList
 .text.vTaskInternalSetTimeOutState
                0x000000000800c480       0x2c ./Middlewares/Third_Party/FreeRTOS/Source/tasks.o
                0x000000000800c480                vTaskInternalSetTimeOutState
 .text.xTaskCheckForTimeOut
                0x000000000800c4ac       0xc4 ./Middlewares/Third_Party/FreeRTOS/Source/tasks.o
                0x000000000800c4ac                xTaskCheckForTimeOut
 .text.vTaskMissedYield
                0x000000000800c570       0x18 ./Middlewares/Third_Party/FreeRTOS/Source/tasks.o
                0x000000000800c570                vTaskMissedYield
 .text.prvIdleTask
                0x000000000800c588       0x30 ./Middlewares/Third_Party/FreeRTOS/Source/tasks.o
 .text.prvInitialiseTaskLists
                0x000000000800c5b8       0x80 ./Middlewares/Third_Party/FreeRTOS/Source/tasks.o
 .text.prvCheckTasksWaitingTermination
                0x000000000800c638       0x5c ./Middlewares/Third_Party/FreeRTOS/Source/tasks.o
 .text.prvDeleteTCB
                0x000000000800c694       0x68 ./Middlewares/Third_Party/FreeRTOS/Source/tasks.o
 .text.prvResetNextTaskUnblockTime
                0x000000000800c6fc       0x40 ./Middlewares/Third_Party/FreeRTOS/Source/tasks.o
 .text.xTaskGetSchedulerState
                0x000000000800c73c       0x3c ./Middlewares/Third_Party/FreeRTOS/Source/tasks.o
                0x000000000800c73c                xTaskGetSchedulerState
 .text.xTaskPriorityInherit
                0x000000000800c778       0xd0 ./Middlewares/Third_Party/FreeRTOS/Source/tasks.o
                0x000000000800c778                xTaskPriorityInherit
 .text.xTaskPriorityDisinherit
                0x000000000800c848       0xdc ./Middlewares/Third_Party/FreeRTOS/Source/tasks.o
                0x000000000800c848                xTaskPriorityDisinherit
 .text.vTaskPriorityDisinheritAfterTimeout
                0x000000000800c924      0x104 ./Middlewares/Third_Party/FreeRTOS/Source/tasks.o
                0x000000000800c924                vTaskPriorityDisinheritAfterTimeout
 .text.pvTaskIncrementMutexHeldCount
                0x000000000800ca28       0x28 ./Middlewares/Third_Party/FreeRTOS/Source/tasks.o
                0x000000000800ca28                pvTaskIncrementMutexHeldCount
 .text.prvAddCurrentTaskToDelayedList
                0x000000000800ca50       0xa8 ./Middlewares/Third_Party/FreeRTOS/Source/tasks.o
 .text.xTimerCreateTimerTask
                0x000000000800caf8       0x90 ./Middlewares/Third_Party/FreeRTOS/Source/timers.o
                0x000000000800caf8                xTimerCreateTimerTask
 .text.xTimerCreate
                0x000000000800cb88       0x42 ./Middlewares/Third_Party/FreeRTOS/Source/timers.o
                0x000000000800cb88                xTimerCreate
 .text.xTimerCreateStatic
                0x000000000800cbca       0x7c ./Middlewares/Third_Party/FreeRTOS/Source/timers.o
                0x000000000800cbca                xTimerCreateStatic
 .text.prvInitialiseNewTimer
                0x000000000800cc46       0x76 ./Middlewares/Third_Party/FreeRTOS/Source/timers.o
 .text.xTimerGenericCommand
                0x000000000800ccbc       0x9c ./Middlewares/Third_Party/FreeRTOS/Source/timers.o
                0x000000000800ccbc                xTimerGenericCommand
 .text.prvProcessExpiredTimer
                0x000000000800cd58       0x98 ./Middlewares/Third_Party/FreeRTOS/Source/timers.o
 .text.prvTimerTask
                0x000000000800cdf0       0x24 ./Middlewares/Third_Party/FreeRTOS/Source/timers.o
 .text.prvProcessTimerOrBlockTask
                0x000000000800ce14       0x9c ./Middlewares/Third_Party/FreeRTOS/Source/timers.o
 .text.prvGetNextExpireTime
                0x000000000800ceb0       0x48 ./Middlewares/Third_Party/FreeRTOS/Source/timers.o
 .text.prvSampleTimeNow
                0x000000000800cef8       0x40 ./Middlewares/Third_Party/FreeRTOS/Source/timers.o
 .text.prvInsertTimerInActiveList
                0x000000000800cf38       0x84 ./Middlewares/Third_Party/FreeRTOS/Source/timers.o
 .text.prvProcessReceivedCommands
                0x000000000800cfbc      0x1c4 ./Middlewares/Third_Party/FreeRTOS/Source/timers.o
 .text.prvSwitchTimerLists
                0x000000000800d180       0xc8 ./Middlewares/Third_Party/FreeRTOS/Source/timers.o
 .text.prvCheckForValidListAndQueue
                0x000000000800d248       0x80 ./Middlewares/Third_Party/FreeRTOS/Source/timers.o
 .text.pvTimerGetTimerID
                0x000000000800d2c8       0x40 ./Middlewares/Third_Party/FreeRTOS/Source/timers.o
                0x000000000800d2c8                pvTimerGetTimerID
 .text.pxPortInitialiseStack
                0x000000000800d308       0x68 ./Middlewares/Third_Party/FreeRTOS/Source/portable/GCC/ARM_CM4F/port.o
                0x000000000800d308                pxPortInitialiseStack
 .text.prvTaskExitError
                0x000000000800d370       0x58 ./Middlewares/Third_Party/FreeRTOS/Source/portable/GCC/ARM_CM4F/port.o
 *fill*         0x000000000800d3c8        0x8 
 .text.SVC_Handler
                0x000000000800d3d0       0x28 ./Middlewares/Third_Party/FreeRTOS/Source/portable/GCC/ARM_CM4F/port.o
                0x000000000800d3d0                SVC_Handler
 .text.prvPortStartFirstTask
                0x000000000800d3f8       0x28 ./Middlewares/Third_Party/FreeRTOS/Source/portable/GCC/ARM_CM4F/port.o
 .text.xPortStartScheduler
                0x000000000800d420      0x144 ./Middlewares/Third_Party/FreeRTOS/Source/portable/GCC/ARM_CM4F/port.o
                0x000000000800d420                xPortStartScheduler
 .text.vPortEnterCritical
                0x000000000800d564       0x60 ./Middlewares/Third_Party/FreeRTOS/Source/portable/GCC/ARM_CM4F/port.o
                0x000000000800d564                vPortEnterCritical
 .text.vPortExitCritical
                0x000000000800d5c4       0x54 ./Middlewares/Third_Party/FreeRTOS/Source/portable/GCC/ARM_CM4F/port.o
                0x000000000800d5c4                vPortExitCritical
 *fill*         0x000000000800d618        0x8 
 .text.PendSV_Handler
                0x000000000800d620       0x68 ./Middlewares/Third_Party/FreeRTOS/Source/portable/GCC/ARM_CM4F/port.o
                0x000000000800d620                PendSV_Handler
 .text.xPortSysTickHandler
                0x000000000800d688       0x44 ./Middlewares/Third_Party/FreeRTOS/Source/portable/GCC/ARM_CM4F/port.o
                0x000000000800d688                xPortSysTickHandler
 .text.vPortSetupTimerInterrupt
                0x000000000800d6cc       0x48 ./Middlewares/Third_Party/FreeRTOS/Source/portable/GCC/ARM_CM4F/port.o
                0x000000000800d6cc                vPortSetupTimerInterrupt
 .text.vPortEnableVFP
                0x000000000800d714       0x14 ./Middlewares/Third_Party/FreeRTOS/Source/portable/GCC/ARM_CM4F/port.o
 .text.vPortValidateInterruptPriority
                0x000000000800d728       0x80 ./Middlewares/Third_Party/FreeRTOS/Source/portable/GCC/ARM_CM4F/port.o
                0x000000000800d728                vPortValidateInterruptPriority
 .text.pvPortMalloc
                0x000000000800d7a8      0x198 ./Middlewares/Third_Party/FreeRTOS/Source/portable/MemMang/heap_4.o
                0x000000000800d7a8                pvPortMalloc
 .text.vPortFree
                0x000000000800d940       0xc4 ./Middlewares/Third_Party/FreeRTOS/Source/portable/MemMang/heap_4.o
                0x000000000800d940                vPortFree
 .text.prvHeapInit
                0x000000000800da04       0xc4 ./Middlewares/Third_Party/FreeRTOS/Source/portable/MemMang/heap_4.o
 .text.prvInsertBlockIntoFreeList
                0x000000000800dac8       0xb4 ./Middlewares/Third_Party/FreeRTOS/Source/portable/MemMang/heap_4.o
 .text.__errno  0x000000000800db7c        0xc /Applications/STM32CubeIDE.app/Contents/Eclipse/plugins/com.st.stm32cube.ide.mcu.externaltools.gnu-tools-for-stm32.10.3-2021.10.macos64_1.0.0.202111181127/tools/bin/../lib/gcc/arm-none-eabi/10.3.1/../../../../arm-none-eabi/lib/thumb/v7e-m+fp/hard/libc_nano.a(lib_a-errno.o)
                0x000000000800db7c                __errno
 .text.__libc_init_array
                0x000000000800db88       0x48 /Applications/STM32CubeIDE.app/Contents/Eclipse/plugins/com.st.stm32cube.ide.mcu.externaltools.gnu-tools-for-stm32.10.3-2021.10.macos64_1.0.0.202111181127/tools/bin/../lib/gcc/arm-none-eabi/10.3.1/../../../../arm-none-eabi/lib/thumb/v7e-m+fp/hard/libc_nano.a(lib_a-init.o)
                0x000000000800db88                __libc_init_array
 .text.__retarget_lock_acquire_recursive
                0x000000000800dbd0        0x2 /Applications/STM32CubeIDE.app/Contents/Eclipse/plugins/com.st.stm32cube.ide.mcu.externaltools.gnu-tools-for-stm32.10.3-2021.10.macos64_1.0.0.202111181127/tools/bin/../lib/gcc/arm-none-eabi/10.3.1/../../../../arm-none-eabi/lib/thumb/v7e-m+fp/hard/libc_nano.a(lib_a-lock.o)
                0x000000000800dbd0                __retarget_lock_acquire_recursive
 .text.__retarget_lock_release_recursive
                0x000000000800dbd2        0x2 /Applications/STM32CubeIDE.app/Contents/Eclipse/plugins/com.st.stm32cube.ide.mcu.externaltools.gnu-tools-for-stm32.10.3-2021.10.macos64_1.0.0.202111181127/tools/bin/../lib/gcc/arm-none-eabi/10.3.1/../../../../arm-none-eabi/lib/thumb/v7e-m+fp/hard/libc_nano.a(lib_a-lock.o)
                0x000000000800dbd2                __retarget_lock_release_recursive
 .text.memcpy   0x000000000800dbd4       0x1c /Applications/STM32CubeIDE.app/Contents/Eclipse/plugins/com.st.stm32cube.ide.mcu.externaltools.gnu-tools-for-stm32.10.3-2021.10.macos64_1.0.0.202111181127/tools/bin/../lib/gcc/arm-none-eabi/10.3.1/../../../../arm-none-eabi/lib/thumb/v7e-m+fp/hard/libc_nano.a(lib_a-memcpy-stub.o)
                0x000000000800dbd4                memcpy
 .text.memset   0x000000000800dbf0       0x10 /Applications/STM32CubeIDE.app/Contents/Eclipse/plugins/com.st.stm32cube.ide.mcu.externaltools.gnu-tools-for-stm32.10.3-2021.10.macos64_1.0.0.202111181127/tools/bin/../lib/gcc/arm-none-eabi/10.3.1/../../../../arm-none-eabi/lib/thumb/v7e-m+fp/hard/libc_nano.a(lib_a-memset.o)
                0x000000000800dbf0                memset
 .text.cleanup_glue
                0x000000000800dc00       0x1a /Applications/STM32CubeIDE.app/Contents/Eclipse/plugins/com.st.stm32cube.ide.mcu.externaltools.gnu-tools-for-stm32.10.3-2021.10.macos64_1.0.0.202111181127/tools/bin/../lib/gcc/arm-none-eabi/10.3.1/../../../../arm-none-eabi/lib/thumb/v7e-m+fp/hard/libc_nano.a(lib_a-reent.o)
                0x000000000800dc00                cleanup_glue
 *fill*         0x000000000800dc1a        0x2 
 .text._reclaim_reent
                0x000000000800dc1c       0xb8 /Applications/STM32CubeIDE.app/Contents/Eclipse/plugins/com.st.stm32cube.ide.mcu.externaltools.gnu-tools-for-stm32.10.3-2021.10.macos64_1.0.0.202111181127/tools/bin/../lib/gcc/arm-none-eabi/10.3.1/../../../../arm-none-eabi/lib/thumb/v7e-m+fp/hard/libc_nano.a(lib_a-reent.o)
                0x000000000800dc1c                _reclaim_reent
 .text.__malloc_lock
                0x000000000800dcd4        0xc /Applications/STM32CubeIDE.app/Contents/Eclipse/plugins/com.st.stm32cube.ide.mcu.externaltools.gnu-tools-for-stm32.10.3-2021.10.macos64_1.0.0.202111181127/tools/bin/../lib/gcc/arm-none-eabi/10.3.1/../../../../arm-none-eabi/lib/thumb/v7e-m+fp/hard/libc_nano.a(lib_a-mlock.o)
                0x000000000800dcd4                __malloc_lock
 .text.__malloc_unlock
                0x000000000800dce0        0xc /Applications/STM32CubeIDE.app/Contents/Eclipse/plugins/com.st.stm32cube.ide.mcu.externaltools.gnu-tools-for-stm32.10.3-2021.10.macos64_1.0.0.202111181127/tools/bin/../lib/gcc/arm-none-eabi/10.3.1/../../../../arm-none-eabi/lib/thumb/v7e-m+fp/hard/libc_nano.a(lib_a-mlock.o)
                0x000000000800dce0                __malloc_unlock
 .text._free_r  0x000000000800dcec       0x98 /Applications/STM32CubeIDE.app/Contents/Eclipse/plugins/com.st.stm32cube.ide.mcu.externaltools.gnu-tools-for-stm32.10.3-2021.10.macos64_1.0.0.202111181127/tools/bin/../lib/gcc/arm-none-eabi/10.3.1/../../../../arm-none-eabi/lib/thumb/v7e-m+fp/hard/libc_nano.a(lib_a-nano-freer.o)
                0x000000000800dcec                _free_r
 *fill*         0x000000000800dd84        0x4 
 .text.exp      0x000000000800dd88       0x90 /Applications/STM32CubeIDE.app/Contents/Eclipse/plugins/com.st.stm32cube.ide.mcu.externaltools.gnu-tools-for-stm32.10.3-2021.10.macos64_1.0.0.202111181127/tools/bin/../lib/gcc/arm-none-eabi/10.3.1/../../../../arm-none-eabi/lib/thumb/v7e-m+fp/hard/libm.a(lib_a-w_exp.o)
                0x000000000800dd88                exp
 .text.__ieee754_exp
                0x000000000800de18      0x304 /Applications/STM32CubeIDE.app/Contents/Eclipse/plugins/com.st.stm32cube.ide.mcu.externaltools.gnu-tools-for-stm32.10.3-2021.10.macos64_1.0.0.202111181127/tools/bin/../lib/gcc/arm-none-eabi/10.3.1/../../../../arm-none-eabi/lib/thumb/v7e-m+fp/hard/libm.a(lib_a-e_exp.o)
                0x000000000800de18                __ieee754_exp
 .text.with_errno
                0x000000000800e11c       0x14 /Applications/STM32CubeIDE.app/Contents/Eclipse/plugins/com.st.stm32cube.ide.mcu.externaltools.gnu-tools-for-stm32.10.3-2021.10.macos64_1.0.0.202111181127/tools/bin/../lib/gcc/arm-none-eabi/10.3.1/../../../../arm-none-eabi/lib/thumb/v7e-m+fp/hard/libm.a(lib_a-math_err.o)
 .text.xflow    0x000000000800e130       0x28 /Applications/STM32CubeIDE.app/Contents/Eclipse/plugins/com.st.stm32cube.ide.mcu.externaltools.gnu-tools-for-stm32.10.3-2021.10.macos64_1.0.0.202111181127/tools/bin/../lib/gcc/arm-none-eabi/10.3.1/../../../../arm-none-eabi/lib/thumb/v7e-m+fp/hard/libm.a(lib_a-math_err.o)
 .text.__math_uflow
                0x000000000800e158       0x12 /Applications/STM32CubeIDE.app/Contents/Eclipse/plugins/com.st.stm32cube.ide.mcu.externaltools.gnu-tools-for-stm32.10.3-2021.10.macos64_1.0.0.202111181127/tools/bin/../lib/gcc/arm-none-eabi/10.3.1/../../../../arm-none-eabi/lib/thumb/v7e-m+fp/hard/libm.a(lib_a-math_err.o)
                0x000000000800e158                __math_uflow
 .text.__math_oflow
                0x000000000800e16a       0x12 /Applications/STM32CubeIDE.app/Contents/Eclipse/plugins/com.st.stm32cube.ide.mcu.externaltools.gnu-tools-for-stm32.10.3-2021.10.macos64_1.0.0.202111181127/tools/bin/../lib/gcc/arm-none-eabi/10.3.1/../../../../arm-none-eabi/lib/thumb/v7e-m+fp/hard/libm.a(lib_a-math_err.o)
                0x000000000800e16a                __math_oflow
 .text.finite   0x000000000800e17c       0x16 /Applications/STM32CubeIDE.app/Contents/Eclipse/plugins/com.st.stm32cube.ide.mcu.externaltools.gnu-tools-for-stm32.10.3-2021.10.macos64_1.0.0.202111181127/tools/bin/../lib/gcc/arm-none-eabi/10.3.1/../../../../arm-none-eabi/lib/thumb/v7e-m+fp/hard/libm.a(lib_a-s_finite.o)
                0x000000000800e17c                finite
 *(.glue_7)
 .glue_7        0x000000000800e192        0x0 linker stubs
 *(.glue_7t)
 .glue_7t       0x000000000800e192        0x0 linker stubs
 *(.eh_frame)
 *fill*         0x000000000800e192        0x2 
 .eh_frame      0x000000000800e194        0x0 /Applications/STM32CubeIDE.app/Contents/Eclipse/plugins/com.st.stm32cube.ide.mcu.externaltools.gnu-tools-for-stm32.10.3-2021.10.macos64_1.0.0.202111181127/tools/bin/../lib/gcc/arm-none-eabi/10.3.1/thumb/v7e-m+fp/hard/crtbegin.o
 *(.init)
 .init          0x000000000800e194        0x4 /Applications/STM32CubeIDE.app/Contents/Eclipse/plugins/com.st.stm32cube.ide.mcu.externaltools.gnu-tools-for-stm32.10.3-2021.10.macos64_1.0.0.202111181127/tools/bin/../lib/gcc/arm-none-eabi/10.3.1/thumb/v7e-m+fp/hard/crti.o
                0x000000000800e194                _init
 .init          0x000000000800e198        0x8 /Applications/STM32CubeIDE.app/Contents/Eclipse/plugins/com.st.stm32cube.ide.mcu.externaltools.gnu-tools-for-stm32.10.3-2021.10.macos64_1.0.0.202111181127/tools/bin/../lib/gcc/arm-none-eabi/10.3.1/thumb/v7e-m+fp/hard/crtn.o
 *(.fini)
 .fini          0x000000000800e1a0        0x4 /Applications/STM32CubeIDE.app/Contents/Eclipse/plugins/com.st.stm32cube.ide.mcu.externaltools.gnu-tools-for-stm32.10.3-2021.10.macos64_1.0.0.202111181127/tools/bin/../lib/gcc/arm-none-eabi/10.3.1/thumb/v7e-m+fp/hard/crti.o
                0x000000000800e1a0                _fini
 .fini          0x000000000800e1a4        0x8 /Applications/STM32CubeIDE.app/Contents/Eclipse/plugins/com.st.stm32cube.ide.mcu.externaltools.gnu-tools-for-stm32.10.3-2021.10.macos64_1.0.0.202111181127/tools/bin/../lib/gcc/arm-none-eabi/10.3.1/thumb/v7e-m+fp/hard/crtn.o
                0x000000000800e1ac                . = ALIGN (0x4)
                0x000000000800e1ac                _etext = .

.vfp11_veneer   0x000000000800e1ac        0x0
 .vfp11_veneer  0x000000000800e1ac        0x0 linker stubs

.v4_bx          0x000000000800e1ac        0x0
 .v4_bx         0x000000000800e1ac        0x0 linker stubs

.iplt           0x000000000800e1ac        0x0
 .iplt          0x000000000800e1ac        0x0 /Applications/STM32CubeIDE.app/Contents/Eclipse/plugins/com.st.stm32cube.ide.mcu.externaltools.gnu-tools-for-stm32.10.3-2021.10.macos64_1.0.0.202111181127/tools/bin/../lib/gcc/arm-none-eabi/10.3.1/thumb/v7e-m+fp/hard/crtbegin.o

.rodata         0x000000000800e1b0      0x2f8
                0x000000000800e1b0                . = ALIGN (0x4)
 *(.rodata)
 .rodata        0x000000000800e1b0       0xbe ./Core/Src/freertos.o
 *fill*         0x000000000800e26e        0x2 
 .rodata        0x000000000800e270        0x5 ./Middlewares/Third_Party/FreeRTOS/Source/tasks.o
 *fill*         0x000000000800e275        0x3 
 .rodata        0x000000000800e278        0xd ./Middlewares/Third_Party/FreeRTOS/Source/timers.o
 *(.rodata*)
 *fill*         0x000000000800e285        0x3 
 .rodata.ShoreLength
                0x000000000800e288        0x6 ./Core/Src/communication.o
                0x000000000800e288                ShoreLength
 *fill*         0x000000000800e28e        0x2 
 .rodata.ShoreCodes
                0x000000000800e290        0x3 ./Core/Src/communication.o
                0x000000000800e290                ShoreCodes
 *fill*         0x000000000800e293        0x1 
 .rodata.defaultTask_attributes
                0x000000000800e294       0x24 ./Core/Src/freertos.o
                0x000000000800e294                defaultTask_attributes
 .rodata.tLedBlinkingTask_attributes
                0x000000000800e2b8       0x24 ./Core/Src/freertos.o
                0x000000000800e2b8                tLedBlinkingTask_attributes
 .rodata.tVmaCommTask_attributes
                0x000000000800e2dc       0x24 ./Core/Src/freertos.o
                0x000000000800e2dc                tVmaCommTask_attributes
 .rodata.tImuCommTask_attributes
                0x000000000800e300       0x24 ./Core/Src/freertos.o
                0x000000000800e300                tImuCommTask_attributes
 .rodata.tStabilizationTask_attributes
                0x000000000800e324       0x24 ./Core/Src/freertos.o
                0x000000000800e324                tStabilizationTask_attributes
 .rodata.tDevCommTask_attributes
                0x000000000800e348       0x24 ./Core/Src/freertos.o
                0x000000000800e348                tDevCommTask_attributes
 .rodata.tSensCommTask_attributes
                0x000000000800e36c       0x24 ./Core/Src/freertos.o
                0x000000000800e36c                tSensCommTask_attributes
 .rodata.tPcCommTask_attributes
                0x000000000800e390       0x24 ./Core/Src/freertos.o
                0x000000000800e390                tPcCommTask_attributes
 .rodata.tUartTimer_attributes
                0x000000000800e3b4       0x10 ./Core/Src/freertos.o
                0x000000000800e3b4                tUartTimer_attributes
 .rodata.tSilence_attributes
                0x000000000800e3c4       0x10 ./Core/Src/freertos.o
                0x000000000800e3c4                tSilence_attributes
 .rodata.tTechCommTImer_attributes
                0x000000000800e3d4       0x10 ./Core/Src/freertos.o
                0x000000000800e3d4                tTechCommTImer_attributes
 .rodata.mutData_attributes
                0x000000000800e3e4       0x10 ./Core/Src/freertos.o
                0x000000000800e3e4                mutData_attributes
 .rodata.AHBPrescTable
                0x000000000800e3f4       0x10 ./Core/Src/system_stm32f4xx.o
                0x000000000800e3f4                AHBPrescTable
 .rodata.APBPrescTable
                0x000000000800e404        0x8 ./Core/Src/system_stm32f4xx.o
                0x000000000800e404                APBPrescTable
 .rodata.flagBitshiftOffset.0
                0x000000000800e40c        0x8 ./Drivers/STM32F4xx_HAL_Driver/Src/stm32f4xx_hal_dma.o
 .rodata.__sf_fake_stderr
                0x000000000800e414       0x20 /Applications/STM32CubeIDE.app/Contents/Eclipse/plugins/com.st.stm32cube.ide.mcu.externaltools.gnu-tools-for-stm32.10.3-2021.10.macos64_1.0.0.202111181127/tools/bin/../lib/gcc/arm-none-eabi/10.3.1/../../../../arm-none-eabi/lib/thumb/v7e-m+fp/hard/libc_nano.a(lib_a-findfp.o)
                0x000000000800e414                __sf_fake_stderr
 .rodata.__sf_fake_stdin
                0x000000000800e434       0x20 /Applications/STM32CubeIDE.app/Contents/Eclipse/plugins/com.st.stm32cube.ide.mcu.externaltools.gnu-tools-for-stm32.10.3-2021.10.macos64_1.0.0.202111181127/tools/bin/../lib/gcc/arm-none-eabi/10.3.1/../../../../arm-none-eabi/lib/thumb/v7e-m+fp/hard/libc_nano.a(lib_a-findfp.o)
                0x000000000800e434                __sf_fake_stdin
 .rodata.__sf_fake_stdout
                0x000000000800e454       0x20 /Applications/STM32CubeIDE.app/Contents/Eclipse/plugins/com.st.stm32cube.ide.mcu.externaltools.gnu-tools-for-stm32.10.3-2021.10.macos64_1.0.0.202111181127/tools/bin/../lib/gcc/arm-none-eabi/10.3.1/../../../../arm-none-eabi/lib/thumb/v7e-m+fp/hard/libc_nano.a(lib_a-findfp.o)
                0x000000000800e454                __sf_fake_stdout
 *fill*         0x000000000800e474        0x4 
 .rodata.halF   0x000000000800e478       0x10 /Applications/STM32CubeIDE.app/Contents/Eclipse/plugins/com.st.stm32cube.ide.mcu.externaltools.gnu-tools-for-stm32.10.3-2021.10.macos64_1.0.0.202111181127/tools/bin/../lib/gcc/arm-none-eabi/10.3.1/../../../../arm-none-eabi/lib/thumb/v7e-m+fp/hard/libm.a(lib_a-e_exp.o)
 .rodata.ln2HI  0x000000000800e488       0x10 /Applications/STM32CubeIDE.app/Contents/Eclipse/plugins/com.st.stm32cube.ide.mcu.externaltools.gnu-tools-for-stm32.10.3-2021.10.macos64_1.0.0.202111181127/tools/bin/../lib/gcc/arm-none-eabi/10.3.1/../../../../arm-none-eabi/lib/thumb/v7e-m+fp/hard/libm.a(lib_a-e_exp.o)
 .rodata.ln2LO  0x000000000800e498       0x10 /Applications/STM32CubeIDE.app/Contents/Eclipse/plugins/com.st.stm32cube.ide.mcu.externaltools.gnu-tools-for-stm32.10.3-2021.10.macos64_1.0.0.202111181127/tools/bin/../lib/gcc/arm-none-eabi/10.3.1/../../../../arm-none-eabi/lib/thumb/v7e-m+fp/hard/libm.a(lib_a-e_exp.o)
                0x000000000800e4a8                . = ALIGN (0x4)

.ARM.extab      0x000000000800e4a8        0x0
                0x000000000800e4a8                . = ALIGN (0x4)
 *(.ARM.extab* .gnu.linkonce.armextab.*)
                0x000000000800e4a8                . = ALIGN (0x4)

.ARM            0x000000000800e4a8        0x8
                0x000000000800e4a8                . = ALIGN (0x4)
                0x000000000800e4a8                __exidx_start = .
 *(.ARM.exidx*)
 .ARM.exidx     0x000000000800e4a8        0x8 /Applications/STM32CubeIDE.app/Contents/Eclipse/plugins/com.st.stm32cube.ide.mcu.externaltools.gnu-tools-for-stm32.10.3-2021.10.macos64_1.0.0.202111181127/tools/bin/../lib/gcc/arm-none-eabi/10.3.1/thumb/v7e-m+fp/hard/libgcc.a(_udivmoddi4.o)
                0x000000000800e4b0                __exidx_end = .
                0x000000000800e4b0                . = ALIGN (0x4)

.rel.dyn        0x000000000800e4b0        0x0
 .rel.iplt      0x000000000800e4b0        0x0 /Applications/STM32CubeIDE.app/Contents/Eclipse/plugins/com.st.stm32cube.ide.mcu.externaltools.gnu-tools-for-stm32.10.3-2021.10.macos64_1.0.0.202111181127/tools/bin/../lib/gcc/arm-none-eabi/10.3.1/thumb/v7e-m+fp/hard/crtbegin.o

.preinit_array  0x000000000800e4b0        0x0
                0x000000000800e4b0                . = ALIGN (0x4)
                0x000000000800e4b0                PROVIDE (__preinit_array_start = .)
 *(.preinit_array*)
                0x000000000800e4b0                PROVIDE (__preinit_array_end = .)
                0x000000000800e4b0                . = ALIGN (0x4)

.init_array     0x000000000800e4b0        0x4
                0x000000000800e4b0                . = ALIGN (0x4)
                0x000000000800e4b0                PROVIDE (__init_array_start = .)
 *(SORT_BY_NAME(.init_array.*))
 *(.init_array*)
 .init_array    0x000000000800e4b0        0x4 /Applications/STM32CubeIDE.app/Contents/Eclipse/plugins/com.st.stm32cube.ide.mcu.externaltools.gnu-tools-for-stm32.10.3-2021.10.macos64_1.0.0.202111181127/tools/bin/../lib/gcc/arm-none-eabi/10.3.1/thumb/v7e-m+fp/hard/crtbegin.o
                0x000000000800e4b4                PROVIDE (__init_array_end = .)
                0x000000000800e4b4                . = ALIGN (0x4)

.fini_array     0x000000000800e4b4        0x4
                0x000000000800e4b4                . = ALIGN (0x4)
                [!provide]                        PROVIDE (__fini_array_start = .)
 *(SORT_BY_NAME(.fini_array.*))
 *(.fini_array*)
 .fini_array    0x000000000800e4b4        0x4 /Applications/STM32CubeIDE.app/Contents/Eclipse/plugins/com.st.stm32cube.ide.mcu.externaltools.gnu-tools-for-stm32.10.3-2021.10.macos64_1.0.0.202111181127/tools/bin/../lib/gcc/arm-none-eabi/10.3.1/thumb/v7e-m+fp/hard/crtbegin.o
                [!provide]                        PROVIDE (__fini_array_end = .)
                0x000000000800e4b8                . = ALIGN (0x4)
                0x000000000800e4b8                _sidata = LOADADDR (.data)

.data           0x0000000020000000       0xa8 load address 0x000000000800e4b8
                0x0000000020000000                . = ALIGN (0x4)
                0x0000000020000000                _sdata = .
 *(.data)
 *(.data*)
 .data.ImuRequestBuffer
                0x0000000020000000       0x14 ./Core/Src/global.o
                0x0000000020000000                ImuRequestBuffer
 .data.ImuResetRequestBuffer
                0x0000000020000014       0x1f ./Core/Src/global.o
                0x0000000020000014                ImuResetRequestBuffer
 *fill*         0x0000000020000033        0x1 
 .data.SystemCoreClock
                0x0000000020000034        0x4 ./Core/Src/system_stm32f4xx.o
                0x0000000020000034                SystemCoreClock
 .data.uwTickPrio
                0x0000000020000038        0x4 ./Drivers/STM32F4xx_HAL_Driver/Src/stm32f4xx_hal.o
                0x0000000020000038                uwTickPrio
 .data.uwTickFreq
                0x000000002000003c        0x1 ./Drivers/STM32F4xx_HAL_Driver/Src/stm32f4xx_hal.o
                0x000000002000003c                uwTickFreq
 *fill*         0x000000002000003d        0x3 
 .data.uxCriticalNesting
                0x0000000020000040        0x4 ./Middlewares/Third_Party/FreeRTOS/Source/portable/GCC/ARM_CM4F/port.o
 .data._impure_ptr
                0x0000000020000044        0x4 /Applications/STM32CubeIDE.app/Contents/Eclipse/plugins/com.st.stm32cube.ide.mcu.externaltools.gnu-tools-for-stm32.10.3-2021.10.macos64_1.0.0.202111181127/tools/bin/../lib/gcc/arm-none-eabi/10.3.1/../../../../arm-none-eabi/lib/thumb/v7e-m+fp/hard/libc_nano.a(lib_a-impure.o)
                0x0000000020000044                _impure_ptr
 .data.impure_data
                0x0000000020000048       0x60 /Applications/STM32CubeIDE.app/Contents/Eclipse/plugins/com.st.stm32cube.ide.mcu.externaltools.gnu-tools-for-stm32.10.3-2021.10.macos64_1.0.0.202111181127/tools/bin/../lib/gcc/arm-none-eabi/10.3.1/../../../../arm-none-eabi/lib/thumb/v7e-m+fp/hard/libc_nano.a(lib_a-impure.o)
 *(.RamFunc)
 *(.RamFunc*)
                0x00000000200000a8                . = ALIGN (0x4)
                0x00000000200000a8                _edata = .
                0x000000000800e560                _siccmram = LOADADDR (.ccmram)

.igot.plt       0x00000000200000a8        0x0 load address 0x000000000800e560
 .igot.plt      0x00000000200000a8        0x0 /Applications/STM32CubeIDE.app/Contents/Eclipse/plugins/com.st.stm32cube.ide.mcu.externaltools.gnu-tools-for-stm32.10.3-2021.10.macos64_1.0.0.202111181127/tools/bin/../lib/gcc/arm-none-eabi/10.3.1/thumb/v7e-m+fp/hard/crtbegin.o

.ccmram         0x0000000010000000        0x0 load address 0x000000000800e560
                0x0000000010000000                . = ALIGN (0x4)
                0x0000000010000000                _sccmram = .
 *(.ccmram)
 *(.ccmram*)
                0x0000000010000000                . = ALIGN (0x4)
                0x0000000010000000                _eccmram = .
                0x0000000010000000                . = ALIGN (0x4)

.bss            0x00000000200000a8     0x356c
                0x00000000200000a8                _sbss = .
                0x00000000200000a8                __bss_start__ = _sbss
 *(.bss)
 .bss           0x00000000200000a8       0x1c /Applications/STM32CubeIDE.app/Contents/Eclipse/plugins/com.st.stm32cube.ide.mcu.externaltools.gnu-tools-for-stm32.10.3-2021.10.macos64_1.0.0.202111181127/tools/bin/../lib/gcc/arm-none-eabi/10.3.1/thumb/v7e-m+fp/hard/crtbegin.o
 *(.bss*)
 .bss.hcan1     0x00000000200000c4       0x28 ./Core/Src/can.o