Archive member included to satisfy reference by file (symbol)

/Applications/STM32CubeIDE.app/Contents/Eclipse/plugins/com.st.stm32cube.ide.mcu.externaltools.gnu-tools-for-stm32.10.3-2021.10.macos64_1.0.0.202111181127/tools/bin/../lib/gcc/arm-none-eabi/10.3.1/../../../../arm-none-eabi/lib/thumb/v7e-m+fp/hard/libc_nano.a(lib_a-errno.o)
                              ./Core/Src/syscalls.o (__errno)
/Applications/STM32CubeIDE.app/Contents/Eclipse/plugins/com.st.stm32cube.ide.mcu.externaltools.gnu-tools-for-stm32.10.3-2021.10.macos64_1.0.0.202111181127/tools/bin/../lib/gcc/arm-none-eabi/10.3.1/../../../../arm-none-eabi/lib/thumb/v7e-m+fp/hard/libc_nano.a(lib_a-exit.o)
                              /Applications/STM32CubeIDE.app/Contents/Eclipse/plugins/com.st.stm32cube.ide.mcu.externaltools.gnu-tools-for-stm32.10.3-2021.10.macos64_1.0.0.202111181127/tools/bin/../lib/gcc/arm-none-eabi/10.3.1/../../../../arm-none-eabi/lib/thumb/v7e-m+fp/hard/crt0.o (exit)
/Applications/STM32CubeIDE.app/Contents/Eclipse/plugins/com.st.stm32cube.ide.mcu.externaltools.gnu-tools-for-stm32.10.3-2021.10.macos64_1.0.0.202111181127/tools/bin/../lib/gcc/arm-none-eabi/10.3.1/../../../../arm-none-eabi/lib/thumb/v7e-m+fp/hard/libc_nano.a(lib_a-impure.o)
                              /Applications/STM32CubeIDE.app/Contents/Eclipse/plugins/com.st.stm32cube.ide.mcu.externaltools.gnu-tools-for-stm32.10.3-2021.10.macos64_1.0.0.202111181127/tools/bin/../lib/gcc/arm-none-eabi/10.3.1/../../../../arm-none-eabi/lib/thumb/v7e-m+fp/hard/libc_nano.a(lib_a-exit.o) (_global_impure_ptr)
/Applications/STM32CubeIDE.app/Contents/Eclipse/plugins/com.st.stm32cube.ide.mcu.externaltools.gnu-tools-for-stm32.10.3-2021.10.macos64_1.0.0.202111181127/tools/bin/../lib/gcc/arm-none-eabi/10.3.1/../../../../arm-none-eabi/lib/thumb/v7e-m+fp/hard/libc_nano.a(lib_a-init.o)
                              /Applications/STM32CubeIDE.app/Contents/Eclipse/plugins/com.st.stm32cube.ide.mcu.externaltools.gnu-tools-for-stm32.10.3-2021.10.macos64_1.0.0.202111181127/tools/bin/../lib/gcc/arm-none-eabi/10.3.1/../../../../arm-none-eabi/lib/thumb/v7e-m+fp/hard/crt0.o (__libc_init_array)
/Applications/STM32CubeIDE.app/Contents/Eclipse/plugins/com.st.stm32cube.ide.mcu.externaltools.gnu-tools-for-stm32.10.3-2021.10.macos64_1.0.0.202111181127/tools/bin/../lib/gcc/arm-none-eabi/10.3.1/../../../../arm-none-eabi/lib/thumb/v7e-m+fp/hard/libc_nano.a(lib_a-memcpy-stub.o)
                              ./Core/Src/communication.o (memcpy)
/Applications/STM32CubeIDE.app/Contents/Eclipse/plugins/com.st.stm32cube.ide.mcu.externaltools.gnu-tools-for-stm32.10.3-2021.10.macos64_1.0.0.202111181127/tools/bin/../lib/gcc/arm-none-eabi/10.3.1/../../../../arm-none-eabi/lib/thumb/v7e-m+fp/hard/libc_nano.a(lib_a-memset.o)
                              /Applications/STM32CubeIDE.app/Contents/Eclipse/plugins/com.st.stm32cube.ide.mcu.externaltools.gnu-tools-for-stm32.10.3-2021.10.macos64_1.0.0.202111181127/tools/bin/../lib/gcc/arm-none-eabi/10.3.1/../../../../arm-none-eabi/lib/thumb/v7e-m+fp/hard/crt0.o (memset)
/Applications/STM32CubeIDE.app/Contents/Eclipse/plugins/com.st.stm32cube.ide.mcu.externaltools.gnu-tools-for-stm32.10.3-2021.10.macos64_1.0.0.202111181127/tools/bin/../lib/gcc/arm-none-eabi/10.3.1/../../../../arm-none-eabi/lib/thumb/v7e-m+fp/hard/libm.a(lib_a-w_exp.o)
                              ./Core/Src/stabilization.o (exp)
/Applications/STM32CubeIDE.app/Contents/Eclipse/plugins/com.st.stm32cube.ide.mcu.externaltools.gnu-tools-for-stm32.10.3-2021.10.macos64_1.0.0.202111181127/tools/bin/../lib/gcc/arm-none-eabi/10.3.1/../../../../arm-none-eabi/lib/thumb/v7e-m+fp/hard/libm.a(lib_a-e_exp.o)
                              /Applications/STM32CubeIDE.app/Contents/Eclipse/plugins/com.st.stm32cube.ide.mcu.externaltools.gnu-tools-for-stm32.10.3-2021.10.macos64_1.0.0.202111181127/tools/bin/../lib/gcc/arm-none-eabi/10.3.1/../../../../arm-none-eabi/lib/thumb/v7e-m+fp/hard/libm.a(lib_a-w_exp.o) (__ieee754_exp)
/Applications/STM32CubeIDE.app/Contents/Eclipse/plugins/com.st.stm32cube.ide.mcu.externaltools.gnu-tools-for-stm32.10.3-2021.10.macos64_1.0.0.202111181127/tools/bin/../lib/gcc/arm-none-eabi/10.3.1/../../../../arm-none-eabi/lib/thumb/v7e-m+fp/hard/libm.a(lib_a-math_err.o)
                              /Applications/STM32CubeIDE.app/Contents/Eclipse/plugins/com.st.stm32cube.ide.mcu.externaltools.gnu-tools-for-stm32.10.3-2021.10.macos64_1.0.0.202111181127/tools/bin/../lib/gcc/arm-none-eabi/10.3.1/../../../../arm-none-eabi/lib/thumb/v7e-m+fp/hard/libm.a(lib_a-e_exp.o) (__math_uflow)
/Applications/STM32CubeIDE.app/Contents/Eclipse/plugins/com.st.stm32cube.ide.mcu.externaltools.gnu-tools-for-stm32.10.3-2021.10.macos64_1.0.0.202111181127/tools/bin/../lib/gcc/arm-none-eabi/10.3.1/../../../../arm-none-eabi/lib/thumb/v7e-m+fp/hard/libm.a(lib_a-s_finite.o)
[...]
Memory Configuration

Name             Origin             Length             Attributes
CCMRAM           0x0000000010000000 0x0000000000010000 xrw
RAM              0x0000000020000000 0x0000000000020000 xrw
FLASH            0x0000000008000000 0x0000000000080000 xr
*default*        0x0000000000000000 0xffffffffffffffff

Linker script and memory map

LOAD /Applications/STM32CubeIDE.app/Contents/Eclipse/plugins/com.st.stm32cube.ide.mcu.externaltools.gnu-tools-for-stm32.10.3-2021.10.macos64_1.0.0.202111181127/tools/bin/../lib/gcc/arm-none-eabi/10.3.1/thumb/v7e-m+fp/hard/crti.o
LOAD /Applications/STM32CubeIDE.app/Contents/Eclipse/plugins/com.st.stm32cube.ide.mcu.externaltools.gnu-tools-for-stm32.10.3-2021.10.macos64_1.0.0.202111181127/tools/bin/../lib/gcc/arm-none-eabi/10.3.1/thumb/v7e-m+fp/hard/crtbegin.o
LOAD /Applications/STM32CubeIDE.app/Contents/Eclipse/plugins/com.st.stm32cube.ide.mcu.externaltools.gnu-tools-for-stm32.10.3-2021.10.macos64_1.0.0.202111181127/tools/bin/../lib/gcc/arm-none-eabi/10.3.1/../../../../arm-none-eabi/lib/thumb/v7e-m+fp/hard/crt0.o
LOAD ./Core/Src/FreeRTOSTick.o
LOAD ./Core/Src/checksum.o
LOAD ./Core/Src/communication.o
LOAD ./Core/Src/dma.o
LOAD ./Core/Src/flash.o
LOAD ./Core/Src/freertos.o
LOAD ./Core/Src/global.o
LOAD ./Core/Src/gpio.o
LOAD ./Core/Src/i2c.o
LOAD ./Core/Src/main.o
LOAD ./Core/Src/stabilization.o
LOAD ./Core/Src/stm32f4xx_hal_msp.o
LOAD ./Core/Src/stm32f4xx_hal_timebase_tim.o
LOAD ./Core/Src/stm32f4xx_it.o
LOAD ./Core/Src/syscalls.o
LOAD ./Core/Src/sysmem.o
LOAD ./Core/Src/system_stm32f4xx.o
LOAD ./Core/Src/thrusters.o
LOAD ./Core/Src/tim.o
LOAD ./Core/Src/usart.o
LOAD ./Core/Startup/startup_stm32f407vetx.o
LOAD ./Drivers/STM32F4xx_HAL_Driver/Src/stm32f4xx_hal.o
LOAD ./Drivers/STM32F4xx_HAL_Driver/Src/stm32f4xx_hal_cortex.o
LOAD ./Drivers/STM32F4xx_HAL_Driver/Src/stm32f4xx_hal_dma.o
LOAD ./Drivers/STM32F4xx_HAL_Driver/Src/stm32f4xx_hal_dma_ex.o
LOAD ./Drivers/STM32F4xx_HAL_Driver/Src/stm32f4xx_hal_exti.o
LOAD ./Drivers/STM32F4xx_HAL_Driver/Src/stm32f4xx_hal_flash.o
LOAD ./Drivers/STM32F4xx_HAL_Driver/Src/stm32f4xx_hal_flash_ex.o
LOAD ./Drivers/STM32F4xx_HAL_Driver/Src/stm32f4xx_hal_flash_ramfunc.o
LOAD ./Drivers/STM32F4xx_HAL_Driver/Src/stm32f4xx_hal_gpio.o
LOAD ./Drivers/STM32F4xx_HAL_Driver/Src/stm32f4xx_hal_i2c.o
LOAD ./Drivers/STM32F4xx_HAL_Driver/Src/stm32f4xx_hal_i2c_ex.o
LOAD ./Drivers/STM32F4xx_HAL_Driver/Src/stm32f4xx_hal_pwr.o
LOAD ./Drivers/STM32F4xx_HAL_Driver/Src/stm32f4xx_hal_pwr_ex.o
LOAD ./Drivers/STM32F4xx_HAL_Driver/Src/stm32f4xx_hal_rcc.o
LOAD ./Drivers/STM32F4xx_HAL_Driver/Src/stm32f4xx_hal_rcc_ex.o
LOAD ./Drivers/STM32F4xx_HAL_Driver/Src/stm32f4xx_hal_tim.o
LOAD ./Drivers/STM32F4xx_HAL_Driver/Src/stm32f4xx_hal_tim_ex.o
LOAD ./Drivers/STM32F4xx_HAL_Driver/Src/stm32f4xx_hal_uart.o
LOAD ./Middlewares/Third_Party/FreeRTOS/Source/CMSIS_RTOS/cmsis_os.o
LOAD ./Middlewares/Third_Party/FreeRTOS/Source/croutine.o
LOAD ./Middlewares/Third_Party/FreeRTOS/Source/event_groups.o
LOAD ./Middlewares/Third_Party/FreeRTOS/Source/list.o
LOAD ./Middlewares/Third_Party/FreeRTOS/Source/queue.o
LOAD ./Middlewares/Third_Party/FreeRTOS/Source/stream_buffer.o
LOAD ./Middlewares/Third_Party/FreeRTOS/Source/tasks.o
LOAD ./Middlewares/Third_Party/FreeRTOS/Source/timers.o
LOAD ./Middlewares/Third_Party/FreeRTOS/Source/portable/GCC/ARM_CM4F/port.o
LOAD ./Middlewares/Third_Party/FreeRTOS/Source/portable/MemMang/heap_4.o
START GROUP
LOAD /Applications/STM32CubeIDE.app/Contents/Eclipse/plugins/com.st.stm32cube.ide.mcu.externaltools.gnu-tools-for-stm32.10.3-2021.10.macos64_1.0.0.202111181127/tools/bin/../lib/gcc/arm-none-eabi/10.3.1/../../../../arm-none-eabi/lib/thumb/v7e-m+fp/hard/libc_nano.a
LOAD /Applications/STM32CubeIDE.app/Contents/Eclipse/plugins/com.st.stm32cube.ide.mcu.externaltools.gnu-tools-for-stm32.10.3-2021.10.macos64_1.0.0.202111181127/tools/bin/../lib/gcc/arm-none-eabi/10.3.1/../../../../arm-none-eabi/lib/thumb/v7e-m+fp/hard/libm.a
END GROUP
START GROUP
LOAD /Applications/STM32CubeIDE.app/Contents/Eclipse/plugins/com.st.stm32cube.ide.mcu.externaltools.gnu-tools-for-stm32.10.3-2021.10.macos64_1.0.0.202111181127/tools/bin/../lib/gcc/arm-none-eabi/10.3.1/thumb/v7e-m+fp/hard/libgcc.a
LOAD /Applications/STM32CubeIDE.app/Contents/Eclipse/plugins/com.st.stm32cube.ide.mcu.externaltools.gnu-tools-for-stm32.10.3-2021.10.macos64_1.0.0.202111181127/tools/bin/../lib/gcc/arm-none-eabi/10.3.1/../../../../arm-none-eabi/lib/thumb/v7e-m+fp/hard/libc_nano.a
END GROUP
START GROUP
LOAD /Applications/STM32CubeIDE.app/Contents/Eclipse/plugins/com.st.stm32cube.ide.mcu.externaltools.gnu-tools-for-stm32.10.3-2021.10.macos64_1.0.0.202111181127/tools/bin/../lib/gcc/arm-none-eabi/10.3.1/thumb/v7e-m+fp/hard/libgcc.a
LOAD /Applications/STM32CubeIDE.app/Contents/Eclipse/plugins/com.st.stm32cube.ide.mcu.externaltools.gnu-tools-for-stm32.10.3-2021.10.macos64_1.0.0.202111181127/tools/bin/../lib/gcc/arm-none-eabi/10.3.1/../../../../arm-none-eabi/lib/thumb/v7e-m+fp/hard/libc_nano.a
LOAD /Applications/STM32CubeIDE.app/Contents/Eclipse/plugins/com.st.stm32cube.ide.mcu.externaltools.gnu-tools-for-stm32.10.3-2021.10.macos64_1.0.0.202111181127/tools/bin/../lib/gcc/arm-none-eabi/10.3.1/../../../../arm-none-eabi/lib/thumb/v7e-m+fp/hard/libnosys.a
END GROUP
START GROUP
LOAD /Applications/STM32CubeIDE.app/Contents/Eclipse/plugins/com.st.stm32cube.ide.mcu.externaltools.gnu-tools-for-stm32.10.3-2021.10.macos64_1.0.0.202111181127/tools/bin/../lib/gcc/arm-none-eabi/10.3.1/thumb/v7e-m+fp/hard/libgcc.a
LOAD /Applications/STM32CubeIDE.app/Contents/Eclipse/plugins/com.st.stm32cube.ide.mcu.externaltools.gnu-tools-for-stm32.10.3-2021.10.macos64_1.0.0.202111181127/tools/bin/../lib/gcc/arm-none-eabi/10.3.1/../../../../arm-none-eabi/lib/thumb/v7e-m+fp/hard/libc_nano.a
LOAD /Applications/STM32CubeIDE.app/Contents/Eclipse/plugins/com.st.stm32cube.ide.mcu.externaltools.gnu-tools-for-stm32.10.3-2021.10.macos64_1.0.0.202111181127/tools/bin/../lib/gcc/arm-none-eabi/10.3.1/../../../../arm-none-eabi/lib/thumb/v7e-m+fp/hard/libnosys.a
END GROUP
LOAD /Applications/STM32CubeIDE.app/Contents/Eclipse/plugins/com.st.stm32cube.ide.mcu.externaltools.gnu-tools-for-stm32.10.3-2021.10.macos64_1.0.0.202111181127/tools/bin/../lib/gcc/arm-none-eabi/10.3.1/thumb/v7e-m+fp/hard/crtend.o
LOAD /Applications/STM32CubeIDE.app/Contents/Eclipse/plugins/com.st.stm32cube.ide.mcu.externaltools.gnu-tools-for-stm32.10.3-2021.10.macos64_1.0.0.202111181127/tools/bin/../lib/gcc/arm-none-eabi/10.3.1/thumb/v7e-m+fp/hard/crtn.o
                0x0000000020020000                _estack = (ORIGIN (RAM) + LENGTH (RAM))
                0x0000000000000200                _Min_Heap_Size = 0x200
                0x0000000000000400                _Min_Stack_Size = 0x400

.isr_vector     0x0000000008000000      0x188
                0x0000000008000000                . = ALIGN (0x4)
 *(.isr_vector)
 .isr_vector    0x0000000008000000      0x188 ./Core/Startup/startup_stm32f407vetx.o
                0x0000000008000000                g_pfnVectors
                0x0000000008000188                . = ALIGN (0x4)

.text           0x0000000008000190     0xd2b4
                0x0000000008000190                . = ALIGN (0x4)
 *(.text)
 .text          0x0000000008000190       0x40 /Applications/STM32CubeIDE.app/Contents/Eclipse/plugins/com.st.stm32cube.ide.mcu.externaltools.gnu-tools-for-stm32.10.3-2021.10.macos64_1.0.0.202111181127/tools/bin/../lib/gcc/arm-none-eabi/10.3.1/thumb/v7e-m+fp/hard/crtbegin.o
 .text          0x00000000080001d0      0x378 /Applications/STM32CubeIDE.app/Contents/Eclipse/plugins/com.st.stm32cube.ide.mcu.externaltools.gnu-tools-for-stm32.10.3-2021.10.macos64_1.0.0.202111181127/tools/bin/../lib/gcc/arm-none-eabi/10.3.1/thumb/v7e-m+fp/hard/libgcc.a(_arm_addsubdf3.o)
                0x00000000080001d0                __aeabi_drsub
                0x00000000080001d8                __subdf3
                0x00000000080001d8                __aeabi_dsub
                0x00000000080001dc                __aeabi_dadd
                0x00000000080001dc                __adddf3
                0x0000000008000454                __aeabi_ui2d
                0x0000000008000454                __floatunsidf
                0x0000000008000474                __floatsidf
                0x0000000008000474                __aeabi_i2d
                0x0000000008000498                __extendsfdf2
                0x0000000008000498                __aeabi_f2d
                0x00000000080004dc                __aeabi_ul2d
                0x00000000080004dc                __floatundidf
                0x00000000080004ec                __aeabi_l2d
                0x00000000080004ec                __floatdidf
 .text          0x0000000008000548      0x424 /Applications/STM32CubeIDE.app/Contents/Eclipse/plugins/com.st.stm32cube.ide.mcu.externaltools.gnu-tools-for-stm32.10.3-2021.10.macos64_1.0.0.202111181127/tools/bin/../lib/gcc/arm-none-eabi/10.3.1/thumb/v7e-m+fp/hard/libgcc.a(_arm_muldivdf3.o)
                0x0000000008000548                __aeabi_dmul
                0x0000000008000548                __muldf3
                0x000000000800079c                __aeabi_ddiv
                0x000000000800079c                __divdf3
 .text          0x000000000800096c      0x110 /Applications/STM32CubeIDE.app/Contents/Eclipse/plugins/com.st.stm32cube.ide.mcu.externaltools.gnu-tools-for-stm32.10.3-2021.10.macos64_1.0.0.202111181127/tools/bin/../lib/gcc/arm-none-eabi/10.3.1/thumb/v7e-m+fp/hard/libgcc.a(_arm_cmpdf2.o)
                0x000000000800096c                __gedf2
                0x000000000800096c                __gtdf2
                0x0000000008000974                __ledf2
                0x0000000008000974                __ltdf2
                0x000000000800097c                __cmpdf2
                0x000000000800097c                __eqdf2
                0x000000000800097c                __nedf2
                0x00000000080009f8                __aeabi_cdrcmple
                0x0000000008000a08                __aeabi_cdcmple
                0x0000000008000a08                __aeabi_cdcmpeq
                0x0000000008000a18                __aeabi_dcmpeq
                0x0000000008000a2c                __aeabi_dcmplt
                0x0000000008000a40                __aeabi_dcmple
                0x0000000008000a54                __aeabi_dcmpge
                0x0000000008000a68                __aeabi_dcmpgt
 .text          0x0000000008000a7c       0x50 /Applications/STM32CubeIDE.app/Contents/Eclipse/plugins/com.st.stm32cube.ide.mcu.externaltools.gnu-tools-for-stm32.10.3-2021.10.macos64_1.0.0.202111181127/tools/bin/../lib/gcc/arm-none-eabi/10.3.1/thumb/v7e-m+fp/hard/libgcc.a(_arm_fixdfsi.o)
                0x0000000008000a7c                __fixdfsi
                0x0000000008000a7c                __aeabi_d2iz
 .text          0x0000000008000acc       0xa0 /Applications/STM32CubeIDE.app/Contents/Eclipse/plugins/com.st.stm32cube.ide.mcu.externaltools.gnu-tools-for-stm32.10.3-2021.10.macos64_1.0.0.202111181127/tools/bin/../lib/gcc/arm-none-eabi/10.3.1/thumb/v7e-m+fp/hard/libgcc.a(_arm_truncdfsf2.o)
                0x0000000008000acc                __aeabi_d2f
                0x0000000008000acc                __truncdfsf2
 .text          0x0000000008000b6c       0x30 /Applications/STM32CubeIDE.app/Contents/Eclipse/plugins/com.st.stm32cube.ide.mcu.externaltools.gnu-tools-for-stm32.10.3-2021.10.macos64_1.0.0.202111181127/tools/bin/../lib/gcc/arm-none-eabi/10.3.1/thumb/v7e-m+fp/hard/libgcc.a(_aeabi_uldivmod.o)
                0x0000000008000b6c                __aeabi_uldivmod
 .text          0x0000000008000b9c      0x2d0 /Applications/STM32CubeIDE.app/Contents/Eclipse/plugins/com.st.stm32cube.ide.mcu.externaltools.gnu-tools-for-stm32.10.3-2021.10.macos64_1.0.0.202111181127/tools/bin/../lib/gcc/arm-none-eabi/10.3.1/thumb/v7e-m+fp/hard/libgcc.a(_udivmoddi4.o)
                0x0000000008000b9c                __udivmoddi4
 .text          0x0000000008000e6c        0x4 /Applications/STM32CubeIDE.app/Contents/Eclipse/plugins/com.st.stm32cube.ide.mcu.externaltools.gnu-tools-for-stm32.10.3-2021.10.macos64_1.0.0.202111181127/tools/bin/../lib/gcc/arm-none-eabi/10.3.1/thumb/v7e-m+fp/hard/libgcc.a(_dvmd_tls.o)
                0x0000000008000e6c                __aeabi_ldiv0
                0x0000000008000e6c                __aeabi_idiv0
 *(.text*)
 .text.fromTickToMs
                0x0000000008000e70       0x38 ./Core/Src/FreeRTOSTick.o
                0x0000000008000e70                fromTickToMs
 .text.GetCrc16Checksumm
                0x0000000008000ea8       0x7e ./Core/Src/checksum.o
                0x0000000008000ea8                GetCrc16Checksumm
 .text.IsCrc16ChecksummCorrect
                0x0000000008000f26       0x40 ./Core/Src/checksum.o
                0x0000000008000f26                IsCrc16ChecksummCorrect
 .text.AddCrc16Checksumm
                0x0000000008000f66       0x32 ./Core/Src/checksum.o
                0x0000000008000f66                AddCrc16Checksumm
 .text.IsChecksumm8bCorrectVma
                0x0000000008000f98       0x5a ./Core/Src/checksum.o
                0x0000000008000f98                IsChecksumm8bCorrectVma
 .text.AddChecksumm8bVma
                0x0000000008000ff2       0x4c ./Core/Src/checksum.o
                0x0000000008000ff2                AddChecksumm8bVma
 *fill*         0x000000000800103e        0x2 
 .text.PickBit  0x0000000008001040       0xd4 ./Core/Src/checksum.o
                0x0000000008001040                PickBit
 .text.variableInit
                0x0000000008001114      0x138 ./Core/Src/communication.o
                0x0000000008001114                variableInit
 .text.uartBusesInit
                0x000000000800124c      0x1fc ./Core/Src/communication.o
                0x000000000800124c                uartBusesInit
 .text.transmitPackage
                0x0000000008001448       0xd4 ./Core/Src/communication.o
                0x0000000008001448                transmitPackage
 .text.transmitAndReceive
                0x000000000800151c      0x11e ./Core/Src/communication.o
                0x000000000800151c                transmitAndReceive
 *fill*         0x000000000800163a        0x2 
 .text.HAL_UART_TxCpltCallback
                0x000000000800163c       0x70 ./Core/Src/communication.o
                0x000000000800163c                HAL_UART_TxCpltCallback
 .text.HAL_UART_RxCpltCallback
                0x00000000080016ac       0x80 ./Core/Src/communication.o
                0x00000000080016ac                HAL_UART_RxCpltCallback
 .text.HAL_I2C_MasterRxCpltCallback
                0x000000000800172c       0x2c ./Core/Src/communication.o
                0x000000000800172c                HAL_I2C_MasterRxCpltCallback
 .text.HAL_I2C_MasterTxCpltCallback
                0x0000000008001758       0x2c ./Core/Src/communication.o
                0x0000000008001758                HAL_I2C_MasterTxCpltCallback
 .text.ShoreReceive
                0x0000000008001784      0x120 ./Core/Src/communication.o
                0x0000000008001784                ShoreReceive
 .text.ShoreRequest
                0x00000000080018a4      0x344 ./Core/Src/communication.o
                0x00000000080018a4                ShoreRequest
 .text.ShoreResponse
                0x0000000008001be8       0x80 ./Core/Src/communication.o
                0x0000000008001be8                ShoreResponse
 .text.ImuReceive
                0x0000000008001c68       0xb8 ./Core/Src/communication.o
                0x0000000008001c68                ImuReceive
 .text.MX_DMA_Init
                0x0000000008001d20       0xcc ./Core/Src/dma.o
                0x0000000008001d20                MX_DMA_Init
 .text.flashReadSettings
                0x0000000008001dec       0x48 ./Core/Src/flash.o
                0x0000000008001dec                flashReadSettings
 .text.flashWriteSettings
                0x0000000008001e34       0x7c ./Core/Src/flash.o
                0x0000000008001e34                flashWriteSettings
 .text.flashFillStructure
                0x0000000008001eb0      0x2d8 ./Core/Src/flash.o
                0x0000000008001eb0                flashFillStructure
 .text.flashReadStructure
                0x0000000008002188      0x30c ./Core/Src/flash.o
                0x0000000008002188                flashReadStructure
 .text.vApplicationGetIdleTaskMemory
                0x0000000008002494       0x34 ./Core/Src/freertos.o
                0x0000000008002494                vApplicationGetIdleTaskMemory
 .text.vApplicationGetTimerTaskMemory
                0x00000000080024c8       0x34 ./Core/Src/freertos.o
                0x00000000080024c8                vApplicationGetTimerTaskMemory
 .text.MX_FREERTOS_Init
                0x00000000080024fc      0x134 ./Core/Src/freertos.o
                0x00000000080024fc                MX_FREERTOS_Init
 .text.func_tLedBlinkingTask
                0x0000000008002630       0x60 ./Core/Src/freertos.o
                0x0000000008002630                func_tLedBlinkingTask
 .text.func_tVmaCommTask
                0x0000000008002690       0xe8 ./Core/Src/freertos.o
                0x0000000008002690                func_tVmaCommTask
 .text.func_tImuCommTask
                0x0000000008002778       0xe4 ./Core/Src/freertos.o
                0x0000000008002778                func_tImuCommTask
 .text.func_tStabilizationTask
                0x000000000800285c       0x74 ./Core/Src/freertos.o
                0x000000000800285c                func_tStabilizationTask
 .text.func_tPcCommTask
                0x00000000080028d0       0x1e ./Core/Src/freertos.o
                0x00000000080028d0                func_tPcCommTask
 *fill*         0x00000000080028ee        0x2 
 .text.MX_GPIO_Init
                0x00000000080028f0       0xd4 ./Core/Src/gpio.o
                0x00000000080028f0                MX_GPIO_Init
 .text.MX_I2C1_Init
                0x00000000080029c4       0x5c ./Core/Src/i2c.o
                0x00000000080029c4                MX_I2C1_Init
 .text.HAL_I2C_MspInit
                0x0000000008002a20       0xa0 ./Core/Src/i2c.o
                0x0000000008002a20                HAL_I2C_MspInit
 .text.main     0x0000000008002ac0       0x36 ./Core/Src/main.o
                0x0000000008002ac0                main
 *fill*         0x0000000008002af6        0x2 
 .text.SystemClock_Config
                0x0000000008002af8       0xd0 ./Core/Src/main.o
                0x0000000008002af8                SystemClock_Config
 .text.HAL_TIM_PeriodElapsedCallback
                0x0000000008002bc8       0x1e ./Core/Src/main.o
                0x0000000008002bc8                HAL_TIM_PeriodElapsedCallback
 .text.Error_Handler
                0x0000000008002be6        0xa ./Core/Src/main.o
                0x0000000008002be6                Error_Handler
 .text.stabilizationInit
                0x0000000008002bf0      0x5f0 ./Core/Src/stabilization.o
                0x0000000008002bf0                stabilizationInit
 .text.stabilizationStart
                0x00000000080031e0      0x1dc ./Core/Src/stabilization.o
                0x00000000080031e0                stabilizationStart
 .text.stabilizationUpdate
                0x00000000080033bc      0x53c ./Core/Src/stabilization.o
                0x00000000080033bc                stabilizationUpdate
 .text.HAL_MspInit
                0x00000000080038f8       0x58 ./Core/Src/stm32f4xx_hal_msp.o
                0x00000000080038f8                HAL_MspInit
 .text.HAL_InitTick
                0x0000000008003950       0xf8 ./Core/Src/stm32f4xx_hal_timebase_tim.o
                0x0000000008003950                HAL_InitTick
 .text.NMI_Handler
                0x0000000008003a48        0x6 ./Core/Src/stm32f4xx_it.o
                0x0000000008003a48                NMI_Handler
 .text.HardFault_Handler
                0x0000000008003a4e        0x6 ./Core/Src/stm32f4xx_it.o
                0x0000000008003a4e                HardFault_Handler
 .text.MemManage_Handler
                0x0000000008003a54        0x6 ./Core/Src/stm32f4xx_it.o
                0x0000000008003a54                MemManage_Handler
 .text.BusFault_Handler
                0x0000000008003a5a        0x6 ./Core/Src/stm32f4xx_it.o
                0x0000000008003a5a                BusFault_Handler
 .text.UsageFault_Handler
                0x0000000008003a60        0x6 ./Core/Src/stm32f4xx_it.o
                0x0000000008003a60                UsageFault_Handler
 .text.DebugMon_Handler
                0x0000000008003a66        0xe ./Core/Src/stm32f4xx_it.o
                0x0000000008003a66                DebugMon_Handler
 .text.DMA1_Stream1_IRQHandler
                0x0000000008003a74       0x14 ./Core/Src/stm32f4xx_it.o
                0x0000000008003a74                DMA1_Stream1_IRQHandler
 .text.DMA1_Stream2_IRQHandler
                0x0000000008003a88       0x14 ./Core/Src/stm32f4xx_it.o
                0x0000000008003a88                DMA1_Stream2_IRQHandler
 .text.DMA1_Stream3_IRQHandler
                0x0000000008003a9c       0x14 ./Core/Src/stm32f4xx_it.o
                0x0000000008003a9c                DMA1_Stream3_IRQHandler
 .text.DMA1_Stream4_IRQHandler
                0x0000000008003ab0       0x14 ./Core/Src/stm32f4xx_it.o
                0x0000000008003ab0                DMA1_Stream4_IRQHandler
 .text.DMA1_Stream5_IRQHandler
                0x0000000008003ac4       0x14 ./Core/Src/stm32f4xx_it.o
                0x0000000008003ac4                DMA1_Stream5_IRQHandler
 .text.DMA1_Stream6_IRQHandler
                0x0000000008003ad8       0x14 ./Core/Src/stm32f4xx_it.o
                0x0000000008003ad8                DMA1_Stream6_IRQHandler
 .text.TIM2_IRQHandler
                0x0000000008003aec       0x14 ./Core/Src/stm32f4xx_it.o
                0x0000000008003aec                TIM2_IRQHandler
 .text.I2C1_EV_IRQHandler
                0x0000000008003b00       0x14 ./Core/Src/stm32f4xx_it.o
                0x0000000008003b00                I2C1_EV_IRQHandler
 .text.USART1_IRQHandler
                0x0000000008003b14       0x14 ./Core/Src/stm32f4xx_it.o
                0x0000000008003b14                USART1_IRQHandler
 .text.USART2_IRQHandler
                0x0000000008003b28       0x14 ./Core/Src/stm32f4xx_it.o
                0x0000000008003b28                USART2_IRQHandler
 .text.USART3_IRQHandler
                0x0000000008003b3c       0x14 ./Core/Src/stm32f4xx_it.o
                0x0000000008003b3c                USART3_IRQHandler
 .text.UART4_IRQHandler
                0x0000000008003b50       0x14 ./Core/Src/stm32f4xx_it.o
                0x0000000008003b50                UART4_IRQHandler
 .text.DMA2_Stream2_IRQHandler
                0x0000000008003b64       0x14 ./Core/Src/stm32f4xx_it.o
                0x0000000008003b64                DMA2_Stream2_IRQHandler
 .text.DMA2_Stream7_IRQHandler
                0x0000000008003b78       0x14 ./Core/Src/stm32f4xx_it.o
                0x0000000008003b78                DMA2_Stream7_IRQHandler
 .text.SystemInit
                0x0000000008003b8c       0x24 ./Core/Src/system_stm32f4xx.o
                0x0000000008003b8c                SystemInit
 .text.thrustersInit
                0x0000000008003bb0      0x160 ./Core/Src/thrusters.o
                0x0000000008003bb0                thrustersInit
 .text.fillThrustersRequest
                0x0000000008003d10      0x104 ./Core/Src/thrusters.o
                0x0000000008003d10                fillThrustersRequest
 .text.fillThrustersResponse
                0x0000000008003e14       0x78 ./Core/Src/thrusters.o
                0x0000000008003e14                fillThrustersResponse
 .text.formThrustVectors
                0x0000000008003e8c       0xbc ./Core/Src/thrusters.o
                0x0000000008003e8c                formThrustVectors
 .text.addMarchToSumm
                0x0000000008003f48       0x84 ./Core/Src/thrusters.o
                0x0000000008003f48                addMarchToSumm
 .text.addLagToSumm
                0x0000000008003fcc       0x70 ./Core/Src/thrusters.o
                0x0000000008003fcc                addLagToSumm
 .text.addDepthToSumm
                0x000000000800403c       0x6c ./Core/Src/thrusters.o
                0x000000000800403c                addDepthToSumm
 .text.addYawToSumm
                0x00000000080040a8       0x70 ./Core/Src/thrusters.o
                0x00000000080040a8                addYawToSumm
 .text.addRollToSumm
                0x0000000008004118       0x58 ./Core/Src/thrusters.o
                0x0000000008004118                addRollToSumm
 .text.addPitchToSumm
                0x0000000008004170       0xe4 ./Core/Src/thrusters.o
                0x0000000008004170                addPitchToSumm
 .text.resizeFloatToUint8
                0x0000000008004254       0x58 ./Core/Src/thrusters.o
                0x0000000008004254                resizeFloatToUint8
 .text.MX_TIM7_Init
                0x00000000080042ac       0x68 ./Core/Src/tim.o
                0x00000000080042ac                MX_TIM7_Init
 .text.HAL_TIM_Base_MspInit
                0x0000000008004314       0x44 ./Core/Src/tim.o
                0x0000000008004314                HAL_TIM_Base_MspInit
 .text.MX_UART4_Init
                0x0000000008004358       0x54 ./Core/Src/usart.o
                0x0000000008004358                MX_UART4_Init
 .text.MX_USART1_UART_Init
                0x00000000080043ac       0x54 ./Core/Src/usart.o
                0x00000000080043ac                MX_USART1_UART_Init
 .text.MX_USART2_UART_Init
                0x0000000008004400       0x54 ./Core/Src/usart.o
                0x0000000008004400                MX_USART2_UART_Init
 .text.MX_USART3_UART_Init
                0x0000000008004454       0x54 ./Core/Src/usart.o
                0x0000000008004454                MX_USART3_UART_Init
 .text.HAL_UART_MspInit
                0x00000000080044a8      0x54c ./Core/Src/usart.o
                0x00000000080044a8                HAL_UART_MspInit
 .text.Reset_Handler
                0x00000000080049f4       0x50 ./Core/Startup/startup_stm32f407vetx.o
                0x00000000080049f4                Reset_Handler
 .text.Default_Handler
                0x0000000008004a44        0x2 ./Core/Startup/startup_stm32f407vetx.o
                0x0000000008004a44                DMA2_Stream6_IRQHandler
                0x0000000008004a44                HASH_RNG_IRQHandler
                0x0000000008004a44                EXTI2_IRQHandler
                0x0000000008004a44                TIM8_CC_IRQHandler
                0x0000000008004a44                TIM1_CC_IRQHandler
                0x0000000008004a44                DMA2_Stream5_IRQHandler
                0x0000000008004a44                PVD_IRQHandler
                0x0000000008004a44                SDIO_IRQHandler
                0x0000000008004a44                TAMP_STAMP_IRQHandler
                0x0000000008004a44                CAN2_RX1_IRQHandler
                0x0000000008004a44                EXTI3_IRQHandler
                0x0000000008004a44                TIM8_TRG_COM_TIM14_IRQHandler
                0x0000000008004a44                TIM1_UP_TIM10_IRQHandler
                0x0000000008004a44                TIM8_UP_TIM13_IRQHandler
                0x0000000008004a44                I2C3_ER_IRQHandler
                0x0000000008004a44                EXTI0_IRQHandler
                0x0000000008004a44                I2C2_EV_IRQHandler
                0x0000000008004a44                CAN1_RX0_IRQHandler
                0x0000000008004a44                FPU_IRQHandler
                0x0000000008004a44                OTG_HS_WKUP_IRQHandler
                0x0000000008004a44                CAN2_SCE_IRQHandler
                0x0000000008004a44                SPI1_IRQHandler
                0x0000000008004a44                TIM6_DAC_IRQHandler
                0x0000000008004a44                TIM1_BRK_TIM9_IRQHandler
                0x0000000008004a44                DCMI_IRQHandler
                0x0000000008004a44                CAN2_RX0_IRQHandler
                0x0000000008004a44                DMA2_Stream3_IRQHandler
                0x0000000008004a44                USART6_IRQHandler
                0x0000000008004a44                CAN1_RX1_IRQHandler
                0x0000000008004a44                UART5_IRQHandler
                0x0000000008004a44                DMA2_Stream0_IRQHandler
                0x0000000008004a44                TIM4_IRQHandler
                0x0000000008004a44                TIM3_IRQHandler
                0x0000000008004a44                RCC_IRQHandler
                0x0000000008004a44                TIM8_BRK_TIM12_IRQHandler
                0x0000000008004a44                Default_Handler
                0x0000000008004a44                EXTI15_10_IRQHandler
                0x0000000008004a44                ADC_IRQHandler
                0x0000000008004a44                DMA1_Stream7_IRQHandler
                0x0000000008004a44                TIM7_IRQHandler
                0x0000000008004a44                CAN2_TX_IRQHandler
                0x0000000008004a44                TIM5_IRQHandler
                0x0000000008004a44                I2C3_EV_IRQHandler
                0x0000000008004a44                EXTI9_5_IRQHandler
                0x0000000008004a44                RTC_WKUP_IRQHandler
                0x0000000008004a44                ETH_WKUP_IRQHandler
                0x0000000008004a44                SPI2_IRQHandler
                0x0000000008004a44                OTG_HS_EP1_IN_IRQHandler
                0x0000000008004a44                DMA1_Stream0_IRQHandler
                0x0000000008004a44                CAN1_TX_IRQHandler
                0x0000000008004a44                EXTI4_IRQHandler
                0x0000000008004a44                FSMC_IRQHandler
                0x0000000008004a44                ETH_IRQHandler
                0x0000000008004a44                OTG_HS_EP1_OUT_IRQHandler
                0x0000000008004a44                WWDG_IRQHandler
                0x0000000008004a44                OTG_FS_WKUP_IRQHandler
                0x0000000008004a44                TIM1_TRG_COM_TIM11_IRQHandler
                0x0000000008004a44                OTG_HS_IRQHandler
                0x0000000008004a44                EXTI1_IRQHandler
                0x0000000008004a44                I2C2_ER_IRQHandler
                0x0000000008004a44                DMA2_Stream1_IRQHandler
                0x0000000008004a44                CAN1_SCE_IRQHandler
                0x0000000008004a44                FLASH_IRQHandler
                0x0000000008004a44                DMA2_Stream4_IRQHandler
                0x0000000008004a44                OTG_FS_IRQHandler
                0x0000000008004a44                SPI3_IRQHandler
                0x0000000008004a44                I2C1_ER_IRQHandler
                0x0000000008004a44                RTC_Alarm_IRQHandler
 *fill*         0x0000000008004a46        0x2 
 .text.HAL_Init
                0x0000000008004a48       0x44 ./Drivers/STM32F4xx_HAL_Driver/Src/stm32f4xx_hal.o
                0x0000000008004a48                HAL_Init
 .text.HAL_IncTick
                0x0000000008004a8c       0x28 ./Drivers/STM32F4xx_HAL_Driver/Src/stm32f4xx_hal.o
                0x0000000008004a8c                HAL_IncTick
 .text.HAL_GetTick
                0x0000000008004ab4       0x18 ./Drivers/STM32F4xx_HAL_Driver/Src/stm32f4xx_hal.o
                0x0000000008004ab4                HAL_GetTick
 .text.__NVIC_SetPriorityGrouping
                0x0000000008004acc       0x48 ./Drivers/STM32F4xx_HAL_Driver/Src/stm32f4xx_hal_cortex.o
 .text.__NVIC_GetPriorityGrouping
                0x0000000008004b14       0x1c ./Drivers/STM32F4xx_HAL_Driver/Src/stm32f4xx_hal_cortex.o
 .text.__NVIC_EnableIRQ
                0x0000000008004b30       0x3c ./Drivers/STM32F4xx_HAL_Driver/Src/stm32f4xx_hal_cortex.o
 .text.__NVIC_SetPriority
                0x0000000008004b6c       0x54 ./Drivers/STM32F4xx_HAL_Driver/Src/stm32f4xx_hal_cortex.o
 .text.NVIC_EncodePriority
                0x0000000008004bc0       0x66 ./Drivers/STM32F4xx_HAL_Driver/Src/stm32f4xx_hal_cortex.o
 .text.HAL_NVIC_SetPriorityGrouping
                0x0000000008004c26       0x16 ./Drivers/STM32F4xx_HAL_Driver/Src/stm32f4xx_hal_cortex.o
                0x0000000008004c26                HAL_NVIC_SetPriorityGrouping
 .text.HAL_NVIC_SetPriority
                0x0000000008004c3c       0x38 ./Drivers/STM32F4xx_HAL_Driver/Src/stm32f4xx_hal_cortex.o
                0x0000000008004c3c                HAL_NVIC_SetPriority
 .text.HAL_NVIC_EnableIRQ
                0x0000000008004c74       0x1c ./Drivers/STM32F4xx_HAL_Driver/Src/stm32f4xx_hal_cortex.o
                0x0000000008004c74                HAL_NVIC_EnableIRQ
 .text.HAL_DMA_Init
                0x0000000008004c90      0x15c ./Drivers/STM32F4xx_HAL_Driver/Src/stm32f4xx_hal_dma.o
                0x0000000008004c90                HAL_DMA_Init
 .text.HAL_DMA_Start_IT
                0x0000000008004dec       0xb0 ./Drivers/STM32F4xx_HAL_Driver/Src/stm32f4xx_hal_dma.o
                0x0000000008004dec                HAL_DMA_Start_IT
 .text.HAL_DMA_Abort
                0x0000000008004e9c       0xe0 ./Drivers/STM32F4xx_HAL_Driver/Src/stm32f4xx_hal_dma.o
                0x0000000008004e9c                HAL_DMA_Abort
 .text.HAL_DMA_Abort_IT
                0x0000000008004f7c       0x44 ./Drivers/STM32F4xx_HAL_Driver/Src/stm32f4xx_hal_dma.o
                0x0000000008004f7c                HAL_DMA_Abort_IT
 .text.HAL_DMA_IRQHandler
                0x0000000008004fc0      0x314 ./Drivers/STM32F4xx_HAL_Driver/Src/stm32f4xx_hal_dma.o
                0x0000000008004fc0                HAL_DMA_IRQHandler
 .text.HAL_DMA_GetState
                0x00000000080052d4       0x1c ./Drivers/STM32F4xx_HAL_Driver/Src/stm32f4xx_hal_dma.o
                0x00000000080052d4                HAL_DMA_GetState
 .text.DMA_SetConfig
                0x00000000080052f0       0x5c ./Drivers/STM32F4xx_HAL_Driver/Src/stm32f4xx_hal_dma.o
 .text.DMA_CalcBaseAndBitshift
                0x000000000800534c       0x6c ./Drivers/STM32F4xx_HAL_Driver/Src/stm32f4xx_hal_dma.o
 .text.DMA_CheckFifoParam
                0x00000000080053b8       0xf8 ./Drivers/STM32F4xx_HAL_Driver/Src/stm32f4xx_hal_dma.o
 .text.HAL_FLASH_Program
                0x00000000080054b0       0xa8 ./Drivers/STM32F4xx_HAL_Driver/Src/stm32f4xx_hal_flash.o
                0x00000000080054b0                HAL_FLASH_Program
 .text.HAL_FLASH_Unlock
                0x0000000008005558       0x44 ./Drivers/STM32F4xx_HAL_Driver/Src/stm32f4xx_hal_flash.o
                0x0000000008005558                HAL_FLASH_Unlock
 .text.HAL_FLASH_Lock
                0x000000000800559c       0x20 ./Drivers/STM32F4xx_HAL_Driver/Src/stm32f4xx_hal_flash.o
                0x000000000800559c                HAL_FLASH_Lock
 .text.FLASH_WaitForLastOperation
                0x00000000080055bc       0x80 ./Drivers/STM32F4xx_HAL_Driver/Src/stm32f4xx_hal_flash.o
                0x00000000080055bc                FLASH_WaitForLastOperation
 .text.FLASH_Program_DoubleWord
                0x000000000800563c       0x64 ./Drivers/STM32F4xx_HAL_Driver/Src/stm32f4xx_hal_flash.o
 .text.FLASH_Program_Word
                0x00000000080056a0       0x44 ./Drivers/STM32F4xx_HAL_Driver/Src/stm32f4xx_hal_flash.o
 .text.FLASH_Program_HalfWord
                0x00000000080056e4       0x48 ./Drivers/STM32F4xx_HAL_Driver/Src/stm32f4xx_hal_flash.o
 .text.FLASH_Program_Byte
                0x000000000800572c       0x44 ./Drivers/STM32F4xx_HAL_Driver/Src/stm32f4xx_hal_flash.o
 .text.FLASH_SetErrorCode
                0x0000000008005770       0xac ./Drivers/STM32F4xx_HAL_Driver/Src/stm32f4xx_hal_flash.o
 .text.HAL_FLASHEx_Erase
                0x000000000800581c       0xe0 ./Drivers/STM32F4xx_HAL_Driver/Src/stm32f4xx_hal_flash_ex.o
                0x000000000800581c                HAL_FLASHEx_Erase
 .text.FLASH_MassErase
                0x00000000080058fc       0x48 ./Drivers/STM32F4xx_HAL_Driver/Src/stm32f4xx_hal_flash_ex.o
 .text.FLASH_Erase_Sector
                0x0000000008005944       0x90 ./Drivers/STM32F4xx_HAL_Driver/Src/stm32f4xx_hal_flash_ex.o
                0x0000000008005944                FLASH_Erase_Sector
 .text.FLASH_FlushCaches
                0x00000000080059d4       0x8c ./Drivers/STM32F4xx_HAL_Driver/Src/stm32f4xx_hal_flash_ex.o
                0x00000000080059d4                FLASH_FlushCaches
 .text.HAL_GPIO_Init
                0x0000000008005a60      0x338 ./Drivers/STM32F4xx_HAL_Driver/Src/stm32f4xx_hal_gpio.o
                0x0000000008005a60                HAL_GPIO_Init
 .text.HAL_GPIO_WritePin
                0x0000000008005d98       0x32 ./Drivers/STM32F4xx_HAL_Driver/Src/stm32f4xx_hal_gpio.o
                0x0000000008005d98                HAL_GPIO_WritePin
 .text.HAL_GPIO_TogglePin
                0x0000000008005dca       0x34 ./Drivers/STM32F4xx_HAL_Driver/Src/stm32f4xx_hal_gpio.o
                0x0000000008005dca                HAL_GPIO_TogglePin
 *fill*         0x0000000008005dfe        0x2 
 .text.HAL_I2C_Init
                0x0000000008005e00      0x288 ./Drivers/STM32F4xx_HAL_Driver/Src/stm32f4xx_hal_i2c.o
                0x0000000008005e00                HAL_I2C_Init
 .text.HAL_I2C_EV_IRQHandler
                0x0000000008006088      0x2e2 ./Drivers/STM32F4xx_HAL_Driver/Src/stm32f4xx_hal_i2c.o
                0x0000000008006088                HAL_I2C_EV_IRQHandler
 .text.HAL_I2C_SlaveTxCpltCallback
                0x000000000800636a       0x14 ./Drivers/STM32F4xx_HAL_Driver/Src/stm32f4xx_hal_i2c.o
                0x000000000800636a                HAL_I2C_SlaveTxCpltCallback
 .text.HAL_I2C_SlaveRxCpltCallback
                0x000000000800637e       0x14 ./Drivers/STM32F4xx_HAL_Driver/Src/stm32f4xx_hal_i2c.o
                0x000000000800637e                HAL_I2C_SlaveRxCpltCallback
 .text.HAL_I2C_AddrCallback
                0x0000000008006392       0x1c ./Drivers/STM32F4xx_HAL_Driver/Src/stm32f4xx_hal_i2c.o
                0x0000000008006392                HAL_I2C_AddrCallback
 .text.HAL_I2C_ListenCpltCallback
                0x00000000080063ae       0x14 ./Drivers/STM32F4xx_HAL_Driver/Src/stm32f4xx_hal_i2c.o
                0x00000000080063ae                HAL_I2C_ListenCpltCallback
 .text.HAL_I2C_MemTxCpltCallback
                0x00000000080063c2       0x14 ./Drivers/STM32F4xx_HAL_Driver/Src/stm32f4xx_hal_i2c.o
                0x00000000080063c2                HAL_I2C_MemTxCpltCallback
 .text.HAL_I2C_MemRxCpltCallback
                0x00000000080063d6       0x14 ./Drivers/STM32F4xx_HAL_Driver/Src/stm32f4xx_hal_i2c.o
                0x00000000080063d6                HAL_I2C_MemRxCpltCallback
 .text.HAL_I2C_ErrorCallback
                0x00000000080063ea       0x14 ./Drivers/STM32F4xx_HAL_Driver/Src/stm32f4xx_hal_i2c.o
                0x00000000080063ea                HAL_I2C_ErrorCallback
 .text.HAL_I2C_AbortCpltCallback
                0x00000000080063fe       0x14 ./Drivers/STM32F4xx_HAL_Driver/Src/stm32f4xx_hal_i2c.o
                0x00000000080063fe                HAL_I2C_AbortCpltCallback
 .text.I2C_MasterTransmit_TXE
                0x0000000008006412      0x138 ./Drivers/STM32F4xx_HAL_Driver/Src/stm32f4xx_hal_i2c.o
 .text.I2C_MasterTransmit_BTF
                0x000000000800654a       0xec ./Drivers/STM32F4xx_HAL_Driver/Src/stm32f4xx_hal_i2c.o
 .text.I2C_MemoryTransmit_TXE_BTF
                0x0000000008006636      0x128 ./Drivers/STM32F4xx_HAL_Driver/Src/stm32f4xx_hal_i2c.o
 .text.I2C_MasterReceive_RXNE
                0x000000000800675e      0x176 ./Drivers/STM32F4xx_HAL_Driver/Src/stm32f4xx_hal_i2c.o
 .text.I2C_MasterReceive_BTF
                0x00000000080068d4      0x1d4 ./Drivers/STM32F4xx_HAL_Driver/Src/stm32f4xx_hal_i2c.o
 .text.I2C_Master_SB
                0x0000000008006aa8      0x10c ./Drivers/STM32F4xx_HAL_Driver/Src/stm32f4xx_hal_i2c.o
 .text.I2C_Master_ADD10
                0x0000000008006bb4       0x54 ./Drivers/STM32F4xx_HAL_Driver/Src/stm32f4xx_hal_i2c.o
 .text.I2C_Master_ADDR
                0x0000000008006c08      0x322 ./Drivers/STM32F4xx_HAL_Driver/Src/stm32f4xx_hal_i2c.o
 .text.I2C_SlaveTransmit_TXE
                0x0000000008006f2a       0x7a ./Drivers/STM32F4xx_HAL_Driver/Src/stm32f4xx_hal_i2c.o
 .text.I2C_SlaveTransmit_BTF
                0x0000000008006fa4       0x42 ./Drivers/STM32F4xx_HAL_Driver/Src/stm32f4xx_hal_i2c.o
 .text.I2C_SlaveReceive_RXNE
                0x0000000008006fe6       0x7c ./Drivers/STM32F4xx_HAL_Driver/Src/stm32f4xx_hal_i2c.o
 .text.I2C_SlaveReceive_BTF
                0x0000000008007062       0x44 ./Drivers/STM32F4xx_HAL_Driver/Src/stm32f4xx_hal_i2c.o
 .text.I2C_Slave_ADDR
                0x00000000080070a6       0x94 ./Drivers/STM32F4xx_HAL_Driver/Src/stm32f4xx_hal_i2c.o
 *fill*         0x000000000800713a        0x2 
 .text.I2C_Slave_STOPF
                0x000000000800713c      0x260 ./Drivers/STM32F4xx_HAL_Driver/Src/stm32f4xx_hal_i2c.o
 .text.I2C_ITError
                0x000000000800739c      0x264 ./Drivers/STM32F4xx_HAL_Driver/Src/stm32f4xx_hal_i2c.o
 .text.I2C_DMAAbort
                0x0000000008007600      0x150 ./Drivers/STM32F4xx_HAL_Driver/Src/stm32f4xx_hal_i2c.o
 .text.I2C_WaitOnSTOPRequestThroughIT
                0x0000000008007750       0x64 ./Drivers/STM32F4xx_HAL_Driver/Src/stm32f4xx_hal_i2c.o
 .text.I2C_ConvertOtherXferOptions
                0x00000000080077b4       0x36 ./Drivers/STM32F4xx_HAL_Driver/Src/stm32f4xx_hal_i2c.o
 *fill*         0x00000000080077ea        0x2 
 .text.HAL_RCC_OscConfig
                0x00000000080077ec      0x4f0 ./Drivers/STM32F4xx_HAL_Driver/Src/stm32f4xx_hal_rcc.o
                0x00000000080077ec                HAL_RCC_OscConfig
 .text.HAL_RCC_ClockConfig
                0x0000000008007cdc      0x1cc ./Drivers/STM32F4xx_HAL_Driver/Src/stm32f4xx_hal_rcc.o
                0x0000000008007cdc                HAL_RCC_ClockConfig
 .text.HAL_RCC_GetSysClockFreq
                0x0000000008007ea8      0x18c ./Drivers/STM32F4xx_HAL_Driver/Src/stm32f4xx_hal_rcc.o
                0x0000000008007ea8                HAL_RCC_GetSysClockFreq
 .text.HAL_RCC_GetHCLKFreq
                0x0000000008008034       0x18 ./Drivers/STM32F4xx_HAL_Driver/Src/stm32f4xx_hal_rcc.o
                0x0000000008008034                HAL_RCC_GetHCLKFreq
 .text.HAL_RCC_GetPCLK1Freq
                0x000000000800804c       0x28 ./Drivers/STM32F4xx_HAL_Driver/Src/stm32f4xx_hal_rcc.o
                0x000000000800804c                HAL_RCC_GetPCLK1Freq
 .text.HAL_RCC_GetPCLK2Freq
                0x0000000008008074       0x28 ./Drivers/STM32F4xx_HAL_Driver/Src/stm32f4xx_hal_rcc.o
                0x0000000008008074                HAL_RCC_GetPCLK2Freq
 .text.HAL_RCC_GetClockConfig
                0x000000000800809c       0x64 ./Drivers/STM32F4xx_HAL_Driver/Src/stm32f4xx_hal_rcc.o
                0x000000000800809c                HAL_RCC_GetClockConfig
 .text.HAL_TIM_Base_Init
                0x0000000008008100       0x9e ./Drivers/STM32F4xx_HAL_Driver/Src/stm32f4xx_hal_tim.o
                0x0000000008008100                HAL_TIM_Base_Init
 *fill*         0x000000000800819e        0x2 
 .text.HAL_TIM_Base_Start_IT
                0x00000000080081a0       0xe0 ./Drivers/STM32F4xx_HAL_Driver/Src/stm32f4xx_hal_tim.o
                0x00000000080081a0                HAL_TIM_Base_Start_IT
 .text.HAL_TIM_IRQHandler
                0x0000000008008280      0x210 ./Drivers/STM32F4xx_HAL_Driver/Src/stm32f4xx_hal_tim.o
                0x0000000008008280                HAL_TIM_IRQHandler
 .text.HAL_TIM_OC_DelayElapsedCallback
                0x0000000008008490       0x14 ./Drivers/STM32F4xx_HAL_Driver/Src/stm32f4xx_hal_tim.o
                0x0000000008008490                HAL_TIM_OC_DelayElapsedCallback
 .text.HAL_TIM_IC_CaptureCallback
                0x00000000080084a4       0x14 ./Drivers/STM32F4xx_HAL_Driver/Src/stm32f4xx_hal_tim.o
                0x00000000080084a4                HAL_TIM_IC_CaptureCallback
 .text.HAL_TIM_PWM_PulseFinishedCallback
                0x00000000080084b8       0x14 ./Drivers/STM32F4xx_HAL_Driver/Src/stm32f4xx_hal_tim.o
                0x00000000080084b8                HAL_TIM_PWM_PulseFinishedCallback
 .text.HAL_TIM_TriggerCallback
                0x00000000080084cc       0x14 ./Drivers/STM32F4xx_HAL_Driver/Src/stm32f4xx_hal_tim.o
                0x00000000080084cc                HAL_TIM_TriggerCallback
 .text.TIM_Base_SetConfig
                0x00000000080084e0      0x140 ./Drivers/STM32F4xx_HAL_Driver/Src/stm32f4xx_hal_tim.o
                0x00000000080084e0                TIM_Base_SetConfig
 .text.HAL_TIMEx_MasterConfigSynchronization
                0x0000000008008620       0xf8 ./Drivers/STM32F4xx_HAL_Driver/Src/stm32f4xx_hal_tim_ex.o
                0x0000000008008620                HAL_TIMEx_MasterConfigSynchronization
 .text.HAL_TIMEx_CommutCallback
                0x0000000008008718       0x14 ./Drivers/STM32F4xx_HAL_Driver/Src/stm32f4xx_hal_tim_ex.o
                0x0000000008008718                HAL_TIMEx_CommutCallback
 .text.HAL_TIMEx_BreakCallback
                0x000000000800872c       0x14 ./Drivers/STM32F4xx_HAL_Driver/Src/stm32f4xx_hal_tim_ex.o
                0x000000000800872c                HAL_TIMEx_BreakCallback
 .text.HAL_UART_Init
                0x0000000008008740       0x9a ./Drivers/STM32F4xx_HAL_Driver/Src/stm32f4xx_hal_uart.o
                0x0000000008008740                HAL_UART_Init
 .text.HAL_UART_Transmit_IT
                0x00000000080087da       0x8a ./Drivers/STM32F4xx_HAL_Driver/Src/stm32f4xx_hal_uart.o
                0x00000000080087da                HAL_UART_Transmit_IT
 .text.HAL_UART_Receive_IT
                0x0000000008008864       0x60 ./Drivers/STM32F4xx_HAL_Driver/Src/stm32f4xx_hal_uart.o
                0x0000000008008864                HAL_UART_Receive_IT
 .text.HAL_UART_Transmit_DMA
                0x00000000080088c4       0xfc ./Drivers/STM32F4xx_HAL_Driver/Src/stm32f4xx_hal_uart.o
                0x00000000080088c4                HAL_UART_Transmit_DMA
 .text.HAL_UART_Receive_DMA
                0x00000000080089c0       0x60 ./Drivers/STM32F4xx_HAL_Driver/Src/stm32f4xx_hal_uart.o
                0x00000000080089c0                HAL_UART_Receive_DMA
 .text.HAL_UART_AbortTransmit_IT
                0x0000000008008a20       0xe8 ./Drivers/STM32F4xx_HAL_Driver/Src/stm32f4xx_hal_uart.o
                0x0000000008008a20                HAL_UART_AbortTransmit_IT
 .text.HAL_UART_AbortReceive_IT
                0x0000000008008b08      0x164 ./Drivers/STM32F4xx_HAL_Driver/Src/stm32f4xx_hal_uart.o
                0x0000000008008b08                HAL_UART_AbortReceive_IT
 .text.HAL_UART_IRQHandler
                0x0000000008008c6c      0x51c ./Drivers/STM32F4xx_HAL_Driver/Src/stm32f4xx_hal_uart.o
                0x0000000008008c6c                HAL_UART_IRQHandler
 .text.HAL_UART_TxHalfCpltCallback
                0x0000000008009188       0x14 ./Drivers/STM32F4xx_HAL_Driver/Src/stm32f4xx_hal_uart.o
                0x0000000008009188                HAL_UART_TxHalfCpltCallback
 .text.HAL_UART_RxHalfCpltCallback
                0x000000000800919c       0x14 ./Drivers/STM32F4xx_HAL_Driver/Src/stm32f4xx_hal_uart.o
                0x000000000800919c                HAL_UART_RxHalfCpltCallback
 .text.HAL_UART_ErrorCallback
                0x00000000080091b0       0x14 ./Drivers/STM32F4xx_HAL_Driver/Src/stm32f4xx_hal_uart.o
                0x00000000080091b0                HAL_UART_ErrorCallback
 .text.HAL_UART_AbortTransmitCpltCallback
                0x00000000080091c4       0x14 ./Drivers/STM32F4xx_HAL_Driver/Src/stm32f4xx_hal_uart.o
                0x00000000080091c4                HAL_UART_AbortTransmitCpltCallback
 .text.HAL_UART_AbortReceiveCpltCallback
                0x00000000080091d8       0x14 ./Drivers/STM32F4xx_HAL_Driver/Src/stm32f4xx_hal_uart.o
                0x00000000080091d8                HAL_UART_AbortReceiveCpltCallback
 .text.HAL_UARTEx_RxEventCallback
                0x00000000080091ec       0x18 ./Drivers/STM32F4xx_HAL_Driver/Src/stm32f4xx_hal_uart.o
                0x00000000080091ec                HAL_UARTEx_RxEventCallback
 .text.UART_DMATransmitCplt
                0x0000000008009204       0x9a ./Drivers/STM32F4xx_HAL_Driver/Src/stm32f4xx_hal_uart.o
 .text.UART_DMATxHalfCplt
                0x000000000800929e       0x1c ./Drivers/STM32F4xx_HAL_Driver/Src/stm32f4xx_hal_uart.o
 .text.UART_DMAReceiveCplt
                0x00000000080092ba      0x126 ./Drivers/STM32F4xx_HAL_Driver/Src/stm32f4xx_hal_uart.o
 .text.UART_DMARxHalfCplt
                0x00000000080093e0       0x36 ./Drivers/STM32F4xx_HAL_Driver/Src/stm32f4xx_hal_uart.o
 .text.UART_DMAError
                0x0000000008009416       0x94 ./Drivers/STM32F4xx_HAL_Driver/Src/stm32f4xx_hal_uart.o
 .text.UART_Start_Receive_IT
                0x00000000080094aa       0x7c ./Drivers/STM32F4xx_HAL_Driver/Src/stm32f4xx_hal_uart.o
                0x00000000080094aa                UART_Start_Receive_IT
 *fill*         0x0000000008009526        0x2 
 .text.UART_Start_Receive_DMA
                0x0000000008009528      0x13c ./Drivers/STM32F4xx_HAL_Driver/Src/stm32f4xx_hal_uart.o
                0x0000000008009528                UART_Start_Receive_DMA
 .text.UART_EndTxTransfer
                0x0000000008009664       0x50 ./Drivers/STM32F4xx_HAL_Driver/Src/stm32f4xx_hal_uart.o
 .text.UART_EndRxTransfer
                0x00000000080096b4       0xc6 ./Drivers/STM32F4xx_HAL_Driver/Src/stm32f4xx_hal_uart.o
 .text.UART_DMAAbortOnError
                0x000000000800977a       0x28 ./Drivers/STM32F4xx_HAL_Driver/Src/stm32f4xx_hal_uart.o
 .text.UART_DMATxOnlyAbortCallback
                0x00000000080097a2       0x2a ./Drivers/STM32F4xx_HAL_Driver/Src/stm32f4xx_hal_uart.o
 .text.UART_DMARxOnlyAbortCallback
                0x00000000080097cc       0x30 ./Drivers/STM32F4xx_HAL_Driver/Src/stm32f4xx_hal_uart.o
 .text.UART_Transmit_IT
                0x00000000080097fc       0xa0 ./Drivers/STM32F4xx_HAL_Driver/Src/stm32f4xx_hal_uart.o
 .text.UART_EndTransmit_IT
                0x000000000800989c       0x30 ./Drivers/STM32F4xx_HAL_Driver/Src/stm32f4xx_hal_uart.o
 .text.UART_Receive_IT
                0x00000000080098cc      0x176 ./Drivers/STM32F4xx_HAL_Driver/Src/stm32f4xx_hal_uart.o
 *fill*         0x0000000008009a42        0x2 
 .text.UART_SetConfig
                0x0000000008009a44      0x4e8 ./Drivers/STM32F4xx_HAL_Driver/Src/stm32f4xx_hal_uart.o
 .text.makeFreeRtosPriority
                0x0000000008009f2c       0x30 ./Middlewares/Third_Party/FreeRTOS/Source/CMSIS_RTOS/cmsis_os.o
 .text.inHandlerMode
                0x0000000008009f5c       0x24 ./Middlewares/Third_Party/FreeRTOS/Source/CMSIS_RTOS/cmsis_os.o
 .text.osKernelStart
                0x0000000008009f80        0xe ./Middlewares/Third_Party/FreeRTOS/Source/CMSIS_RTOS/cmsis_os.o
                0x0000000008009f80                osKernelStart
 .text.osKernelSysTick
                0x0000000008009f8e       0x20 ./Middlewares/Third_Party/FreeRTOS/Source/CMSIS_RTOS/cmsis_os.o
                0x0000000008009f8e                osKernelSysTick
 .text.osThreadCreate
                0x0000000008009fae       0x98 ./Middlewares/Third_Party/FreeRTOS/Source/CMSIS_RTOS/cmsis_os.o
                0x0000000008009fae                osThreadCreate
 .text.osDelay  0x000000000800a046       0x28 ./Middlewares/Third_Party/FreeRTOS/Source/CMSIS_RTOS/cmsis_os.o
                0x000000000800a046                osDelay
 .text.osMutexCreate
                0x000000000800a06e       0x30 ./Middlewares/Third_Party/FreeRTOS/Source/CMSIS_RTOS/cmsis_os.o
                0x000000000800a06e                osMutexCreate
 .text.osDelayUntil
                0x000000000800a09e       0x2c ./Middlewares/Third_Party/FreeRTOS/Source/CMSIS_RTOS/cmsis_os.o
                0x000000000800a09e                osDelayUntil
 .text.vListInitialise
                0x000000000800a0ca       0x40 ./Middlewares/Third_Party/FreeRTOS/Source/list.o
                0x000000000800a0ca                vListInitialise
 .text.vListInitialiseItem
                0x000000000800a10a       0x1a ./Middlewares/Third_Party/FreeRTOS/Source/list.o
                0x000000000800a10a                vListInitialiseItem
 .text.vListInsertEnd
                0x000000000800a124       0x48 ./Middlewares/Third_Party/FreeRTOS/Source/list.o
                0x000000000800a124                vListInsertEnd
 .text.vListInsert
                0x000000000800a16c       0x72 ./Middlewares/Third_Party/FreeRTOS/Source/list.o
                0x000000000800a16c                vListInsert
 .text.uxListRemove
                0x000000000800a1de       0x54 ./Middlewares/Third_Party/FreeRTOS/Source/list.o
                0x000000000800a1de                uxListRemove
 *fill*         0x000000000800a232        0x2 
 .text.xQueueGenericReset
                0x000000000800a234       0xd0 ./Middlewares/Third_Party/FreeRTOS/Source/queue.o
                0x000000000800a234                xQueueGenericReset
 .text.xQueueGenericCreateStatic
                0x000000000800a304       0xf0 ./Middlewares/Third_Party/FreeRTOS/Source/queue.o
                0x000000000800a304                xQueueGenericCreateStatic
 .text.xQueueGenericCreate
                0x000000000800a3f4       0x74 ./Middlewares/Third_Party/FreeRTOS/Source/queue.o
                0x000000000800a3f4                xQueueGenericCreate
 .text.prvInitialiseNewQueue
                0x000000000800a468       0x3e ./Middlewares/Third_Party/FreeRTOS/Source/queue.o
 .text.prvInitialiseMutex
                0x000000000800a4a6       0x34 ./Middlewares/Third_Party/FreeRTOS/Source/queue.o
 .text.xQueueCreateMutex
                0x000000000800a4da       0x30 ./Middlewares/Third_Party/FreeRTOS/Source/queue.o
                0x000000000800a4da                xQueueCreateMutex
 .text.xQueueCreateMutexStatic
                0x000000000800a50a       0x36 ./Middlewares/Third_Party/FreeRTOS/Source/queue.o
                0x000000000800a50a                xQueueCreateMutexStatic
 .text.xQueueGenericSend
                0x000000000800a540      0x1fc ./Middlewares/Third_Party/FreeRTOS/Source/queue.o
                0x000000000800a540                xQueueGenericSend
 .text.xQueueGenericSendFromISR
                0x000000000800a73c      0x136 ./Middlewares/Third_Party/FreeRTOS/Source/queue.o
                0x000000000800a73c                xQueueGenericSendFromISR
 *fill*         0x000000000800a872        0x2 
 .text.xQueueReceive
                0x000000000800a874      0x1c0 ./Middlewares/Third_Party/FreeRTOS/Source/queue.o
                0x000000000800a874                xQueueReceive
 .text.xQueueSemaphoreTake
                0x000000000800aa34      0x218 ./Middlewares/Third_Party/FreeRTOS/Source/queue.o
                0x000000000800aa34                xQueueSemaphoreTake
 .text.prvGetDisinheritPriorityAfterTimeout
                0x000000000800ac4c       0x30 ./Middlewares/Third_Party/FreeRTOS/Source/queue.o
 .text.prvCopyDataToQueue
                0x000000000800ac7c       0xd4 ./Middlewares/Third_Party/FreeRTOS/Source/queue.o
 .text.prvCopyDataFromQueue
                0x000000000800ad50       0x4c ./Middlewares/Third_Party/FreeRTOS/Source/queue.o
 .text.prvUnlockQueue
                0x000000000800ad9c       0xa4 ./Middlewares/Third_Party/FreeRTOS/Source/queue.o
 .text.prvIsQueueEmpty
                0x000000000800ae40       0x2c ./Middlewares/Third_Party/FreeRTOS/Source/queue.o
 .text.prvIsQueueFull
                0x000000000800ae6c       0x30 ./Middlewares/Third_Party/FreeRTOS/Source/queue.o
 .text.vQueueAddToRegistry
                0x000000000800ae9c       0x54 ./Middlewares/Third_Party/FreeRTOS/Source/queue.o
                0x000000000800ae9c                vQueueAddToRegistry
 .text.vQueueWaitForMessageRestricted
                0x000000000800aef0       0x68 ./Middlewares/Third_Party/FreeRTOS/Source/queue.o
                0x000000000800aef0                vQueueWaitForMessageRestricted
 .text.xTaskCreateStatic
                0x000000000800af58       0xba ./Middlewares/Third_Party/FreeRTOS/Source/tasks.o
                0x000000000800af58                xTaskCreateStatic
 .text.xTaskCreate
                0x000000000800b012       0x8a ./Middlewares/Third_Party/FreeRTOS/Source/tasks.o
                0x000000000800b012                xTaskCreate
 .text.prvInitialiseNewTask
                0x000000000800b09c      0x10e ./Middlewares/Third_Party/FreeRTOS/Source/tasks.o
 *fill*         0x000000000800b1aa        0x2 
 .text.prvAddNewTaskToReadyList
                0x000000000800b1ac       0xd4 ./Middlewares/Third_Party/FreeRTOS/Source/tasks.o
 .text.vTaskDelayUntil
                0x000000000800b280       0xfc ./Middlewares/Third_Party/FreeRTOS/Source/tasks.o
                0x000000000800b280                vTaskDelayUntil
 .text.vTaskDelay
                0x000000000800b37c       0x68 ./Middlewares/Third_Party/FreeRTOS/Source/tasks.o
                0x000000000800b37c                vTaskDelay
 .text.vTaskStartScheduler
                0x000000000800b3e4       0xcc ./Middlewares/Third_Party/FreeRTOS/Source/tasks.o
                0x000000000800b3e4                vTaskStartScheduler
 .text.vTaskSuspendAll
                0x000000000800b4b0       0x1c ./Middlewares/Third_Party/FreeRTOS/Source/tasks.o
                0x000000000800b4b0                vTaskSuspendAll
 .text.xTaskResumeAll
                0x000000000800b4cc      0x138 ./Middlewares/Third_Party/FreeRTOS/Source/tasks.o
                0x000000000800b4cc                xTaskResumeAll
 .text.xTaskGetTickCount
                0x000000000800b604       0x20 ./Middlewares/Third_Party/FreeRTOS/Source/tasks.o
                0x000000000800b604                xTaskGetTickCount
 .text.xTaskGetTickCountFromISR
                0x000000000800b624       0x24 ./Middlewares/Third_Party/FreeRTOS/Source/tasks.o
                0x000000000800b624                xTaskGetTickCountFromISR
 .text.xTaskIncrementTick
                0x000000000800b648      0x170 ./Middlewares/Third_Party/FreeRTOS/Source/tasks.o
                0x000000000800b648                xTaskIncrementTick
 .text.vTaskSwitchContext
                0x000000000800b7b8       0xb8 ./Middlewares/Third_Party/FreeRTOS/Source/tasks.o
                0x000000000800b7b8                vTaskSwitchContext
 .text.vTaskPlaceOnEventList
                0x000000000800b870       0x48 ./Middlewares/Third_Party/FreeRTOS/Source/tasks.o
                0x000000000800b870                vTaskPlaceOnEventList
 .text.vTaskPlaceOnEventListRestricted
                0x000000000800b8b8       0x58 ./Middlewares/Third_Party/FreeRTOS/Source/tasks.o
                0x000000000800b8b8                vTaskPlaceOnEventListRestricted
 .text.xTaskRemoveFromEventList
                0x000000000800b910       0xc4 ./Middlewares/Third_Party/FreeRTOS/Source/tasks.o
                0x000000000800b910                xTaskRemoveFromEventList
 .text.vTaskInternalSetTimeOutState
                0x000000000800b9d4       0x2c ./Middlewares/Third_Party/FreeRTOS/Source/tasks.o
                0x000000000800b9d4                vTaskInternalSetTimeOutState
 .text.xTaskCheckForTimeOut
                0x000000000800ba00       0xc4 ./Middlewares/Third_Party/FreeRTOS/Source/tasks.o
                0x000000000800ba00                xTaskCheckForTimeOut
 .text.vTaskMissedYield
                0x000000000800bac4       0x18 ./Middlewares/Third_Party/FreeRTOS/Source/tasks.o
                0x000000000800bac4                vTaskMissedYield
 .text.prvIdleTask
                0x000000000800badc       0x30 ./Middlewares/Third_Party/FreeRTOS/Source/tasks.o
 .text.prvInitialiseTaskLists
                0x000000000800bb0c       0x80 ./Middlewares/Third_Party/FreeRTOS/Source/tasks.o
 .text.prvCheckTasksWaitingTermination
                0x000000000800bb8c       0x5c ./Middlewares/Third_Party/FreeRTOS/Source/tasks.o
 .text.prvDeleteTCB
                0x000000000800bbe8       0x5e ./Middlewares/Third_Party/FreeRTOS/Source/tasks.o
 *fill*         0x000000000800bc46        0x2 
 .text.prvResetNextTaskUnblockTime
                0x000000000800bc48       0x40 ./Middlewares/Third_Party/FreeRTOS/Source/tasks.o
 .text.xTaskGetSchedulerState
                0x000000000800bc88       0x3c ./Middlewares/Third_Party/FreeRTOS/Source/tasks.o
                0x000000000800bc88                xTaskGetSchedulerState
 .text.xTaskPriorityInherit
                0x000000000800bcc4       0xec ./Middlewares/Third_Party/FreeRTOS/Source/tasks.o
                0x000000000800bcc4                xTaskPriorityInherit
 .text.xTaskPriorityDisinherit
                0x000000000800bdb0      0x10c ./Middlewares/Third_Party/FreeRTOS/Source/tasks.o
                0x000000000800bdb0                xTaskPriorityDisinherit
 .text.vTaskPriorityDisinheritAfterTimeout
                0x000000000800bebc      0x11c ./Middlewares/Third_Party/FreeRTOS/Source/tasks.o
                0x000000000800bebc                vTaskPriorityDisinheritAfterTimeout
 .text.pvTaskIncrementMutexHeldCount
                0x000000000800bfd8       0x28 ./Middlewares/Third_Party/FreeRTOS/Source/tasks.o
                0x000000000800bfd8                pvTaskIncrementMutexHeldCount
 .text.prvAddCurrentTaskToDelayedList
                0x000000000800c000       0xcc ./Middlewares/Third_Party/FreeRTOS/Source/tasks.o
 .text.xTimerCreateTimerTask
                0x000000000800c0cc       0x90 ./Middlewares/Third_Party/FreeRTOS/Source/timers.o
                0x000000000800c0cc                xTimerCreateTimerTask
 .text.xTimerGenericCommand
                0x000000000800c15c       0x9c ./Middlewares/Third_Party/FreeRTOS/Source/timers.o
                0x000000000800c15c                xTimerGenericCommand
 .text.prvProcessExpiredTimer
                0x000000000800c1f8       0x98 ./Middlewares/Third_Party/FreeRTOS/Source/timers.o
 .text.prvTimerTask
                0x000000000800c290       0x24 ./Middlewares/Third_Party/FreeRTOS/Source/timers.o
 .text.prvProcessTimerOrBlockTask
                0x000000000800c2b4       0x9c ./Middlewares/Third_Party/FreeRTOS/Source/timers.o
 .text.prvGetNextExpireTime
                0x000000000800c350       0x48 ./Middlewares/Third_Party/FreeRTOS/Source/timers.o
 .text.prvSampleTimeNow
                0x000000000800c398       0x40 ./Middlewares/Third_Party/FreeRTOS/Source/timers.o
 .text.prvInsertTimerInActiveList
                0x000000000800c3d8       0x84 ./Middlewares/Third_Party/FreeRTOS/Source/timers.o
 .text.prvProcessReceivedCommands
                0x000000000800c45c      0x18c ./Middlewares/Third_Party/FreeRTOS/Source/timers.o
 .text.prvSwitchTimerLists
                0x000000000800c5e8       0xc8 ./Middlewares/Third_Party/FreeRTOS/Source/timers.o
 .text.prvCheckForValidListAndQueue
                0x000000000800c6b0       0x80 ./Middlewares/Third_Party/FreeRTOS/Source/timers.o
 .text.pxPortInitialiseStack
                0x000000000800c730       0x68 ./Middlewares/Third_Party/FreeRTOS/Source/portable/GCC/ARM_CM4F/port.o
                0x000000000800c730                pxPortInitialiseStack
 .text.prvTaskExitError
                0x000000000800c798       0x58 ./Middlewares/Third_Party/FreeRTOS/Source/portable/GCC/ARM_CM4F/port.o
 .text.SVC_Handler
                0x000000000800c7f0       0x28 ./Middlewares/Third_Party/FreeRTOS/Source/portable/GCC/ARM_CM4F/port.o
                0x000000000800c7f0                SVC_Handler
 .text.prvPortStartFirstTask
                0x000000000800c818       0x28 ./Middlewares/Third_Party/FreeRTOS/Source/portable/GCC/ARM_CM4F/port.o
 .text.xPortStartScheduler
                0x000000000800c840      0x144 ./Middlewares/Third_Party/FreeRTOS/Source/portable/GCC/ARM_CM4F/port.o
                0x000000000800c840                xPortStartScheduler
 .text.vPortEnterCritical
                0x000000000800c984       0x60 ./Middlewares/Third_Party/FreeRTOS/Source/portable/GCC/ARM_CM4F/port.o
                0x000000000800c984                vPortEnterCritical
 .text.vPortExitCritical
                0x000000000800c9e4       0x54 ./Middlewares/Third_Party/FreeRTOS/Source/portable/GCC/ARM_CM4F/port.o
                0x000000000800c9e4                vPortExitCritical
 *fill*         0x000000000800ca38        0x8 
 .text.PendSV_Handler
                0x000000000800ca40       0x68 ./Middlewares/Third_Party/FreeRTOS/Source/portable/GCC/ARM_CM4F/port.o
                0x000000000800ca40                PendSV_Handler
 .text.SysTick_Handler
                0x000000000800caa8       0x44 ./Middlewares/Third_Party/FreeRTOS/Source/portable/GCC/ARM_CM4F/port.o
                0x000000000800caa8                SysTick_Handler
 .text.vPortSetupTimerInterrupt
                0x000000000800caec       0x48 ./Middlewares/Third_Party/FreeRTOS/Source/portable/GCC/ARM_CM4F/port.o
                0x000000000800caec                vPortSetupTimerInterrupt
 .text.vPortEnableVFP
                0x000000000800cb34       0x14 ./Middlewares/Third_Party/FreeRTOS/Source/portable/GCC/ARM_CM4F/port.o
 .text.vPortValidateInterruptPriority
                0x000000000800cb48       0x80 ./Middlewares/Third_Party/FreeRTOS/Source/portable/GCC/ARM_CM4F/port.o
                0x000000000800cb48                vPortValidateInterruptPriority
 .text.pvPortMalloc
                0x000000000800cbc8      0x198 ./Middlewares/Third_Party/FreeRTOS/Source/portable/MemMang/heap_4.o
                0x000000000800cbc8                pvPortMalloc
 .text.vPortFree
                0x000000000800cd60       0xc4 ./Middlewares/Third_Party/FreeRTOS/Source/portable/MemMang/heap_4.o
                0x000000000800cd60                vPortFree
 .text.prvHeapInit
                0x000000000800ce24       0xc4 ./Middlewares/Third_Party/FreeRTOS/Source/portable/MemMang/heap_4.o
 .text.prvInsertBlockIntoFreeList
                0x000000000800cee8       0xb4 ./Middlewares/Third_Party/FreeRTOS/Source/portable/MemMang/heap_4.o
 .text.__errno  0x000000000800cf9c        0xc /Applications/STM32CubeIDE.app/Contents/Eclipse/plugins/com.st.stm32cube.ide.mcu.externaltools.gnu-tools-for-stm32.10.3-2021.10.macos64_1.0.0.202111181127/tools/bin/../lib/gcc/arm-none-eabi/10.3.1/../../../../arm-none-eabi/lib/thumb/v7e-m+fp/hard/libc_nano.a(lib_a-errno.o)
                0x000000000800cf9c                __errno
 .text.__libc_init_array
                0x000000000800cfa8       0x48 /Applications/STM32CubeIDE.app/Contents/Eclipse/plugins/com.st.stm32cube.ide.mcu.externaltools.gnu-tools-for-stm32.10.3-2021.10.macos64_1.0.0.202111181127/tools/bin/../lib/gcc/arm-none-eabi/10.3.1/../../../../arm-none-eabi/lib/thumb/v7e-m+fp/hard/libc_nano.a(lib_a-init.o)
                0x000000000800cfa8                __libc_init_array
 .text.memcpy   0x000000000800cff0       0x1c /Applications/STM32CubeIDE.app/Contents/Eclipse/plugins/com.st.stm32cube.ide.mcu.externaltools.gnu-tools-for-stm32.10.3-2021.10.macos64_1.0.0.202111181127/tools/bin/../lib/gcc/arm-none-eabi/10.3.1/../../../../arm-none-eabi/lib/thumb/v7e-m+fp/hard/libc_nano.a(lib_a-memcpy-stub.o)
                0x000000000800cff0                memcpy
 .text.memset   0x000000000800d00c       0x10 /Applications/STM32CubeIDE.app/Contents/Eclipse/plugins/com.st.stm32cube.ide.mcu.externaltools.gnu-tools-for-stm32.10.3-2021.10.macos64_1.0.0.202111181127/tools/bin/../lib/gcc/arm-none-eabi/10.3.1/../../../../arm-none-eabi/lib/thumb/v7e-m+fp/hard/libc_nano.a(lib_a-memset.o)
                0x000000000800d00c                memset
 *fill*         0x000000000800d01c        0x4 
 .text.exp      0x000000000800d020       0x90 /Applications/STM32CubeIDE.app/Contents/Eclipse/plugins/com.st.stm32cube.ide.mcu.externaltools.gnu-tools-for-stm32.10.3-2021.10.macos64_1.0.0.202111181127/tools/bin/../lib/gcc/arm-none-eabi/10.3.1/../../../../arm-none-eabi/lib/thumb/v7e-m+fp/hard/libm.a(lib_a-w_exp.o)
                0x000000000800d020                exp
 .text.__ieee754_exp
                0x000000000800d0b0      0x304 /Applications/STM32CubeIDE.app/Contents/Eclipse/plugins/com.st.stm32cube.ide.mcu.externaltools.gnu-tools-for-stm32.10.3-2021.10.macos64_1.0.0.202111181127/tools/bin/../lib/gcc/arm-none-eabi/10.3.1/../../../../arm-none-eabi/lib/thumb/v7e-m+fp/hard/libm.a(lib_a-e_exp.o)
                0x000000000800d0b0                __ieee754_exp
 .text.with_errno
                0x000000000800d3b4       0x14 /Applications/STM32CubeIDE.app/Contents/Eclipse/plugins/com.st.stm32cube.ide.mcu.externaltools.gnu-tools-for-stm32.10.3-2021.10.macos64_1.0.0.202111181127/tools/bin/../lib/gcc/arm-none-eabi/10.3.1/../../../../arm-none-eabi/lib/thumb/v7e-m+fp/hard/libm.a(lib_a-math_err.o)
 .text.xflow    0x000000000800d3c8       0x28 /Applications/STM32CubeIDE.app/Contents/Eclipse/plugins/com.st.stm32cube.ide.mcu.externaltools.gnu-tools-for-stm32.10.3-2021.10.macos64_1.0.0.202111181127/tools/bin/../lib/gcc/arm-none-eabi/10.3.1/../../../../arm-none-eabi/lib/thumb/v7e-m+fp/hard/libm.a(lib_a-math_err.o)
 .text.__math_uflow
                0x000000000800d3f0       0x12 /Applications/STM32CubeIDE.app/Contents/Eclipse/plugins/com.st.stm32cube.ide.mcu.externaltools.gnu-tools-for-stm32.10.3-2021.10.macos64_1.0.0.202111181127/tools/bin/../lib/gcc/arm-none-eabi/10.3.1/../../../../arm-none-eabi/lib/thumb/v7e-m+fp/hard/libm.a(lib_a-math_err.o)
                0x000000000800d3f0                __math_uflow
 .text.__math_oflow
                0x000000000800d402       0x12 /Applications/STM32CubeIDE.app/Contents/Eclipse/plugins/com.st.stm32cube.ide.mcu.externaltools.gnu-tools-for-stm32.10.3-2021.10.macos64_1.0.0.202111181127/tools/bin/../lib/gcc/arm-none-eabi/10.3.1/../../../../arm-none-eabi/lib/thumb/v7e-m+fp/hard/libm.a(lib_a-math_err.o)
                0x000000000800d402                __math_oflow
 .text.finite   0x000000000800d414       0x16 /Applications/STM32CubeIDE.app/Contents/Eclipse/plugins/com.st.stm32cube.ide.mcu.externaltools.gnu-tools-for-stm32.10.3-2021.10.macos64_1.0.0.202111181127/tools/bin/../lib/gcc/arm-none-eabi/10.3.1/../../../../arm-none-eabi/lib/thumb/v7e-m+fp/hard/libm.a(lib_a-s_finite.o)
                0x000000000800d414                finite
 *(.glue_7)
 .glue_7        0x000000000800d42a        0x0 linker stubs
 *(.glue_7t)
 .glue_7t       0x000000000800d42a        0x0 linker stubs
 *(.eh_frame)
 *fill*         0x000000000800d42a        0x2 
 .eh_frame      0x000000000800d42c        0x0 /Applications/STM32CubeIDE.app/Contents/Eclipse/plugins/com.st.stm32cube.ide.mcu.externaltools.gnu-tools-for-stm32.10.3-2021.10.macos64_1.0.0.202111181127/tools/bin/../lib/gcc/arm-none-eabi/10.3.1/thumb/v7e-m+fp/hard/crtbegin.o
 *(.init)
 .init          0x000000000800d42c        0x4 /Applications/STM32CubeIDE.app/Contents/Eclipse/plugins/com.st.stm32cube.ide.mcu.externaltools.gnu-tools-for-stm32.10.3-2021.10.macos64_1.0.0.202111181127/tools/bin/../lib/gcc/arm-none-eabi/10.3.1/thumb/v7e-m+fp/hard/crti.o
                0x000000000800d42c                _init
 .init          0x000000000800d430        0x8 /Applications/STM32CubeIDE.app/Contents/Eclipse/plugins/com.st.stm32cube.ide.mcu.externaltools.gnu-tools-for-stm32.10.3-2021.10.macos64_1.0.0.202111181127/tools/bin/../lib/gcc/arm-none-eabi/10.3.1/thumb/v7e-m+fp/hard/crtn.o
 *(.fini)
 .fini          0x000000000800d438        0x4 /Applications/STM32CubeIDE.app/Contents/Eclipse/plugins/com.st.stm32cube.ide.mcu.externaltools.gnu-tools-for-stm32.10.3-2021.10.macos64_1.0.0.202111181127/tools/bin/../lib/gcc/arm-none-eabi/10.3.1/thumb/v7e-m+fp/hard/crti.o
                0x000000000800d438                _fini
 .fini          0x000000000800d43c        0x8 /Applications/STM32CubeIDE.app/Contents/Eclipse/plugins/com.st.stm32cube.ide.mcu.externaltools.gnu-tools-for-stm32.10.3-2021.10.macos64_1.0.0.202111181127/tools/bin/../lib/gcc/arm-none-eabi/10.3.1/thumb/v7e-m+fp/hard/crtn.o
                0x000000000800d444                . = ALIGN (0x4)
                0x000000000800d444                _etext = .

.vfp11_veneer   0x000000000800d444        0x0
 .vfp11_veneer  0x000000000800d444        0x0 linker stubs

.v4_bx          0x000000000800d444        0x0
 .v4_bx         0x000000000800d444        0x0 linker stubs

.iplt           0x000000000800d444        0x0
 .iplt          0x000000000800d444        0x0 /Applications/STM32CubeIDE.app/Contents/Eclipse/plugins/com.st.stm32cube.ide.mcu.externaltools.gnu-tools-for-stm32.10.3-2021.10.macos64_1.0.0.202111181127/tools/bin/../lib/gcc/arm-none-eabi/10.3.1/thumb/v7e-m+fp/hard/crtbegin.o

.rodata         0x000000000800d448      0x158
                0x000000000800d448                . = ALIGN (0x4)
 *(.rodata)
 .rodata        0x000000000800d448       0xe0 ./Core/Src/freertos.o
 .rodata        0x000000000800d528        0x5 ./Middlewares/Third_Party/FreeRTOS/Source/tasks.o
 *fill*         0x000000000800d52d        0x3 
 .rodata        0x000000000800d530        0xd ./Middlewares/Third_Party/FreeRTOS/Source/timers.o
 *(.rodata*)
 *fill*         0x000000000800d53d        0x3 
 .rodata.ShoreLength
                0x000000000800d540        0x6 ./Core/Src/communication.o
                0x000000000800d540                ShoreLength
 *fill*         0x000000000800d546        0x2 
 .rodata.ShoreCodes
                0x000000000800d548        0x3 ./Core/Src/communication.o
                0x000000000800d548                ShoreCodes
 *fill*         0x000000000800d54b        0x1 
 .rodata.AHBPrescTable
                0x000000000800d54c       0x10 ./Core/Src/system_stm32f4xx.o
                0x000000000800d54c                AHBPrescTable
 .rodata.APBPrescTable
                0x000000000800d55c        0x8 ./Core/Src/system_stm32f4xx.o
                0x000000000800d55c                APBPrescTable
 .rodata.flagBitshiftOffset.0
                0x000000000800d564        0x8 ./Drivers/STM32F4xx_HAL_Driver/Src/stm32f4xx_hal_dma.o
 *fill*         0x000000000800d56c        0x4 
 .rodata.halF   0x000000000800d570       0x10 /Applications/STM32CubeIDE.app/Contents/Eclipse/plugins/com.st.stm32cube.ide.mcu.externaltools.gnu-tools-for-stm32.10.3-2021.10.macos64_1.0.0.202111181127/tools/bin/../lib/gcc/arm-none-eabi/10.3.1/../../../../arm-none-eabi/lib/thumb/v7e-m+fp/hard/libm.a(lib_a-e_exp.o)
 .rodata.ln2HI  0x000000000800d580       0x10 /Applications/STM32CubeIDE.app/Contents/Eclipse/plugins/com.st.stm32cube.ide.mcu.externaltools.gnu-tools-for-stm32.10.3-2021.10.macos64_1.0.0.202111181127/tools/bin/../lib/gcc/arm-none-eabi/10.3.1/../../../../arm-none-eabi/lib/thumb/v7e-m+fp/hard/libm.a(lib_a-e_exp.o)
 .rodata.ln2LO  0x000000000800d590       0x10 /Applications/STM32CubeIDE.app/Contents/Eclipse/plugins/com.st.stm32cube.ide.mcu.externaltools.gnu-tools-for-stm32.10.3-2021.10.macos64_1.0.0.202111181127/tools/bin/../lib/gcc/arm-none-eabi/10.3.1/../../../../arm-none-eabi/lib/thumb/v7e-m+fp/hard/libm.a(lib_a-e_exp.o)
                0x000000000800d5a0                . = ALIGN (0x4)

.ARM.extab      0x000000000800d5a0        0x0
                0x000000000800d5a0                . = ALIGN (0x4)
 *(.ARM.extab* .gnu.linkonce.armextab.*)
                0x000000000800d5a0                . = ALIGN (0x4)

.ARM            0x000000000800d5a0        0x8
                0x000000000800d5a0                . = ALIGN (0x4)
                0x000000000800d5a0                __exidx_start = .
 *(.ARM.exidx*)
 .ARM.exidx     0x000000000800d5a0        0x8 /Applications/STM32CubeIDE.app/Contents/Eclipse/plugins/com.st.stm32cube.ide.mcu.externaltools.gnu-tools-for-stm32.10.3-2021.10.macos64_1.0.0.202111181127/tools/bin/../lib/gcc/arm-none-eabi/10.3.1/thumb/v7e-m+fp/hard/libgcc.a(_udivmoddi4.o)
                0x000000000800d5a8                __exidx_end = .
                0x000000000800d5a8                . = ALIGN (0x4)

.rel.dyn        0x000000000800d5a8        0x0
 .rel.iplt      0x000000000800d5a8        0x0 /Applications/STM32CubeIDE.app/Contents/Eclipse/plugins/com.st.stm32cube.ide.mcu.externaltools.gnu-tools-for-stm32.10.3-2021.10.macos64_1.0.0.202111181127/tools/bin/../lib/gcc/arm-none-eabi/10.3.1/thumb/v7e-m+fp/hard/crtbegin.o

.preinit_array  0x000000000800d5a8        0x0
                0x000000000800d5a8                . = ALIGN (0x4)
                0x000000000800d5a8                PROVIDE (__preinit_array_start = .)
 *(.preinit_array*)
                0x000000000800d5a8                PROVIDE (__preinit_array_end = .)
                0x000000000800d5a8                . = ALIGN (0x4)

.init_array     0x000000000800d5a8        0x4
                0x000000000800d5a8                . = ALIGN (0x4)
                0x000000000800d5a8                PROVIDE (__init_array_start = .)
 *(SORT_BY_NAME(.init_array.*))
 *(.init_array*)
 .init_array    0x000000000800d5a8        0x4 /Applications/STM32CubeIDE.app/Contents/Eclipse/plugins/com.st.stm32cube.ide.mcu.externaltools.gnu-tools-for-stm32.10.3-2021.10.macos64_1.0.0.202111181127/tools/bin/../lib/gcc/arm-none-eabi/10.3.1/thumb/v7e-m+fp/hard/crtbegin.o
                0x000000000800d5ac                PROVIDE (__init_array_end = .)
                0x000000000800d5ac                . = ALIGN (0x4)

.fini_array     0x000000000800d5ac        0x4
                0x000000000800d5ac                . = ALIGN (0x4)
                [!provide]                        PROVIDE (__fini_array_start = .)
 *(SORT_BY_NAME(.fini_array.*))
 *(.fini_array*)
 .fini_array    0x000000000800d5ac        0x4 /Applications/STM32CubeIDE.app/Contents/Eclipse/plugins/com.st.stm32cube.ide.mcu.externaltools.gnu-tools-for-stm32.10.3-2021.10.macos64_1.0.0.202111181127/tools/bin/../lib/gcc/arm-none-eabi/10.3.1/thumb/v7e-m+fp/hard/crtbegin.o
                [!provide]                        PROVIDE (__fini_array_end = .)
                0x000000000800d5b0                . = ALIGN (0x4)
                0x000000000800d5b0                _sidata = LOADADDR (.data)

.data           0x0000000020000000       0xa8 load address 0x000000000800d5b0
                0x0000000020000000                . = ALIGN (0x4)
                0x0000000020000000                _sdata = .
 *(.data)
 *(.data*)
 .data.ImuRequestBuffer
                0x0000000020000000       0x1f ./Core/Src/global.o
                0x0000000020000000                ImuRequestBuffer
 *fill*         0x000000002000001f        0x1 
 .data.ImuResetRequestBuffer
                0x0000000020000020       0x14 ./Core/Src/global.o
                0x0000000020000020                ImuResetRequestBuffer
 .data.SystemCoreClock
                0x0000000020000034        0x4 ./Core/Src/system_stm32f4xx.o
                0x0000000020000034                SystemCoreClock
 .data.uwTickPrio
                0x0000000020000038        0x4 ./Drivers/STM32F4xx_HAL_Driver/Src/stm32f4xx_hal.o
                0x0000000020000038                uwTickPrio
 .data.uwTickFreq
                0x000000002000003c        0x1 ./Drivers/STM32F4xx_HAL_Driver/Src/stm32f4xx_hal.o
                0x000000002000003c                uwTickFreq
 *fill*         0x000000002000003d        0x3 
 .data.uxCriticalNesting
                0x0000000020000040        0x4 ./Middlewares/Third_Party/FreeRTOS/Source/portable/GCC/ARM_CM4F/port.o
 .data._impure_ptr
                0x0000000020000044        0x4 /Applications/STM32CubeIDE.app/Contents/Eclipse/plugins/com.st.stm32cube.ide.mcu.externaltools.gnu-tools-for-stm32.10.3-2021.10.macos64_1.0.0.202111181127/tools/bin/../lib/gcc/arm-none-eabi/10.3.1/../../../../arm-none-eabi/lib/thumb/v7e-m+fp/hard/libc_nano.a(lib_a-impure.o)
                0x0000000020000044                _impure_ptr
 .data.impure_data
                0x0000000020000048       0x60 /Applications/STM32CubeIDE.app/Contents/Eclipse/plugins/com.st.stm32cube.ide.mcu.externaltools.gnu-tools-for-stm32.10.3-2021.10.macos64_1.0.0.202111181127/tools/bin/../lib/gcc/arm-none-eabi/10.3.1/../../../../arm-none-eabi/lib/thumb/v7e-m+fp/hard/libc_nano.a(lib_a-impure.o)
 *(.RamFunc)
 *(.RamFunc*)
                0x00000000200000a8                . = ALIGN (0x4)
                0x00000000200000a8                _edata = .
                0x000000000800d658                _siccmram = LOADADDR (.ccmram)

.igot.plt       0x00000000200000a8        0x0 load address 0x000000000800d658
 .igot.plt      0x00000000200000a8        0x0 /Applications/STM32CubeIDE.app/Contents/Eclipse/plugins/com.st.stm32cube.ide.mcu.externaltools.gnu-tools-for-stm32.10.3-2021.10.macos64_1.0.0.202111181127/tools/bin/../lib/gcc/arm-none-eabi/10.3.1/thumb/v7e-m+fp/hard/crtbegin.o

.ccmram         0x0000000010000000        0x0 load address 0x000000000800d658
                0x0000000010000000                . = ALIGN (0x4)
                0x0000000010000000                _sccmram = .
 *(.ccmram)
 *(.ccmram*)
                0x0000000010000000                . = ALIGN (0x4)
                0x0000000010000000                _eccmram = .
                0x0000000010000000                . = ALIGN (0x4)

.bss            0x00000000200000a8     0x29e8
                0x00000000200000a8                _sbss = .
                0x00000000200000a8                __bss_start__ = _sbss
 *(.bss)
 .bss           0x00000000200000a8       0x1c /Applications/STM32CubeIDE.app/Contents/Eclipse/plugins/com.st.stm32cube.ide.mcu.externaltools.gnu-tools-for-stm32.10.3-2021.10.macos64_1.0.0.202111181127/tools/bin/../lib/gcc/arm-none-eabi/10.3.1/thumb/v7e-m+fp/hard/crtbegin.o
 *(.bss*)
 .bss.uartBus   0x00000000200000c4       0xa8 ./Core/Src/communication.o
                0x00000000200000c4                uartBus
 .bss.i2c1PackageTransmit
                0x000000002000016c        0x1 ./Core/Src/communication.o
                0x000000002000016c                i2c1PackageTransmit
 .bss.i2c1PackageReceived
                0x000000002000016d        0x1 ./Core/Src/communication.o
                0x000000002000016d                i2c1PackageReceived
 *fill*         0x000000002000016e        0x2 
 .bss.xHigherPriorityTaskWoken1.0
                0x0000000020000170        0x4 ./Core/Src/communication.o
 .bss.counterRx
                0x0000000020000174        0x2 ./Core/Src/freertos.o
                0x0000000020000174                counterRx
 *fill*         0x0000000020000176        0x2 
 .bss.tLedBlinkingTaskHandle
                0x0000000020000178        0x4 ./Core/Src/freertos.o
                0x0000000020000178                tLedBlinkingTaskHandle
 .bss.tLedBlinkingTaskBuffer
                0x000000002000017c      0x200 ./Core/Src/freertos.o
                0x000000002000017c                tLedBlinkingTaskBuffer
 .bss.tLedBlinkingTaskControlBlock
                0x000000002000037c       0x64 ./Core/Src/freertos.o
                0x000000002000037c                tLedBlinkingTaskControlBlock
 .bss.tVmaCommTaskHandle
                0x00000000200003e0        0x4 ./Core/Src/freertos.o
                0x00000000200003e0                tVmaCommTaskHandle
 .bss.tVmaCommTaskBuffer
                0x00000000200003e4      0x200 ./Core/Src/freertos.o
                0x00000000200003e4                tVmaCommTaskBuffer
 .bss.tVmaCommTaskControlBlock
                0x00000000200005e4       0x64 ./Core/Src/freertos.o
                0x00000000200005e4                tVmaCommTaskControlBlock
 .bss.tImuCommTaskHandle
                0x0000000020000648        0x4 ./Core/Src/freertos.o
                0x0000000020000648                tImuCommTaskHandle
 .bss.tImuCommTaskBuffer
                0x000000002000064c      0x200 ./Core/Src/freertos.o
                0x000000002000064c                tImuCommTaskBuffer
 .bss.tImuCommTaskControlBlock
                0x000000002000084c       0x64 ./Core/Src/freertos.o
                0x000000002000084c                tImuCommTaskControlBlock
 .bss.tStabilizationTaskHandle
                0x00000000200008b0        0x4 ./Core/Src/freertos.o
                0x00000000200008b0                tStabilizationTaskHandle
 .bss.tStabilizationTaskBuffer
                0x00000000200008b4      0x200 ./Core/Src/freertos.o
                0x00000000200008b4                tStabilizationTaskBuffer
 .bss.tStabilizationTaskControlBlock
                0x0000000020000ab4       0x64 ./Core/Src/freertos.o
                0x0000000020000ab4                tStabilizationTaskControlBlock
 .bss.tPcCommTaskHandle
                0x0000000020000b18        0x4 ./Core/Src/freertos.o
                0x0000000020000b18                tPcCommTaskHandle
 .bss.tPcCommTaskBuffer
                0x0000000020000b1c      0x200 ./Core/Src/freertos.o
                0x0000000020000b1c                tPcCommTaskBuffer
 .bss.tPcCommTaskControlBlock
                0x0000000020000d1c       0x64 ./Core/Src/freertos.o
                0x0000000020000d1c                tPcCommTaskControlBlock
 .bss.mutDataHandle
                0x0000000020000d80        0x4 ./Core/Src/freertos.o
                0x0000000020000d80                mutDataHandle
 .bss.mutDataControlBlock
                0x0000000020000d84       0x48 ./Core/Src/freertos.o
                0x0000000020000d84                mutDataControlBlock
 .bss.xIdleTaskTCBBuffer
                0x0000000020000dcc       0x64 ./Core/Src/freertos.o
 .bss.xIdleStack
                0x0000000020000e30      0x200 ./Core/Src/freertos.o
 .bss.xTimerTaskTCBBuffer
                0x0000000020001030       0x64 ./Core/Src/freertos.o
 .bss.xTimerStack
                0x0000000020001094      0x400 ./Core/Src/freertos.o
 .bss.rState    0x0000000020001494        0xc ./Core/Src/global.o
                0x0000000020001494                rState
 .bss.rThrusters
                0x00000000200014a0       0xc0 ./Core/Src/global.o
                0x00000000200014a0                rThrusters
 .bss.rSensors  0x0000000020001560       0x68 ./Core/Src/global.o
                0x0000000020001560                rSensors
 .bss.rComputer
                0x00000000200015c8        0x2 ./Core/Src/global.o
                0x00000000200015c8                rComputer
 *fill*         0x00000000200015ca        0x2 
 .bss.rJoySpeed
                0x00000000200015cc       0x18 ./Core/Src/global.o
                0x00000000200015cc                rJoySpeed
 .bss.rDevice   0x00000000200015e4       0x3c ./Core/Src/global.o
                0x00000000200015e4                rDevice
 .bss.rStabConstants
                0x0000000020001620      0x1b0 ./Core/Src/global.o
                0x0000000020001620                rStabConstants
 .bss.rStabState
                0x00000000200017d0      0x210 ./Core/Src/global.o
                0x00000000200017d0                rStabState
 .bss.ShoreRequestBuffer
                0x00000000200019e0       0x54 ./Core/Src/global.o
                0x00000000200019e0                ShoreRequestBuffer
 .bss.ShoreResponseBuffer
                0x0000000020001a34       0x63 ./Core/Src/global.o
                0x0000000020001a34                ShoreResponseBuffer
 *fill*         0x0000000020001a97        0x1 
 .bss.ImuResponseBuffer
                0x0000000020001a98       0x32 ./Core/Src/global.o
                0x0000000020001a98                ImuResponseBuffer
 *fill*         0x0000000020001aca        0x2 
 .bss.ThrustersRequestBuffer
                0x0000000020001acc        0xd ./Core/Src/global.o
                0x0000000020001acc                ThrustersRequestBuffer
 *fill*         0x0000000020001ad9        0x3 
 .bss.ThrustersResponseBuffer
                0x0000000020001adc       0x48 ./Core/Src/global.o
                0x0000000020001adc                ThrustersResponseBuffer
 .bss.hi2c1     0x0000000020001b24       0x54 ./Core/Src/i2c.o
                0x0000000020001b24                hi2c1
 .bss.htim2     0x0000000020001b78       0x48 ./Core/Src/stm32f4xx_hal_timebase_tim.o
                0x0000000020001b78                htim2
 .bss.htim7     0x0000000020001bc0       0x48 ./Core/Src/tim.o
                0x0000000020001bc0                htim7
 .bss.huart4    0x0000000020001c08       0x44 ./Core/Src/usart.o
                0x0000000020001c08                huart4
 .bss.huart1    0x0000000020001c4c       0x44 ./Core/Src/usart.o
                0x0000000020001c4c                huart1
 .bss.huart2    0x0000000020001c90       0x44 ./Core/Src/usart.o
                0x0000000020001c90                huart2
 .bss.huart3    0x0000000020001cd4       0x44 ./Core/Src/usart.o
                0x0000000020001cd4                huart3
 .bss.hdma_uart4_rx
                0x0000000020001d18       0x60 ./Core/Src/usart.o
                0x0000000020001d18                hdma_uart4_rx
 .bss.hdma_uart4_tx
                0x0000000020001d78       0x60 ./Core/Src/usart.o
                0x0000000020001d78                hdma_uart4_tx
 .bss.hdma_usart1_rx
                0x0000000020001dd8       0x60 ./Core/Src/usart.o
                0x0000000020001dd8                hdma_usart1_rx
 .bss.hdma_usart1_tx
                0x0000000020001e38       0x60 ./Core/Src/usart.o
                0x0000000020001e38                hdma_usart1_tx
 .bss.hdma_usart2_rx
                0x0000000020001e98       0x60 ./Core/Src/usart.o
                0x0000000020001e98                hdma_usart2_rx
 .bss.hdma_usart2_tx
                0x0000000020001ef8       0x60 ./Core/Src/usart.o
                0x0000000020001ef8                hdma_usart2_tx
 .bss.hdma_usart3_rx
                0x0000000020001f58       0x60 ./Core/Src/usart.o
                0x0000000020001f58                hdma_usart3_rx
 .bss.hdma_usart3_tx
                0x0000000020001fb8       0x60 ./Core/Src/usart.o
                0x0000000020001fb8                hdma_usart3_tx
 .bss.uwTick    0x0000000020002018        0x4 ./Drivers/STM32F4xx_HAL_Driver/Src/stm32f4xx_hal.o
                0x0000000020002018                uwTick
 .bss.pFlash    0x000000002000201c       0x20 ./Drivers/STM32F4xx_HAL_Driver/Src/stm32f4xx_hal_flash.o
                0x000000002000201c                pFlash
 .bss.xQueueRegistry
                0x000000002000203c       0x40 ./Middlewares/Third_Party/FreeRTOS/Source/queue.o
                0x000000002000203c                xQueueRegistry
 .bss.pxCurrentTCB
                0x000000002000207c        0x4 ./Middlewares/Third_Party/FreeRTOS/Source/tasks.o
                0x000000002000207c                pxCurrentTCB
 .bss.pxReadyTasksLists
                0x0000000020002080       0x50 ./Middlewares/Third_Party/FreeRTOS/Source/tasks.o
 .bss.xDelayedTaskList1
                0x00000000200020d0       0x14 ./Middlewares/Third_Party/FreeRTOS/Source/tasks.o
 .bss.xDelayedTaskList2
                0x00000000200020e4       0x14 ./Middlewares/Third_Party/FreeRTOS/Source/tasks.o
 .bss.pxDelayedTaskList
                0x00000000200020f8        0x4 ./Middlewares/Third_Party/FreeRTOS/Source/tasks.o
 .bss.pxOverflowDelayedTaskList
                0x00000000200020fc        0x4 ./Middlewares/Third_Party/FreeRTOS/Source/tasks.o
 .bss.xPendingReadyList
                0x0000000020002100       0x14 ./Middlewares/Third_Party/FreeRTOS/Source/tasks.o
 .bss.xTasksWaitingTermination
                0x0000000020002114       0x14 ./Middlewares/Third_Party/FreeRTOS/Source/tasks.o
 .bss.uxDeletedTasksWaitingCleanUp
                0x0000000020002128        0x4 ./Middlewares/Third_Party/FreeRTOS/Source/tasks.o
 .bss.xSuspendedTaskList
                0x000000002000212c       0x14 ./Middlewares/Third_Party/FreeRTOS/Source/tasks.o
 .bss.uxCurrentNumberOfTasks
                0x0000000020002140        0x4 ./Middlewares/Third_Party/FreeRTOS/Source/tasks.o
 .bss.xTickCount
                0x0000000020002144        0x4 ./Middlewares/Third_Party/FreeRTOS/Source/tasks.o
 .bss.uxTopReadyPriority
                0x0000000020002148        0x4 ./Middlewares/Third_Party/FreeRTOS/Source/tasks.o
 .bss.xSchedulerRunning
                0x000000002000214c        0x4 ./Middlewares/Third_Party/FreeRTOS/Source/tasks.o
 .bss.xPendedTicks
                0x0000000020002150        0x4 ./Middlewares/Third_Party/FreeRTOS/Source/tasks.o
 .bss.xYieldPending
                0x0000000020002154        0x4 ./Middlewares/Third_Party/FreeRTOS/Source/tasks.o
 .bss.xNumOfOverflows
                0x0000000020002158        0x4 ./Middlewares/Third_Party/FreeRTOS/Source/tasks.o
 .bss.uxTaskNumber
                0x000000002000215c        0x4 ./Middlewares/Third_Party/FreeRTOS/Source/tasks.o
 .bss.xNextTaskUnblockTime
                0x0000000020002160        0x4 ./Middlewares/Third_Party/FreeRTOS/Source/tasks.o
 .bss.xIdleTaskHandle
                0x0000000020002164        0x4 ./Middlewares/Third_Party/FreeRTOS/Source/tasks.o
 .bss.uxSchedulerSuspended
                0x0000000020002168        0x4 ./Middlewares/Third_Party/FreeRTOS/Source/tasks.o
 .bss.xActiveTimerList1
                0x000000002000216c       0x14 ./Middlewares/Third_Party/FreeRTOS/Source/timers.o
 .bss.xActiveTimerList2
                0x0000000020002180       0x14 ./Middlewares/Third_Party/FreeRTOS/Source/timers.o
 .bss.pxCurrentTimerList
                0x0000000020002194        0x4 ./Middlewares/Third_Party/FreeRTOS/Source/timers.o
 .bss.pxOverflowTimerList
                0x0000000020002198        0x4 ./Middlewares/Third_Party/FreeRTOS/Source/timers.o
 .bss.xTimerQueue
                0x000000002000219c        0x4 ./Middlewares/Third_Party/FreeRTOS/Source/timers.o
 .bss.xTimerTaskHandle
                0x00000000200021a0        0x4 ./Middlewares/Third_Party/FreeRTOS/Source/timers.o
 .bss.xLastTime.2
                0x00000000200021a4        0x4 ./Middlewares/Third_Party/FreeRTOS/Source/timers.o
 .bss.ucStaticTimerQueueStorage.1
                0x00000000200021a8       0x78 ./Middlewares/Third_Party/FreeRTOS/Source/timers.o
 .bss.xStaticTimerQueue.0
                0x0000000020002220       0x48 ./Middlewares/Third_Party/FreeRTOS/Source/timers.o
 .bss.ucMaxSysCallPriority
                0x0000000020002268        0x1 ./Middlewares/Third_Party/FreeRTOS/Source/portable/GCC/ARM_CM4F/port.o
 *fill*         0x0000000020002269        0x3 
 .bss.ulMaxPRIGROUPValue
                0x000000002000226c        0x4 ./Middlewares/Third_Party/FreeRTOS/Source/portable/GCC/ARM_CM4F/port.o
 .bss.ucHeap    0x0000000020002270      0x800 ./Middlewares/Third_Party/FreeRTOS/Source/portable/MemMang/heap_4.o
 .bss.xStart    0x0000000020002a70        0x8 ./Middlewares/Third_Party/FreeRTOS/Source/portable/MemMang/heap_4.o
 .bss.pxEnd     0x0000000020002a78        0x4 ./Middlewares/Third_Party/FreeRTOS/Source/portable/MemMang/heap_4.o
 .bss.xFreeBytesRemaining
                0x0000000020002a7c        0x4 ./Middlewares/Third_Party/FreeRTOS/Source/portable/MemMang/heap_4.o
 .bss.xMinimumEverFreeBytesRemaining