Archive member included to satisfy reference by file (symbol)

/Applications/STM32CubeIDE.app/Contents/Eclipse/plugins/com.st.stm32cube.ide.mcu.externaltools.gnu-tools-for-stm32.10.3-2021.10.macos64_1.0.0.202111181127/tools/bin/../lib/gcc/arm-none-eabi/10.3.1/../../../../arm-none-eabi/lib/thumb/v7e-m+fp/hard/libc_nano.a(lib_a-errno.o)
                              ./Core/Src/syscalls.o (__errno)
/Applications/STM32CubeIDE.app/Contents/Eclipse/plugins/com.st.stm32cube.ide.mcu.externaltools.gnu-tools-for-stm32.10.3-2021.10.macos64_1.0.0.202111181127/tools/bin/../lib/gcc/arm-none-eabi/10.3.1/../../../../arm-none-eabi/lib/thumb/v7e-m+fp/hard/libc_nano.a(lib_a-exit.o)
                              /Applications/STM32CubeIDE.app/Contents/Eclipse/plugins/com.st.stm32cube.ide.mcu.externaltools.gnu-tools-for-stm32.10.3-2021.10.macos64_1.0.0.202111181127/tools/bin/../lib/gcc/arm-none-eabi/10.3.1/../../../../arm-none-eabi/lib/thumb/v7e-m+fp/hard/crt0.o (exit)
/Applications/STM32CubeIDE.app/Contents/Eclipse/plugins/com.st.stm32cube.ide.mcu.externaltools.gnu-tools-for-stm32.10.3-2021.10.macos64_1.0.0.202111181127/tools/bin/../lib/gcc/arm-none-eabi/10.3.1/../../../../arm-none-eabi/lib/thumb/v7e-m+fp/hard/libc_nano.a(lib_a-findfp.o)
                              ./Middlewares/Third_Party/FreeRTOS/Source/tasks.o (__sf_fake_stderr)
/Applications/STM32CubeIDE.app/Contents/Eclipse/plugins/com.st.stm32cube.ide.mcu.externaltools.gnu-tools-for-stm32.10.3-2021.10.macos64_1.0.0.202111181127/tools/bin/../lib/gcc/arm-none-eabi/10.3.1/../../../../arm-none-eabi/lib/thumb/v7e-m+fp/hard/libc_nano.a(lib_a-fwalk.o)
                              /Applications/STM32CubeIDE.app/Contents/Eclipse/plugins/com.st.stm32cube.ide.mcu.externaltools.gnu-tools-for-stm32.10.3-2021.10.macos64_1.0.0.202111181127/tools/bin/../lib/gcc/arm-none-eabi/10.3.1/../../../../arm-none-eabi/lib/thumb/v7e-m+fp/hard/libc_nano.a(lib_a-findfp.o) (_fwalk)
/Applications/STM32CubeIDE.app/Contents/Eclipse/plugins/com.st.stm32cube.ide.mcu.externaltools.gnu-tools-for-stm32.10.3-2021.10.macos64_1.0.0.202111181127/tools/bin/../lib/gcc/arm-none-eabi/10.3.1/../../../../arm-none-eabi/lib/thumb/v7e-m+fp/hard/libc_nano.a(lib_a-impure.o)
                              /Applications/STM32CubeIDE.app/Contents/Eclipse/plugins/com.st.stm32cube.ide.mcu.externaltools.gnu-tools-for-stm32.10.3-2021.10.macos64_1.0.0.202111181127/tools/bin/../lib/gcc/arm-none-eabi/10.3.1/../../../../arm-none-eabi/lib/thumb/v7e-m+fp/hard/libc_nano.a(lib_a-exit.o) (_global_impure_ptr)
/Applications/STM32CubeIDE.app/Contents/Eclipse/plugins/com.st.stm32cube.ide.mcu.externaltools.gnu-tools-for-stm32.10.3-2021.10.macos64_1.0.0.202111181127/tools/bin/../lib/gcc/arm-none-eabi/10.3.1/../../../../arm-none-eabi/lib/thumb/v7e-m+fp/hard/libc_nano.a(lib_a-init.o)
                              /Applications/STM32CubeIDE.app/Contents/Eclipse/plugins/com.st.stm32cube.ide.mcu.externaltools.gnu-tools-for-stm32.10.3-2021.10.macos64_1.0.0.202111181127/tools/bin/../lib/gcc/arm-none-eabi/10.3.1/../../../../arm-none-eabi/lib/thumb/v7e-m+fp/hard/crt0.o (__libc_init_array)
/Applications/STM32CubeIDE.app/Contents/Eclipse/plugins/com.st.stm32cube.ide.mcu.externaltools.gnu-tools-for-stm32.10.3-2021.10.macos64_1.0.0.202111181127/tools/bin/../lib/gcc/arm-none-eabi/10.3.1/../../../../arm-none-eabi/lib/thumb/v7e-m+fp/hard/libc_nano.a(lib_a-lock.o)
                              /Applications/STM32CubeIDE.app/Contents/Eclipse/plugins/com.st.stm32cube.ide.mcu.externaltools.gnu-tools-for-stm32.10.3-2021.10.macos64_1.0.0.202111181127/tools/bin/../lib/gcc/arm-none-eabi/10.3.1/../../../../arm-none-eabi/lib/thumb/v7e-m+fp/hard/libc_nano.a(lib_a-findfp.o) (__retarget_lock_init_recursive)
/Applications/STM32CubeIDE.app/Contents/Eclipse/plugins/com.st.stm32cube.ide.mcu.externaltools.gnu-tools-for-stm32.10.3-2021.10.macos64_1.0.0.202111181127/tools/bin/../lib/gcc/arm-none-eabi/10.3.1/../../../../arm-none-eabi/lib/thumb/v7e-m+fp/hard/libc_nano.a(lib_a-memcpy-stub.o)
                              ./Core/Src/communication.o (memcpy)
/Applications/STM32CubeIDE.app/Contents/Eclipse/plugins/com.st.stm32cube.ide.mcu.externaltools.gnu-tools-for-stm32.10.3-2021.10.macos64_1.0.0.202111181127/tools/bin/../lib/gcc/arm-none-eabi/10.3.1/../../../../arm-none-eabi/lib/thumb/v7e-m+fp/hard/libc_nano.a(lib_a-memset.o)
                              /Applications/STM32CubeIDE.app/Contents/Eclipse/plugins/com.st.stm32cube.ide.mcu.externaltools.gnu-tools-for-stm32.10.3-2021.10.macos64_1.0.0.202111181127/tools/bin/../lib/gcc/arm-none-eabi/10.3.1/../../../../arm-none-eabi/lib/thumb/v7e-m+fp/hard/crt0.o (memset)
/Applications/STM32CubeIDE.app/Contents/Eclipse/plugins/com.st.stm32cube.ide.mcu.externaltools.gnu-tools-for-stm32.10.3-2021.10.macos64_1.0.0.202111181127/tools/bin/../lib/gcc/arm-none-eabi/10.3.1/../../../../arm-none-eabi/lib/thumb/v7e-m+fp/hard/libc_nano.a(lib_a-nano-mallocr.o)
[...]
Memory Configuration

Name             Origin             Length             Attributes
CCMRAM           0x0000000010000000 0x0000000000010000 xrw
RAM              0x0000000020000000 0x0000000000020000 xrw
FLASH            0x0000000008000000 0x0000000000080000 xr
*default*        0x0000000000000000 0xffffffffffffffff

Linker script and memory map

LOAD /Applications/STM32CubeIDE.app/Contents/Eclipse/plugins/com.st.stm32cube.ide.mcu.externaltools.gnu-tools-for-stm32.10.3-2021.10.macos64_1.0.0.202111181127/tools/bin/../lib/gcc/arm-none-eabi/10.3.1/thumb/v7e-m+fp/hard/crti.o
LOAD /Applications/STM32CubeIDE.app/Contents/Eclipse/plugins/com.st.stm32cube.ide.mcu.externaltools.gnu-tools-for-stm32.10.3-2021.10.macos64_1.0.0.202111181127/tools/bin/../lib/gcc/arm-none-eabi/10.3.1/thumb/v7e-m+fp/hard/crtbegin.o
LOAD /Applications/STM32CubeIDE.app/Contents/Eclipse/plugins/com.st.stm32cube.ide.mcu.externaltools.gnu-tools-for-stm32.10.3-2021.10.macos64_1.0.0.202111181127/tools/bin/../lib/gcc/arm-none-eabi/10.3.1/../../../../arm-none-eabi/lib/thumb/v7e-m+fp/hard/crt0.o
LOAD ./Core/Src/FreeRTOSTick.o
LOAD ./Core/Src/can.o
LOAD ./Core/Src/checksum.o
LOAD ./Core/Src/communication.o
LOAD ./Core/Src/dma.o
LOAD ./Core/Src/flash.o
LOAD ./Core/Src/freertos.o
LOAD ./Core/Src/global.o
LOAD ./Core/Src/gpio.o
LOAD ./Core/Src/i2c.o
LOAD ./Core/Src/main.o
LOAD ./Core/Src/stabilization.o
LOAD ./Core/Src/stm32f4xx_hal_msp.o
LOAD ./Core/Src/stm32f4xx_hal_timebase_tim.o
LOAD ./Core/Src/stm32f4xx_it.o
LOAD ./Core/Src/syscalls.o
LOAD ./Core/Src/sysmem.o
LOAD ./Core/Src/system_stm32f4xx.o
LOAD ./Core/Src/thrusters.o
LOAD ./Core/Src/tim.o
LOAD ./Core/Src/usart.o
LOAD ./Core/Startup/startup_stm32f407vetx.o
LOAD ./Drivers/STM32F4xx_HAL_Driver/Src/stm32f4xx_hal.o
LOAD ./Drivers/STM32F4xx_HAL_Driver/Src/stm32f4xx_hal_can.o
LOAD ./Drivers/STM32F4xx_HAL_Driver/Src/stm32f4xx_hal_cortex.o
LOAD ./Drivers/STM32F4xx_HAL_Driver/Src/stm32f4xx_hal_dma.o
LOAD ./Drivers/STM32F4xx_HAL_Driver/Src/stm32f4xx_hal_dma_ex.o
LOAD ./Drivers/STM32F4xx_HAL_Driver/Src/stm32f4xx_hal_exti.o
LOAD ./Drivers/STM32F4xx_HAL_Driver/Src/stm32f4xx_hal_flash.o
LOAD ./Drivers/STM32F4xx_HAL_Driver/Src/stm32f4xx_hal_flash_ex.o
LOAD ./Drivers/STM32F4xx_HAL_Driver/Src/stm32f4xx_hal_flash_ramfunc.o
LOAD ./Drivers/STM32F4xx_HAL_Driver/Src/stm32f4xx_hal_gpio.o
LOAD ./Drivers/STM32F4xx_HAL_Driver/Src/stm32f4xx_hal_i2c.o
LOAD ./Drivers/STM32F4xx_HAL_Driver/Src/stm32f4xx_hal_i2c_ex.o
LOAD ./Drivers/STM32F4xx_HAL_Driver/Src/stm32f4xx_hal_pwr.o
LOAD ./Drivers/STM32F4xx_HAL_Driver/Src/stm32f4xx_hal_pwr_ex.o
LOAD ./Drivers/STM32F4xx_HAL_Driver/Src/stm32f4xx_hal_rcc.o
LOAD ./Drivers/STM32F4xx_HAL_Driver/Src/stm32f4xx_hal_rcc_ex.o
LOAD ./Drivers/STM32F4xx_HAL_Driver/Src/stm32f4xx_hal_tim.o
LOAD ./Drivers/STM32F4xx_HAL_Driver/Src/stm32f4xx_hal_tim_ex.o
LOAD ./Drivers/STM32F4xx_HAL_Driver/Src/stm32f4xx_hal_uart.o
LOAD ./Middlewares/Third_Party/FreeRTOS/Source/CMSIS_RTOS_V2/cmsis_os2.o
LOAD ./Middlewares/Third_Party/FreeRTOS/Source/croutine.o
LOAD ./Middlewares/Third_Party/FreeRTOS/Source/event_groups.o
LOAD ./Middlewares/Third_Party/FreeRTOS/Source/list.o
LOAD ./Middlewares/Third_Party/FreeRTOS/Source/queue.o
LOAD ./Middlewares/Third_Party/FreeRTOS/Source/stream_buffer.o
LOAD ./Middlewares/Third_Party/FreeRTOS/Source/tasks.o
LOAD ./Middlewares/Third_Party/FreeRTOS/Source/timers.o
LOAD ./Middlewares/Third_Party/FreeRTOS/Source/portable/GCC/ARM_CM4F/port.o
LOAD ./Middlewares/Third_Party/FreeRTOS/Source/portable/MemMang/heap_4.o
START GROUP
LOAD /Applications/STM32CubeIDE.app/Contents/Eclipse/plugins/com.st.stm32cube.ide.mcu.externaltools.gnu-tools-for-stm32.10.3-2021.10.macos64_1.0.0.202111181127/tools/bin/../lib/gcc/arm-none-eabi/10.3.1/../../../../arm-none-eabi/lib/thumb/v7e-m+fp/hard/libc_nano.a
LOAD /Applications/STM32CubeIDE.app/Contents/Eclipse/plugins/com.st.stm32cube.ide.mcu.externaltools.gnu-tools-for-stm32.10.3-2021.10.macos64_1.0.0.202111181127/tools/bin/../lib/gcc/arm-none-eabi/10.3.1/../../../../arm-none-eabi/lib/thumb/v7e-m+fp/hard/libm.a
END GROUP
START GROUP
LOAD /Applications/STM32CubeIDE.app/Contents/Eclipse/plugins/com.st.stm32cube.ide.mcu.externaltools.gnu-tools-for-stm32.10.3-2021.10.macos64_1.0.0.202111181127/tools/bin/../lib/gcc/arm-none-eabi/10.3.1/thumb/v7e-m+fp/hard/libgcc.a
LOAD /Applications/STM32CubeIDE.app/Contents/Eclipse/plugins/com.st.stm32cube.ide.mcu.externaltools.gnu-tools-for-stm32.10.3-2021.10.macos64_1.0.0.202111181127/tools/bin/../lib/gcc/arm-none-eabi/10.3.1/../../../../arm-none-eabi/lib/thumb/v7e-m+fp/hard/libc_nano.a
END GROUP
START GROUP
LOAD /Applications/STM32CubeIDE.app/Contents/Eclipse/plugins/com.st.stm32cube.ide.mcu.externaltools.gnu-tools-for-stm32.10.3-2021.10.macos64_1.0.0.202111181127/tools/bin/../lib/gcc/arm-none-eabi/10.3.1/thumb/v7e-m+fp/hard/libgcc.a
LOAD /Applications/STM32CubeIDE.app/Contents/Eclipse/plugins/com.st.stm32cube.ide.mcu.externaltools.gnu-tools-for-stm32.10.3-2021.10.macos64_1.0.0.202111181127/tools/bin/../lib/gcc/arm-none-eabi/10.3.1/../../../../arm-none-eabi/lib/thumb/v7e-m+fp/hard/libc_nano.a
LOAD /Applications/STM32CubeIDE.app/Contents/Eclipse/plugins/com.st.stm32cube.ide.mcu.externaltools.gnu-tools-for-stm32.10.3-2021.10.macos64_1.0.0.202111181127/tools/bin/../lib/gcc/arm-none-eabi/10.3.1/../../../../arm-none-eabi/lib/thumb/v7e-m+fp/hard/libnosys.a
END GROUP
START GROUP
LOAD /Applications/STM32CubeIDE.app/Contents/Eclipse/plugins/com.st.stm32cube.ide.mcu.externaltools.gnu-tools-for-stm32.10.3-2021.10.macos64_1.0.0.202111181127/tools/bin/../lib/gcc/arm-none-eabi/10.3.1/thumb/v7e-m+fp/hard/libgcc.a
LOAD /Applications/STM32CubeIDE.app/Contents/Eclipse/plugins/com.st.stm32cube.ide.mcu.externaltools.gnu-tools-for-stm32.10.3-2021.10.macos64_1.0.0.202111181127/tools/bin/../lib/gcc/arm-none-eabi/10.3.1/../../../../arm-none-eabi/lib/thumb/v7e-m+fp/hard/libc_nano.a
LOAD /Applications/STM32CubeIDE.app/Contents/Eclipse/plugins/com.st.stm32cube.ide.mcu.externaltools.gnu-tools-for-stm32.10.3-2021.10.macos64_1.0.0.202111181127/tools/bin/../lib/gcc/arm-none-eabi/10.3.1/../../../../arm-none-eabi/lib/thumb/v7e-m+fp/hard/libnosys.a
END GROUP
LOAD /Applications/STM32CubeIDE.app/Contents/Eclipse/plugins/com.st.stm32cube.ide.mcu.externaltools.gnu-tools-for-stm32.10.3-2021.10.macos64_1.0.0.202111181127/tools/bin/../lib/gcc/arm-none-eabi/10.3.1/thumb/v7e-m+fp/hard/crtend.o
LOAD /Applications/STM32CubeIDE.app/Contents/Eclipse/plugins/com.st.stm32cube.ide.mcu.externaltools.gnu-tools-for-stm32.10.3-2021.10.macos64_1.0.0.202111181127/tools/bin/../lib/gcc/arm-none-eabi/10.3.1/thumb/v7e-m+fp/hard/crtn.o
                0x0000000020020000                _estack = (ORIGIN (RAM) + LENGTH (RAM))
                0x0000000000000200                _Min_Heap_Size = 0x200
                0x0000000000000400                _Min_Stack_Size = 0x400

.isr_vector     0x0000000008000000      0x188
                0x0000000008000000                . = ALIGN (0x4)
 *(.isr_vector)
 .isr_vector    0x0000000008000000      0x188 ./Core/Startup/startup_stm32f407vetx.o
                0x0000000008000000                g_pfnVectors
                0x0000000008000188                . = ALIGN (0x4)

.text           0x0000000008000190     0xe5f0
                0x0000000008000190                . = ALIGN (0x4)
 *(.text)
 .text          0x0000000008000190       0x40 /Applications/STM32CubeIDE.app/Contents/Eclipse/plugins/com.st.stm32cube.ide.mcu.externaltools.gnu-tools-for-stm32.10.3-2021.10.macos64_1.0.0.202111181127/tools/bin/../lib/gcc/arm-none-eabi/10.3.1/thumb/v7e-m+fp/hard/crtbegin.o
 .text          0x00000000080001d0      0x378 /Applications/STM32CubeIDE.app/Contents/Eclipse/plugins/com.st.stm32cube.ide.mcu.externaltools.gnu-tools-for-stm32.10.3-2021.10.macos64_1.0.0.202111181127/tools/bin/../lib/gcc/arm-none-eabi/10.3.1/thumb/v7e-m+fp/hard/libgcc.a(_arm_addsubdf3.o)
                0x00000000080001d0                __aeabi_drsub
                0x00000000080001d8                __subdf3
                0x00000000080001d8                __aeabi_dsub
                0x00000000080001dc                __aeabi_dadd
                0x00000000080001dc                __adddf3
                0x0000000008000454                __aeabi_ui2d
                0x0000000008000454                __floatunsidf
                0x0000000008000474                __floatsidf
                0x0000000008000474                __aeabi_i2d
                0x0000000008000498                __extendsfdf2
                0x0000000008000498                __aeabi_f2d
                0x00000000080004dc                __aeabi_ul2d
                0x00000000080004dc                __floatundidf
                0x00000000080004ec                __aeabi_l2d
                0x00000000080004ec                __floatdidf
 .text          0x0000000008000548      0x424 /Applications/STM32CubeIDE.app/Contents/Eclipse/plugins/com.st.stm32cube.ide.mcu.externaltools.gnu-tools-for-stm32.10.3-2021.10.macos64_1.0.0.202111181127/tools/bin/../lib/gcc/arm-none-eabi/10.3.1/thumb/v7e-m+fp/hard/libgcc.a(_arm_muldivdf3.o)
                0x0000000008000548                __aeabi_dmul
                0x0000000008000548                __muldf3
                0x000000000800079c                __aeabi_ddiv
                0x000000000800079c                __divdf3
 .text          0x000000000800096c      0x110 /Applications/STM32CubeIDE.app/Contents/Eclipse/plugins/com.st.stm32cube.ide.mcu.externaltools.gnu-tools-for-stm32.10.3-2021.10.macos64_1.0.0.202111181127/tools/bin/../lib/gcc/arm-none-eabi/10.3.1/thumb/v7e-m+fp/hard/libgcc.a(_arm_cmpdf2.o)
                0x000000000800096c                __gedf2
                0x000000000800096c                __gtdf2
                0x0000000008000974                __ledf2
                0x0000000008000974                __ltdf2
                0x000000000800097c                __cmpdf2
                0x000000000800097c                __eqdf2
                0x000000000800097c                __nedf2
                0x00000000080009f8                __aeabi_cdrcmple
                0x0000000008000a08                __aeabi_cdcmple
                0x0000000008000a08                __aeabi_cdcmpeq
                0x0000000008000a18                __aeabi_dcmpeq
                0x0000000008000a2c                __aeabi_dcmplt
                0x0000000008000a40                __aeabi_dcmple
                0x0000000008000a54                __aeabi_dcmpge
                0x0000000008000a68                __aeabi_dcmpgt
 .text          0x0000000008000a7c       0x2c /Applications/STM32CubeIDE.app/Contents/Eclipse/plugins/com.st.stm32cube.ide.mcu.externaltools.gnu-tools-for-stm32.10.3-2021.10.macos64_1.0.0.202111181127/tools/bin/../lib/gcc/arm-none-eabi/10.3.1/thumb/v7e-m+fp/hard/libgcc.a(_arm_unorddf2.o)
                0x0000000008000a7c                __aeabi_dcmpun
                0x0000000008000a7c                __unorddf2
 .text          0x0000000008000aa8       0x50 /Applications/STM32CubeIDE.app/Contents/Eclipse/plugins/com.st.stm32cube.ide.mcu.externaltools.gnu-tools-for-stm32.10.3-2021.10.macos64_1.0.0.202111181127/tools/bin/../lib/gcc/arm-none-eabi/10.3.1/thumb/v7e-m+fp/hard/libgcc.a(_arm_fixdfsi.o)
                0x0000000008000aa8                __fixdfsi
                0x0000000008000aa8                __aeabi_d2iz
 .text          0x0000000008000af8       0xa0 /Applications/STM32CubeIDE.app/Contents/Eclipse/plugins/com.st.stm32cube.ide.mcu.externaltools.gnu-tools-for-stm32.10.3-2021.10.macos64_1.0.0.202111181127/tools/bin/../lib/gcc/arm-none-eabi/10.3.1/thumb/v7e-m+fp/hard/libgcc.a(_arm_truncdfsf2.o)
                0x0000000008000af8                __aeabi_d2f
                0x0000000008000af8                __truncdfsf2
 .text          0x0000000008000b98       0x30 /Applications/STM32CubeIDE.app/Contents/Eclipse/plugins/com.st.stm32cube.ide.mcu.externaltools.gnu-tools-for-stm32.10.3-2021.10.macos64_1.0.0.202111181127/tools/bin/../lib/gcc/arm-none-eabi/10.3.1/thumb/v7e-m+fp/hard/libgcc.a(_aeabi_uldivmod.o)
                0x0000000008000b98                __aeabi_uldivmod
 .text          0x0000000008000bc8      0x2d0 /Applications/STM32CubeIDE.app/Contents/Eclipse/plugins/com.st.stm32cube.ide.mcu.externaltools.gnu-tools-for-stm32.10.3-2021.10.macos64_1.0.0.202111181127/tools/bin/../lib/gcc/arm-none-eabi/10.3.1/thumb/v7e-m+fp/hard/libgcc.a(_udivmoddi4.o)
                0x0000000008000bc8                __udivmoddi4
 .text          0x0000000008000e98        0x4 /Applications/STM32CubeIDE.app/Contents/Eclipse/plugins/com.st.stm32cube.ide.mcu.externaltools.gnu-tools-for-stm32.10.3-2021.10.macos64_1.0.0.202111181127/tools/bin/../lib/gcc/arm-none-eabi/10.3.1/thumb/v7e-m+fp/hard/libgcc.a(_dvmd_tls.o)
                0x0000000008000e98                __aeabi_ldiv0
                0x0000000008000e98                __aeabi_idiv0
 *(.text*)
 .text.fromTickToMs
                0x0000000008000e9c       0x38 ./Core/Src/FreeRTOSTick.o
                0x0000000008000e9c                fromTickToMs
 .text.MX_CAN1_Init
                0x0000000008000ed4       0x68 ./Core/Src/can.o
                0x0000000008000ed4                MX_CAN1_Init
 .text.HAL_CAN_MspInit
                0x0000000008000f3c       0x90 ./Core/Src/can.o
                0x0000000008000f3c                HAL_CAN_MspInit
 .text.GetCrc16Checksumm
                0x0000000008000fcc       0x7e ./Core/Src/checksum.o
                0x0000000008000fcc                GetCrc16Checksumm
 .text.IsCrc16ChecksummCorrect
                0x000000000800104a       0x40 ./Core/Src/checksum.o
                0x000000000800104a                IsCrc16ChecksummCorrect
 .text.AddCrc16Checksumm
                0x000000000800108a       0x32 ./Core/Src/checksum.o
                0x000000000800108a                AddCrc16Checksumm
 .text.IsChecksumm8bCorrect
                0x00000000080010bc       0x5a ./Core/Src/checksum.o
                0x00000000080010bc                IsChecksumm8bCorrect
 .text.AddChecksumm8b
                0x0000000008001116       0x50 ./Core/Src/checksum.o
                0x0000000008001116                AddChecksumm8b
 .text.IsChecksumm8bCorrectVma
                0x0000000008001166       0x5a ./Core/Src/checksum.o
                0x0000000008001166                IsChecksumm8bCorrectVma
 .text.AddChecksumm8bVma
                0x00000000080011c0       0x4c ./Core/Src/checksum.o
                0x00000000080011c0                AddChecksumm8bVma
 .text.IsChecksum16bSCorrect
                0x000000000800120c       0x70 ./Core/Src/checksum.o
                0x000000000800120c                IsChecksum16bSCorrect
 .text.MergeBytes
                0x000000000800127c       0x34 ./Core/Src/checksum.o
                0x000000000800127c                MergeBytes
 .text.PickBit  0x00000000080012b0       0xd4 ./Core/Src/checksum.o
                0x00000000080012b0                PickBit
 .text.transmitPackage
                0x0000000008001384       0xd4 ./Core/Src/communication.o
                0x0000000008001384                transmitPackage
 .text.transmitAndReceive
                0x0000000008001458      0x11e ./Core/Src/communication.o
                0x0000000008001458                transmitAndReceive
 *fill*         0x0000000008001576        0x2 
 .text.HAL_UART_TxCpltCallback
                0x0000000008001578       0x70 ./Core/Src/communication.o
                0x0000000008001578                HAL_UART_TxCpltCallback
 .text.HAL_UART_RxCpltCallback
                0x00000000080015e8       0x80 ./Core/Src/communication.o
                0x00000000080015e8                HAL_UART_RxCpltCallback
 .text.receiveI2cPackageDMA
                0x0000000008001668       0xa0 ./Core/Src/communication.o
                0x0000000008001668                receiveI2cPackageDMA
 .text.HAL_I2C_MasterRxCpltCallback
                0x0000000008001708       0x2c ./Core/Src/communication.o
                0x0000000008001708                HAL_I2C_MasterRxCpltCallback
 .text.HAL_I2C_MasterTxCpltCallback
                0x0000000008001734       0x2c ./Core/Src/communication.o
                0x0000000008001734                HAL_I2C_MasterTxCpltCallback
 .text.SensorsResponseUpdate
                0x0000000008001760       0x54 ./Core/Src/communication.o
                0x0000000008001760                SensorsResponseUpdate
 .text.ShoreReceive
                0x00000000080017b4      0x108 ./Core/Src/communication.o
                0x00000000080017b4                ShoreReceive
 .text.DevicesRequestUpdate
                0x00000000080018bc       0x94 ./Core/Src/communication.o
                0x00000000080018bc                DevicesRequestUpdate
 .text.DevicesResponseUpdate
                0x0000000008001950       0xd0 ./Core/Src/communication.o
                0x0000000008001950                DevicesResponseUpdate
 .text.ShoreRequest
                0x0000000008001a20      0x344 ./Core/Src/communication.o
                0x0000000008001a20                ShoreRequest
 .text.ShoreConfigRequest
                0x0000000008001d64      0x2ec ./Core/Src/communication.o
                0x0000000008001d64                ShoreConfigRequest
 .text.ShoreDirectRequest
                0x0000000008002050      0x16c ./Core/Src/communication.o
                0x0000000008002050                ShoreDirectRequest
 .text.ShoreResponse
                0x00000000080021bc       0x80 ./Core/Src/communication.o
                0x00000000080021bc                ShoreResponse
 .text.ShoreConfigResponse
                0x000000000800223c      0x1ec ./Core/Src/communication.o
                0x000000000800223c                ShoreConfigResponse
 .text.ShoreDirectResponse
                0x0000000008002428       0x34 ./Core/Src/communication.o
                0x0000000008002428                ShoreDirectResponse
 *fill*         0x000000000800245c        0x4 
 .text.ImuReceive
                0x0000000008002460      0x450 ./Core/Src/communication.o
                0x0000000008002460                ImuReceive
 .text.MX_DMA_Init
                0x00000000080028b0       0xac ./Core/Src/dma.o
                0x00000000080028b0                MX_DMA_Init
 .text.flashWriteSettings
                0x000000000800295c       0x7c ./Core/Src/flash.o
                0x000000000800295c                flashWriteSettings
 .text.flashFillStructure
                0x00000000080029d8      0x2d8 ./Core/Src/flash.o
                0x00000000080029d8                flashFillStructure
 .text.MX_FREERTOS_Init
                0x0000000008002cb0      0x1b4 ./Core/Src/freertos.o
                0x0000000008002cb0                MX_FREERTOS_Init
 .text.StartDefaultTask
                0x0000000008002e64       0x10 ./Core/Src/freertos.o
                0x0000000008002e64                StartDefaultTask
 .text.func_tLedBlinkingTask
                0x0000000008002e74       0x44 ./Core/Src/freertos.o
                0x0000000008002e74                func_tLedBlinkingTask
 .text.func_tVmaCommTask
                0x0000000008002eb8       0xcc ./Core/Src/freertos.o
                0x0000000008002eb8                func_tVmaCommTask
 .text.func_tImuCommTask
                0x0000000008002f84       0xe0 ./Core/Src/freertos.o
                0x0000000008002f84                func_tImuCommTask
 .text.func_tStabilizationTask
                0x0000000008003064       0x68 ./Core/Src/freertos.o
                0x0000000008003064                func_tStabilizationTask
 .text.func_tDevCommTask
                0x00000000080030cc       0xdc ./Core/Src/freertos.o
                0x00000000080030cc                func_tDevCommTask
 .text.func_tSensCommTask
                0x00000000080031a8       0x54 ./Core/Src/freertos.o
                0x00000000080031a8                func_tSensCommTask
 .text.func_tPcCommTask
                0x00000000080031fc       0x10 ./Core/Src/freertos.o
                0x00000000080031fc                func_tPcCommTask
 .text.func_tUartTimer
                0x000000000800320c      0x10c ./Core/Src/freertos.o
                0x000000000800320c                func_tUartTimer
 .text.tSilence_func
                0x0000000008003318       0xd4 ./Core/Src/freertos.o
                0x0000000008003318                tSilence_func
 .text.tTechCommTImer_callback
                0x00000000080033ec       0x14 ./Core/Src/freertos.o
                0x00000000080033ec                tTechCommTImer_callback
 .text.MX_GPIO_Init
                0x0000000008003400       0xa4 ./Core/Src/gpio.o
                0x0000000008003400                MX_GPIO_Init
 .text.MX_I2C1_Init
                0x00000000080034a4       0x5c ./Core/Src/i2c.o
                0x00000000080034a4                MX_I2C1_Init
 .text.HAL_I2C_MspInit
                0x0000000008003500       0xa0 ./Core/Src/i2c.o
                0x0000000008003500                HAL_I2C_MspInit
 .text.main     0x00000000080035a0       0x98 ./Core/Src/main.o
                0x00000000080035a0                main
 .text.SystemClock_Config
                0x0000000008003638       0xd0 ./Core/Src/main.o
                0x0000000008003638                SystemClock_Config
 .text.HAL_TIM_PeriodElapsedCallback
                0x0000000008003708       0x24 ./Core/Src/main.o
                0x0000000008003708                HAL_TIM_PeriodElapsedCallback
 .text.Error_Handler
                0x000000000800372c        0xa ./Core/Src/main.o
                0x000000000800372c                Error_Handler
 *fill*         0x0000000008003736        0x2 
 .text.stabilizationStart
                0x0000000008003738      0x1dc ./Core/Src/stabilization.o
                0x0000000008003738                stabilizationStart
 .text.stabilizationUpdate
                0x0000000008003914      0x53c ./Core/Src/stabilization.o
                0x0000000008003914                stabilizationUpdate
 .text.HAL_MspInit
                0x0000000008003e50       0x58 ./Core/Src/stm32f4xx_hal_msp.o
                0x0000000008003e50                HAL_MspInit
 .text.HAL_InitTick
                0x0000000008003ea8       0xe4 ./Core/Src/stm32f4xx_hal_timebase_tim.o
                0x0000000008003ea8                HAL_InitTick
 .text.NMI_Handler
                0x0000000008003f8c        0x6 ./Core/Src/stm32f4xx_it.o
                0x0000000008003f8c                NMI_Handler
 .text.HardFault_Handler
                0x0000000008003f92        0x6 ./Core/Src/stm32f4xx_it.o
                0x0000000008003f92                HardFault_Handler
 .text.MemManage_Handler
                0x0000000008003f98        0x6 ./Core/Src/stm32f4xx_it.o
                0x0000000008003f98                MemManage_Handler
 .text.BusFault_Handler
                0x0000000008003f9e        0x6 ./Core/Src/stm32f4xx_it.o
                0x0000000008003f9e                BusFault_Handler
 .text.UsageFault_Handler
                0x0000000008003fa4        0x6 ./Core/Src/stm32f4xx_it.o
                0x0000000008003fa4                UsageFault_Handler
 .text.DebugMon_Handler
                0x0000000008003faa        0xe ./Core/Src/stm32f4xx_it.o
                0x0000000008003faa                DebugMon_Handler
 .text.DMA1_Stream1_IRQHandler
                0x0000000008003fb8       0x14 ./Core/Src/stm32f4xx_it.o
                0x0000000008003fb8                DMA1_Stream1_IRQHandler
 .text.DMA1_Stream3_IRQHandler
                0x0000000008003fcc       0x14 ./Core/Src/stm32f4xx_it.o
                0x0000000008003fcc                DMA1_Stream3_IRQHandler
 .text.DMA1_Stream5_IRQHandler
                0x0000000008003fe0       0x14 ./Core/Src/stm32f4xx_it.o
                0x0000000008003fe0                DMA1_Stream5_IRQHandler
 .text.DMA1_Stream6_IRQHandler
                0x0000000008003ff4       0x14 ./Core/Src/stm32f4xx_it.o
                0x0000000008003ff4                DMA1_Stream6_IRQHandler
 .text.TIM1_UP_TIM10_IRQHandler
                0x0000000008004008       0x14 ./Core/Src/stm32f4xx_it.o
                0x0000000008004008                TIM1_UP_TIM10_IRQHandler
 .text.I2C1_EV_IRQHandler
                0x000000000800401c       0x14 ./Core/Src/stm32f4xx_it.o
                0x000000000800401c                I2C1_EV_IRQHandler
 .text.USART1_IRQHandler
                0x0000000008004030       0x14 ./Core/Src/stm32f4xx_it.o
                0x0000000008004030                USART1_IRQHandler
 .text.USART2_IRQHandler
                0x0000000008004044       0x14 ./Core/Src/stm32f4xx_it.o
                0x0000000008004044                USART2_IRQHandler
 .text.USART3_IRQHandler
                0x0000000008004058       0x14 ./Core/Src/stm32f4xx_it.o
                0x0000000008004058                USART3_IRQHandler
 .text.DMA2_Stream2_IRQHandler
                0x000000000800406c       0x14 ./Core/Src/stm32f4xx_it.o
                0x000000000800406c                DMA2_Stream2_IRQHandler
 .text.DMA2_Stream7_IRQHandler
                0x0000000008004080       0x14 ./Core/Src/stm32f4xx_it.o
                0x0000000008004080                DMA2_Stream7_IRQHandler
 .text.SystemInit
                0x0000000008004094       0x24 ./Core/Src/system_stm32f4xx.o
                0x0000000008004094                SystemInit
 .text.resetThrusters
                0x00000000080040b8       0x84 ./Core/Src/thrusters.o
                0x00000000080040b8                resetThrusters
 .text.fillThrustersRequest
                0x000000000800413c       0xf4 ./Core/Src/thrusters.o
                0x000000000800413c                fillThrustersRequest
 .text.fillThrustersResponse
                0x0000000008004230       0x78 ./Core/Src/thrusters.o
                0x0000000008004230                fillThrustersResponse
 .text.formThrustVectors
                0x00000000080042a8       0xbc ./Core/Src/thrusters.o
                0x00000000080042a8                formThrustVectors
 .text.addMarchToSumm
                0x0000000008004364       0x84 ./Core/Src/thrusters.o
                0x0000000008004364                addMarchToSumm
 .text.addLagToSumm
                0x00000000080043e8       0x70 ./Core/Src/thrusters.o
                0x00000000080043e8                addLagToSumm
 .text.addDepthToSumm
                0x0000000008004458       0x6c ./Core/Src/thrusters.o
                0x0000000008004458                addDepthToSumm
 .text.addYawToSumm
                0x00000000080044c4       0x70 ./Core/Src/thrusters.o
                0x00000000080044c4                addYawToSumm
 .text.addRollToSumm
                0x0000000008004534       0x58 ./Core/Src/thrusters.o
                0x0000000008004534                addRollToSumm
 *fill*         0x000000000800458c        0x4 
 .text.addPitchToSumm
                0x0000000008004590       0xe4 ./Core/Src/thrusters.o
                0x0000000008004590                addPitchToSumm
 .text.resizeFloatToUint8
                0x0000000008004674       0x58 ./Core/Src/thrusters.o
                0x0000000008004674                resizeFloatToUint8
 .text.MX_TIM7_Init
                0x00000000080046cc       0x68 ./Core/Src/tim.o
                0x00000000080046cc                MX_TIM7_Init
 .text.HAL_TIM_Base_MspInit
                0x0000000008004734       0x44 ./Core/Src/tim.o
                0x0000000008004734                HAL_TIM_Base_MspInit
 .text.MX_USART1_UART_Init
                0x0000000008004778       0x54 ./Core/Src/usart.o
                0x0000000008004778                MX_USART1_UART_Init
 .text.MX_USART2_UART_Init
                0x00000000080047cc       0x54 ./Core/Src/usart.o
                0x00000000080047cc                MX_USART2_UART_Init
 .text.MX_USART3_UART_Init
                0x0000000008004820       0x54 ./Core/Src/usart.o
                0x0000000008004820                MX_USART3_UART_Init
 .text.HAL_UART_MspInit
                0x0000000008004874      0x408 ./Core/Src/usart.o
                0x0000000008004874                HAL_UART_MspInit
 .text.Reset_Handler
                0x0000000008004c7c       0x50 ./Core/Startup/startup_stm32f407vetx.o
                0x0000000008004c7c                Reset_Handler
 .text.Default_Handler
                0x0000000008004ccc        0x2 ./Core/Startup/startup_stm32f407vetx.o
                0x0000000008004ccc                DMA2_Stream6_IRQHandler
                0x0000000008004ccc                HASH_RNG_IRQHandler
                0x0000000008004ccc                EXTI2_IRQHandler
                0x0000000008004ccc                TIM8_CC_IRQHandler
                0x0000000008004ccc                TIM1_CC_IRQHandler
                0x0000000008004ccc                DMA2_Stream5_IRQHandler
                0x0000000008004ccc                PVD_IRQHandler
                0x0000000008004ccc                SDIO_IRQHandler
                0x0000000008004ccc                TAMP_STAMP_IRQHandler
                0x0000000008004ccc                CAN2_RX1_IRQHandler
                0x0000000008004ccc                EXTI3_IRQHandler
                0x0000000008004ccc                TIM8_TRG_COM_TIM14_IRQHandler
                0x0000000008004ccc                TIM8_UP_TIM13_IRQHandler
                0x0000000008004ccc                I2C3_ER_IRQHandler
                0x0000000008004ccc                EXTI0_IRQHandler
                0x0000000008004ccc                I2C2_EV_IRQHandler
                0x0000000008004ccc                DMA1_Stream2_IRQHandler
                0x0000000008004ccc                CAN1_RX0_IRQHandler
                0x0000000008004ccc                FPU_IRQHandler
                0x0000000008004ccc                OTG_HS_WKUP_IRQHandler
                0x0000000008004ccc                CAN2_SCE_IRQHandler
                0x0000000008004ccc                SPI1_IRQHandler
                0x0000000008004ccc                TIM6_DAC_IRQHandler
                0x0000000008004ccc                TIM1_BRK_TIM9_IRQHandler
                0x0000000008004ccc                DCMI_IRQHandler
                0x0000000008004ccc                CAN2_RX0_IRQHandler
                0x0000000008004ccc                DMA2_Stream3_IRQHandler
                0x0000000008004ccc                USART6_IRQHandler
                0x0000000008004ccc                CAN1_RX1_IRQHandler
                0x0000000008004ccc                UART5_IRQHandler
                0x0000000008004ccc                DMA2_Stream0_IRQHandler
                0x0000000008004ccc                TIM4_IRQHandler
                0x0000000008004ccc                UART4_IRQHandler
                0x0000000008004ccc                TIM3_IRQHandler
                0x0000000008004ccc                RCC_IRQHandler
                0x0000000008004ccc                TIM8_BRK_TIM12_IRQHandler
                0x0000000008004ccc                Default_Handler
                0x0000000008004ccc                EXTI15_10_IRQHandler
                0x0000000008004ccc                ADC_IRQHandler
                0x0000000008004ccc                DMA1_Stream7_IRQHandler
                0x0000000008004ccc                TIM7_IRQHandler
                0x0000000008004ccc                CAN2_TX_IRQHandler
                0x0000000008004ccc                TIM5_IRQHandler
                0x0000000008004ccc                I2C3_EV_IRQHandler
                0x0000000008004ccc                EXTI9_5_IRQHandler
                0x0000000008004ccc                RTC_WKUP_IRQHandler
                0x0000000008004ccc                ETH_WKUP_IRQHandler
                0x0000000008004ccc                SPI2_IRQHandler
                0x0000000008004ccc                OTG_HS_EP1_IN_IRQHandler
                0x0000000008004ccc                DMA1_Stream0_IRQHandler
                0x0000000008004ccc                CAN1_TX_IRQHandler
                0x0000000008004ccc                EXTI4_IRQHandler
                0x0000000008004ccc                FSMC_IRQHandler
                0x0000000008004ccc                ETH_IRQHandler
                0x0000000008004ccc                OTG_HS_EP1_OUT_IRQHandler
                0x0000000008004ccc                WWDG_IRQHandler
                0x0000000008004ccc                TIM2_IRQHandler
                0x0000000008004ccc                OTG_FS_WKUP_IRQHandler
                0x0000000008004ccc                TIM1_TRG_COM_TIM11_IRQHandler
                0x0000000008004ccc                OTG_HS_IRQHandler
                0x0000000008004ccc                EXTI1_IRQHandler
                0x0000000008004ccc                I2C2_ER_IRQHandler
                0x0000000008004ccc                DMA2_Stream1_IRQHandler
                0x0000000008004ccc                CAN1_SCE_IRQHandler
                0x0000000008004ccc                FLASH_IRQHandler
                0x0000000008004ccc                DMA2_Stream4_IRQHandler
                0x0000000008004ccc                OTG_FS_IRQHandler
                0x0000000008004ccc                SPI3_IRQHandler
                0x0000000008004ccc                DMA1_Stream4_IRQHandler
                0x0000000008004ccc                I2C1_ER_IRQHandler
                0x0000000008004ccc                RTC_Alarm_IRQHandler
 *fill*         0x0000000008004cce        0x2 
 .text.HAL_Init
                0x0000000008004cd0       0x44 ./Drivers/STM32F4xx_HAL_Driver/Src/stm32f4xx_hal.o
                0x0000000008004cd0                HAL_Init
 .text.HAL_IncTick
                0x0000000008004d14       0x28 ./Drivers/STM32F4xx_HAL_Driver/Src/stm32f4xx_hal.o
                0x0000000008004d14                HAL_IncTick
 .text.HAL_GetTick
                0x0000000008004d3c       0x18 ./Drivers/STM32F4xx_HAL_Driver/Src/stm32f4xx_hal.o
                0x0000000008004d3c                HAL_GetTick
 .text.HAL_Delay
                0x0000000008004d54       0x48 ./Drivers/STM32F4xx_HAL_Driver/Src/stm32f4xx_hal.o
                0x0000000008004d54                HAL_Delay
 .text.HAL_CAN_Init
                0x0000000008004d9c      0x1f6 ./Drivers/STM32F4xx_HAL_Driver/Src/stm32f4xx_hal_can.o
                0x0000000008004d9c                HAL_CAN_Init
 *fill*         0x0000000008004f92        0x2 
 .text.__NVIC_SetPriorityGrouping
                0x0000000008004f94       0x48 ./Drivers/STM32F4xx_HAL_Driver/Src/stm32f4xx_hal_cortex.o
 .text.__NVIC_GetPriorityGrouping
                0x0000000008004fdc       0x1c ./Drivers/STM32F4xx_HAL_Driver/Src/stm32f4xx_hal_cortex.o
 .text.__NVIC_EnableIRQ
                0x0000000008004ff8       0x3c ./Drivers/STM32F4xx_HAL_Driver/Src/stm32f4xx_hal_cortex.o
 .text.__NVIC_SetPriority
                0x0000000008005034       0x54 ./Drivers/STM32F4xx_HAL_Driver/Src/stm32f4xx_hal_cortex.o
 .text.NVIC_EncodePriority
                0x0000000008005088       0x66 ./Drivers/STM32F4xx_HAL_Driver/Src/stm32f4xx_hal_cortex.o
 .text.HAL_NVIC_SetPriorityGrouping
                0x00000000080050ee       0x16 ./Drivers/STM32F4xx_HAL_Driver/Src/stm32f4xx_hal_cortex.o
                0x00000000080050ee                HAL_NVIC_SetPriorityGrouping
 .text.HAL_NVIC_SetPriority
                0x0000000008005104       0x38 ./Drivers/STM32F4xx_HAL_Driver/Src/stm32f4xx_hal_cortex.o
                0x0000000008005104                HAL_NVIC_SetPriority
 .text.HAL_NVIC_EnableIRQ
                0x000000000800513c       0x1c ./Drivers/STM32F4xx_HAL_Driver/Src/stm32f4xx_hal_cortex.o
                0x000000000800513c                HAL_NVIC_EnableIRQ
 .text.HAL_DMA_Init
                0x0000000008005158      0x15c ./Drivers/STM32F4xx_HAL_Driver/Src/stm32f4xx_hal_dma.o
                0x0000000008005158                HAL_DMA_Init
 .text.HAL_DMA_Start_IT
                0x00000000080052b4       0xb0 ./Drivers/STM32F4xx_HAL_Driver/Src/stm32f4xx_hal_dma.o
                0x00000000080052b4                HAL_DMA_Start_IT
 .text.HAL_DMA_Abort
                0x0000000008005364       0xe0 ./Drivers/STM32F4xx_HAL_Driver/Src/stm32f4xx_hal_dma.o
                0x0000000008005364                HAL_DMA_Abort
 .text.HAL_DMA_Abort_IT
                0x0000000008005444       0x44 ./Drivers/STM32F4xx_HAL_Driver/Src/stm32f4xx_hal_dma.o
                0x0000000008005444                HAL_DMA_Abort_IT
 .text.HAL_DMA_IRQHandler
                0x0000000008005488      0x314 ./Drivers/STM32F4xx_HAL_Driver/Src/stm32f4xx_hal_dma.o
                0x0000000008005488                HAL_DMA_IRQHandler
 .text.HAL_DMA_GetState
                0x000000000800579c       0x1c ./Drivers/STM32F4xx_HAL_Driver/Src/stm32f4xx_hal_dma.o
                0x000000000800579c                HAL_DMA_GetState
 .text.DMA_SetConfig
                0x00000000080057b8       0x5c ./Drivers/STM32F4xx_HAL_Driver/Src/stm32f4xx_hal_dma.o
 .text.DMA_CalcBaseAndBitshift
                0x0000000008005814       0x6c ./Drivers/STM32F4xx_HAL_Driver/Src/stm32f4xx_hal_dma.o
 .text.DMA_CheckFifoParam
                0x0000000008005880       0xf8 ./Drivers/STM32F4xx_HAL_Driver/Src/stm32f4xx_hal_dma.o
 .text.HAL_FLASH_Program
                0x0000000008005978       0xa8 ./Drivers/STM32F4xx_HAL_Driver/Src/stm32f4xx_hal_flash.o
                0x0000000008005978                HAL_FLASH_Program
 .text.HAL_FLASH_Unlock
                0x0000000008005a20       0x44 ./Drivers/STM32F4xx_HAL_Driver/Src/stm32f4xx_hal_flash.o
                0x0000000008005a20                HAL_FLASH_Unlock
 .text.HAL_FLASH_Lock
                0x0000000008005a64       0x20 ./Drivers/STM32F4xx_HAL_Driver/Src/stm32f4xx_hal_flash.o
                0x0000000008005a64                HAL_FLASH_Lock
 .text.FLASH_WaitForLastOperation
                0x0000000008005a84       0x80 ./Drivers/STM32F4xx_HAL_Driver/Src/stm32f4xx_hal_flash.o
                0x0000000008005a84                FLASH_WaitForLastOperation
 .text.FLASH_Program_DoubleWord
                0x0000000008005b04       0x64 ./Drivers/STM32F4xx_HAL_Driver/Src/stm32f4xx_hal_flash.o
 .text.FLASH_Program_Word
                0x0000000008005b68       0x44 ./Drivers/STM32F4xx_HAL_Driver/Src/stm32f4xx_hal_flash.o
 .text.FLASH_Program_HalfWord
                0x0000000008005bac       0x48 ./Drivers/STM32F4xx_HAL_Driver/Src/stm32f4xx_hal_flash.o
 .text.FLASH_Program_Byte
                0x0000000008005bf4       0x44 ./Drivers/STM32F4xx_HAL_Driver/Src/stm32f4xx_hal_flash.o
 .text.FLASH_SetErrorCode
                0x0000000008005c38       0xac ./Drivers/STM32F4xx_HAL_Driver/Src/stm32f4xx_hal_flash.o
 .text.HAL_FLASHEx_Erase
                0x0000000008005ce4       0xe0 ./Drivers/STM32F4xx_HAL_Driver/Src/stm32f4xx_hal_flash_ex.o
                0x0000000008005ce4                HAL_FLASHEx_Erase
 .text.FLASH_MassErase
                0x0000000008005dc4       0x48 ./Drivers/STM32F4xx_HAL_Driver/Src/stm32f4xx_hal_flash_ex.o
 .text.FLASH_Erase_Sector
                0x0000000008005e0c       0x90 ./Drivers/STM32F4xx_HAL_Driver/Src/stm32f4xx_hal_flash_ex.o
                0x0000000008005e0c                FLASH_Erase_Sector
 .text.FLASH_FlushCaches
                0x0000000008005e9c       0x8c ./Drivers/STM32F4xx_HAL_Driver/Src/stm32f4xx_hal_flash_ex.o
                0x0000000008005e9c                FLASH_FlushCaches
 .text.HAL_GPIO_Init
                0x0000000008005f28      0x338 ./Drivers/STM32F4xx_HAL_Driver/Src/stm32f4xx_hal_gpio.o
                0x0000000008005f28                HAL_GPIO_Init
 .text.HAL_GPIO_WritePin
                0x0000000008006260       0x32 ./Drivers/STM32F4xx_HAL_Driver/Src/stm32f4xx_hal_gpio.o
                0x0000000008006260                HAL_GPIO_WritePin
 .text.HAL_GPIO_TogglePin
                0x0000000008006292       0x34 ./Drivers/STM32F4xx_HAL_Driver/Src/stm32f4xx_hal_gpio.o
                0x0000000008006292                HAL_GPIO_TogglePin
 *fill*         0x00000000080062c6        0x2 
 .text.HAL_I2C_Init
                0x00000000080062c8      0x288 ./Drivers/STM32F4xx_HAL_Driver/Src/stm32f4xx_hal_i2c.o
                0x00000000080062c8                HAL_I2C_Init
 .text.HAL_I2C_Master_Receive_IT
                0x0000000008006550      0x15c ./Drivers/STM32F4xx_HAL_Driver/Src/stm32f4xx_hal_i2c.o
                0x0000000008006550                HAL_I2C_Master_Receive_IT
 .text.HAL_I2C_EV_IRQHandler
                0x00000000080066ac      0x2e2 ./Drivers/STM32F4xx_HAL_Driver/Src/stm32f4xx_hal_i2c.o
                0x00000000080066ac                HAL_I2C_EV_IRQHandler
 .text.HAL_I2C_SlaveTxCpltCallback
                0x000000000800698e       0x14 ./Drivers/STM32F4xx_HAL_Driver/Src/stm32f4xx_hal_i2c.o
                0x000000000800698e                HAL_I2C_SlaveTxCpltCallback
 .text.HAL_I2C_SlaveRxCpltCallback
                0x00000000080069a2       0x14 ./Drivers/STM32F4xx_HAL_Driver/Src/stm32f4xx_hal_i2c.o
                0x00000000080069a2                HAL_I2C_SlaveRxCpltCallback
 .text.HAL_I2C_AddrCallback
                0x00000000080069b6       0x1c ./Drivers/STM32F4xx_HAL_Driver/Src/stm32f4xx_hal_i2c.o
                0x00000000080069b6                HAL_I2C_AddrCallback
 .text.HAL_I2C_ListenCpltCallback
                0x00000000080069d2       0x14 ./Drivers/STM32F4xx_HAL_Driver/Src/stm32f4xx_hal_i2c.o
                0x00000000080069d2                HAL_I2C_ListenCpltCallback
 .text.HAL_I2C_MemTxCpltCallback
                0x00000000080069e6       0x14 ./Drivers/STM32F4xx_HAL_Driver/Src/stm32f4xx_hal_i2c.o
                0x00000000080069e6                HAL_I2C_MemTxCpltCallback
 .text.HAL_I2C_MemRxCpltCallback
                0x00000000080069fa       0x14 ./Drivers/STM32F4xx_HAL_Driver/Src/stm32f4xx_hal_i2c.o
                0x00000000080069fa                HAL_I2C_MemRxCpltCallback
 .text.HAL_I2C_ErrorCallback
                0x0000000008006a0e       0x14 ./Drivers/STM32F4xx_HAL_Driver/Src/stm32f4xx_hal_i2c.o
                0x0000000008006a0e                HAL_I2C_ErrorCallback
 .text.HAL_I2C_AbortCpltCallback
                0x0000000008006a22       0x14 ./Drivers/STM32F4xx_HAL_Driver/Src/stm32f4xx_hal_i2c.o
                0x0000000008006a22                HAL_I2C_AbortCpltCallback
 .text.I2C_MasterTransmit_TXE
                0x0000000008006a36      0x138 ./Drivers/STM32F4xx_HAL_Driver/Src/stm32f4xx_hal_i2c.o
 .text.I2C_MasterTransmit_BTF
                0x0000000008006b6e       0xec ./Drivers/STM32F4xx_HAL_Driver/Src/stm32f4xx_hal_i2c.o
 .text.I2C_MemoryTransmit_TXE_BTF
                0x0000000008006c5a      0x128 ./Drivers/STM32F4xx_HAL_Driver/Src/stm32f4xx_hal_i2c.o
 .text.I2C_MasterReceive_RXNE
                0x0000000008006d82      0x176 ./Drivers/STM32F4xx_HAL_Driver/Src/stm32f4xx_hal_i2c.o
 .text.I2C_MasterReceive_BTF
                0x0000000008006ef8      0x1d4 ./Drivers/STM32F4xx_HAL_Driver/Src/stm32f4xx_hal_i2c.o
 .text.I2C_Master_SB
                0x00000000080070cc      0x10c ./Drivers/STM32F4xx_HAL_Driver/Src/stm32f4xx_hal_i2c.o
 .text.I2C_Master_ADD10
                0x00000000080071d8       0x54 ./Drivers/STM32F4xx_HAL_Driver/Src/stm32f4xx_hal_i2c.o
 .text.I2C_Master_ADDR
                0x000000000800722c      0x322 ./Drivers/STM32F4xx_HAL_Driver/Src/stm32f4xx_hal_i2c.o
 .text.I2C_SlaveTransmit_TXE
                0x000000000800754e       0x7a ./Drivers/STM32F4xx_HAL_Driver/Src/stm32f4xx_hal_i2c.o
 .text.I2C_SlaveTransmit_BTF
                0x00000000080075c8       0x42 ./Drivers/STM32F4xx_HAL_Driver/Src/stm32f4xx_hal_i2c.o
 .text.I2C_SlaveReceive_RXNE
                0x000000000800760a       0x7c ./Drivers/STM32F4xx_HAL_Driver/Src/stm32f4xx_hal_i2c.o
 .text.I2C_SlaveReceive_BTF
                0x0000000008007686       0x44 ./Drivers/STM32F4xx_HAL_Driver/Src/stm32f4xx_hal_i2c.o
 .text.I2C_Slave_ADDR
                0x00000000080076ca       0x94 ./Drivers/STM32F4xx_HAL_Driver/Src/stm32f4xx_hal_i2c.o
 *fill*         0x000000000800775e        0x2 
 .text.I2C_Slave_STOPF
                0x0000000008007760      0x260 ./Drivers/STM32F4xx_HAL_Driver/Src/stm32f4xx_hal_i2c.o
 .text.I2C_ITError
                0x00000000080079c0      0x264 ./Drivers/STM32F4xx_HAL_Driver/Src/stm32f4xx_hal_i2c.o
 .text.I2C_DMAAbort
                0x0000000008007c24      0x150 ./Drivers/STM32F4xx_HAL_Driver/Src/stm32f4xx_hal_i2c.o
 .text.I2C_WaitOnSTOPRequestThroughIT
                0x0000000008007d74       0x64 ./Drivers/STM32F4xx_HAL_Driver/Src/stm32f4xx_hal_i2c.o
 .text.I2C_ConvertOtherXferOptions
                0x0000000008007dd8       0x36 ./Drivers/STM32F4xx_HAL_Driver/Src/stm32f4xx_hal_i2c.o
 *fill*         0x0000000008007e0e        0x2 
 .text.HAL_RCC_OscConfig
                0x0000000008007e10      0x4f0 ./Drivers/STM32F4xx_HAL_Driver/Src/stm32f4xx_hal_rcc.o
                0x0000000008007e10                HAL_RCC_OscConfig
 .text.HAL_RCC_ClockConfig
                0x0000000008008300      0x1cc ./Drivers/STM32F4xx_HAL_Driver/Src/stm32f4xx_hal_rcc.o
                0x0000000008008300                HAL_RCC_ClockConfig
 .text.HAL_RCC_GetSysClockFreq
                0x00000000080084cc      0x18c ./Drivers/STM32F4xx_HAL_Driver/Src/stm32f4xx_hal_rcc.o
                0x00000000080084cc                HAL_RCC_GetSysClockFreq
 .text.HAL_RCC_GetHCLKFreq
                0x0000000008008658       0x18 ./Drivers/STM32F4xx_HAL_Driver/Src/stm32f4xx_hal_rcc.o
                0x0000000008008658                HAL_RCC_GetHCLKFreq
 .text.HAL_RCC_GetPCLK1Freq
                0x0000000008008670       0x28 ./Drivers/STM32F4xx_HAL_Driver/Src/stm32f4xx_hal_rcc.o
                0x0000000008008670                HAL_RCC_GetPCLK1Freq
 .text.HAL_RCC_GetPCLK2Freq
                0x0000000008008698       0x28 ./Drivers/STM32F4xx_HAL_Driver/Src/stm32f4xx_hal_rcc.o
                0x0000000008008698                HAL_RCC_GetPCLK2Freq
 .text.HAL_RCC_GetClockConfig
                0x00000000080086c0       0x64 ./Drivers/STM32F4xx_HAL_Driver/Src/stm32f4xx_hal_rcc.o
                0x00000000080086c0                HAL_RCC_GetClockConfig
 .text.HAL_TIM_Base_Init
                0x0000000008008724       0x9e ./Drivers/STM32F4xx_HAL_Driver/Src/stm32f4xx_hal_tim.o
                0x0000000008008724                HAL_TIM_Base_Init
 *fill*         0x00000000080087c2        0x2 
 .text.HAL_TIM_Base_Start_IT
                0x00000000080087c4       0xe0 ./Drivers/STM32F4xx_HAL_Driver/Src/stm32f4xx_hal_tim.o
                0x00000000080087c4                HAL_TIM_Base_Start_IT
 .text.HAL_TIM_IRQHandler
                0x00000000080088a4      0x210 ./Drivers/STM32F4xx_HAL_Driver/Src/stm32f4xx_hal_tim.o
                0x00000000080088a4                HAL_TIM_IRQHandler
 .text.HAL_TIM_OC_DelayElapsedCallback
                0x0000000008008ab4       0x14 ./Drivers/STM32F4xx_HAL_Driver/Src/stm32f4xx_hal_tim.o
                0x0000000008008ab4                HAL_TIM_OC_DelayElapsedCallback
 .text.HAL_TIM_IC_CaptureCallback
                0x0000000008008ac8       0x14 ./Drivers/STM32F4xx_HAL_Driver/Src/stm32f4xx_hal_tim.o
                0x0000000008008ac8                HAL_TIM_IC_CaptureCallback
 .text.HAL_TIM_PWM_PulseFinishedCallback
                0x0000000008008adc       0x14 ./Drivers/STM32F4xx_HAL_Driver/Src/stm32f4xx_hal_tim.o
                0x0000000008008adc                HAL_TIM_PWM_PulseFinishedCallback
 .text.HAL_TIM_TriggerCallback
                0x0000000008008af0       0x14 ./Drivers/STM32F4xx_HAL_Driver/Src/stm32f4xx_hal_tim.o
                0x0000000008008af0                HAL_TIM_TriggerCallback
 .text.TIM_Base_SetConfig
                0x0000000008008b04      0x140 ./Drivers/STM32F4xx_HAL_Driver/Src/stm32f4xx_hal_tim.o
                0x0000000008008b04                TIM_Base_SetConfig
 .text.HAL_TIMEx_MasterConfigSynchronization
                0x0000000008008c44       0xf8 ./Drivers/STM32F4xx_HAL_Driver/Src/stm32f4xx_hal_tim_ex.o
                0x0000000008008c44                HAL_TIMEx_MasterConfigSynchronization
 .text.HAL_TIMEx_CommutCallback
                0x0000000008008d3c       0x14 ./Drivers/STM32F4xx_HAL_Driver/Src/stm32f4xx_hal_tim_ex.o
                0x0000000008008d3c                HAL_TIMEx_CommutCallback
 .text.HAL_TIMEx_BreakCallback
                0x0000000008008d50       0x14 ./Drivers/STM32F4xx_HAL_Driver/Src/stm32f4xx_hal_tim_ex.o
                0x0000000008008d50                HAL_TIMEx_BreakCallback
 .text.HAL_UART_Init
                0x0000000008008d64       0x9a ./Drivers/STM32F4xx_HAL_Driver/Src/stm32f4xx_hal_uart.o
                0x0000000008008d64                HAL_UART_Init
 .text.HAL_UART_Transmit_IT
                0x0000000008008dfe       0x8a ./Drivers/STM32F4xx_HAL_Driver/Src/stm32f4xx_hal_uart.o
                0x0000000008008dfe                HAL_UART_Transmit_IT
 .text.HAL_UART_Receive_IT
                0x0000000008008e88       0x60 ./Drivers/STM32F4xx_HAL_Driver/Src/stm32f4xx_hal_uart.o
                0x0000000008008e88                HAL_UART_Receive_IT
 .text.HAL_UART_Transmit_DMA
                0x0000000008008ee8       0xfc ./Drivers/STM32F4xx_HAL_Driver/Src/stm32f4xx_hal_uart.o
                0x0000000008008ee8                HAL_UART_Transmit_DMA
 .text.HAL_UART_Receive_DMA
                0x0000000008008fe4       0x60 ./Drivers/STM32F4xx_HAL_Driver/Src/stm32f4xx_hal_uart.o
                0x0000000008008fe4                HAL_UART_Receive_DMA
 .text.HAL_UART_AbortTransmit_IT
                0x0000000008009044       0xe8 ./Drivers/STM32F4xx_HAL_Driver/Src/stm32f4xx_hal_uart.o
                0x0000000008009044                HAL_UART_AbortTransmit_IT
 .text.HAL_UART_AbortReceive_IT
                0x000000000800912c      0x164 ./Drivers/STM32F4xx_HAL_Driver/Src/stm32f4xx_hal_uart.o
                0x000000000800912c                HAL_UART_AbortReceive_IT
 .text.HAL_UART_IRQHandler
                0x0000000008009290      0x51c ./Drivers/STM32F4xx_HAL_Driver/Src/stm32f4xx_hal_uart.o
                0x0000000008009290                HAL_UART_IRQHandler
 .text.HAL_UART_TxHalfCpltCallback
                0x00000000080097ac       0x14 ./Drivers/STM32F4xx_HAL_Driver/Src/stm32f4xx_hal_uart.o
                0x00000000080097ac                HAL_UART_TxHalfCpltCallback
 .text.HAL_UART_RxHalfCpltCallback
                0x00000000080097c0       0x14 ./Drivers/STM32F4xx_HAL_Driver/Src/stm32f4xx_hal_uart.o
                0x00000000080097c0                HAL_UART_RxHalfCpltCallback
 .text.HAL_UART_ErrorCallback
                0x00000000080097d4       0x14 ./Drivers/STM32F4xx_HAL_Driver/Src/stm32f4xx_hal_uart.o
                0x00000000080097d4                HAL_UART_ErrorCallback
 .text.HAL_UART_AbortTransmitCpltCallback
                0x00000000080097e8       0x14 ./Drivers/STM32F4xx_HAL_Driver/Src/stm32f4xx_hal_uart.o
                0x00000000080097e8                HAL_UART_AbortTransmitCpltCallback
 .text.HAL_UART_AbortReceiveCpltCallback
                0x00000000080097fc       0x14 ./Drivers/STM32F4xx_HAL_Driver/Src/stm32f4xx_hal_uart.o
                0x00000000080097fc                HAL_UART_AbortReceiveCpltCallback
 .text.HAL_UARTEx_RxEventCallback
                0x0000000008009810       0x18 ./Drivers/STM32F4xx_HAL_Driver/Src/stm32f4xx_hal_uart.o
                0x0000000008009810                HAL_UARTEx_RxEventCallback
 .text.UART_DMATransmitCplt
                0x0000000008009828       0x9a ./Drivers/STM32F4xx_HAL_Driver/Src/stm32f4xx_hal_uart.o
 .text.UART_DMATxHalfCplt
                0x00000000080098c2       0x1c ./Drivers/STM32F4xx_HAL_Driver/Src/stm32f4xx_hal_uart.o
 .text.UART_DMAReceiveCplt
                0x00000000080098de      0x126 ./Drivers/STM32F4xx_HAL_Driver/Src/stm32f4xx_hal_uart.o
 .text.UART_DMARxHalfCplt
                0x0000000008009a04       0x36 ./Drivers/STM32F4xx_HAL_Driver/Src/stm32f4xx_hal_uart.o
 .text.UART_DMAError
                0x0000000008009a3a       0x94 ./Drivers/STM32F4xx_HAL_Driver/Src/stm32f4xx_hal_uart.o
 .text.UART_Start_Receive_IT
                0x0000000008009ace       0x7c ./Drivers/STM32F4xx_HAL_Driver/Src/stm32f4xx_hal_uart.o
                0x0000000008009ace                UART_Start_Receive_IT
 *fill*         0x0000000008009b4a        0x2 
 .text.UART_Start_Receive_DMA
                0x0000000008009b4c      0x13c ./Drivers/STM32F4xx_HAL_Driver/Src/stm32f4xx_hal_uart.o
                0x0000000008009b4c                UART_Start_Receive_DMA
 .text.UART_EndTxTransfer
                0x0000000008009c88       0x50 ./Drivers/STM32F4xx_HAL_Driver/Src/stm32f4xx_hal_uart.o
 .text.UART_EndRxTransfer
                0x0000000008009cd8       0xc6 ./Drivers/STM32F4xx_HAL_Driver/Src/stm32f4xx_hal_uart.o
 .text.UART_DMAAbortOnError
                0x0000000008009d9e       0x28 ./Drivers/STM32F4xx_HAL_Driver/Src/stm32f4xx_hal_uart.o
 .text.UART_DMATxOnlyAbortCallback
                0x0000000008009dc6       0x2a ./Drivers/STM32F4xx_HAL_Driver/Src/stm32f4xx_hal_uart.o
 .text.UART_DMARxOnlyAbortCallback
                0x0000000008009df0       0x30 ./Drivers/STM32F4xx_HAL_Driver/Src/stm32f4xx_hal_uart.o
 .text.UART_Transmit_IT
                0x0000000008009e20       0xa0 ./Drivers/STM32F4xx_HAL_Driver/Src/stm32f4xx_hal_uart.o
 .text.UART_EndTransmit_IT
                0x0000000008009ec0       0x30 ./Drivers/STM32F4xx_HAL_Driver/Src/stm32f4xx_hal_uart.o
 .text.UART_Receive_IT
                0x0000000008009ef0      0x176 ./Drivers/STM32F4xx_HAL_Driver/Src/stm32f4xx_hal_uart.o
 *fill*         0x000000000800a066        0x2 
 .text.UART_SetConfig
                0x000000000800a068      0x4e8 ./Drivers/STM32F4xx_HAL_Driver/Src/stm32f4xx_hal_uart.o
 .text.__NVIC_SetPriority
                0x000000000800a550       0x54 ./Middlewares/Third_Party/FreeRTOS/Source/CMSIS_RTOS_V2/cmsis_os2.o
 .text.SysTick_Handler
                0x000000000800a5a4       0x20 ./Middlewares/Third_Party/FreeRTOS/Source/CMSIS_RTOS_V2/cmsis_os2.o
                0x000000000800a5a4                SysTick_Handler
 .text.SVC_Setup
                0x000000000800a5c4       0x12 ./Middlewares/Third_Party/FreeRTOS/Source/CMSIS_RTOS_V2/cmsis_os2.o
 *fill*         0x000000000800a5d6        0x2 
 .text.osKernelInitialize
                0x000000000800a5d8       0x48 ./Middlewares/Third_Party/FreeRTOS/Source/CMSIS_RTOS_V2/cmsis_os2.o
                0x000000000800a5d8                osKernelInitialize
 .text.osKernelStart
                0x000000000800a620       0x4c ./Middlewares/Third_Party/FreeRTOS/Source/CMSIS_RTOS_V2/cmsis_os2.o
                0x000000000800a620                osKernelStart
 .text.osThreadNew
                0x000000000800a66c      0x124 ./Middlewares/Third_Party/FreeRTOS/Source/CMSIS_RTOS_V2/cmsis_os2.o
                0x000000000800a66c                osThreadNew
 .text.osDelay  0x000000000800a790       0x36 ./Middlewares/Third_Party/FreeRTOS/Source/CMSIS_RTOS_V2/cmsis_os2.o
                0x000000000800a790                osDelay
 .text.osDelayUntil
                0x000000000800a7c6       0x5a ./Middlewares/Third_Party/FreeRTOS/Source/CMSIS_RTOS_V2/cmsis_os2.o
                0x000000000800a7c6                osDelayUntil
 .text.TimerCallback
                0x000000000800a820       0x2a ./Middlewares/Third_Party/FreeRTOS/Source/CMSIS_RTOS_V2/cmsis_os2.o
 *fill*         0x000000000800a84a        0x2 
 .text.osTimerNew
                0x000000000800a84c       0xf8 ./Middlewares/Third_Party/FreeRTOS/Source/CMSIS_RTOS_V2/cmsis_os2.o
                0x000000000800a84c                osTimerNew
 .text.osMutexNew
                0x000000000800a944      0x10c ./Middlewares/Third_Party/FreeRTOS/Source/CMSIS_RTOS_V2/cmsis_os2.o
                0x000000000800a944                osMutexNew
 .text.vApplicationGetIdleTaskMemory
                0x000000000800aa50       0x34 ./Middlewares/Third_Party/FreeRTOS/Source/CMSIS_RTOS_V2/cmsis_os2.o
                0x000000000800aa50                vApplicationGetIdleTaskMemory
 .text.vApplicationGetTimerTaskMemory
                0x000000000800aa84       0x34 ./Middlewares/Third_Party/FreeRTOS/Source/CMSIS_RTOS_V2/cmsis_os2.o
                0x000000000800aa84                vApplicationGetTimerTaskMemory
 .text.vListInitialise
                0x000000000800aab8       0x40 ./Middlewares/Third_Party/FreeRTOS/Source/list.o
                0x000000000800aab8                vListInitialise
 .text.vListInitialiseItem
                0x000000000800aaf8       0x1a ./Middlewares/Third_Party/FreeRTOS/Source/list.o
                0x000000000800aaf8                vListInitialiseItem
 .text.vListInsertEnd
                0x000000000800ab12       0x48 ./Middlewares/Third_Party/FreeRTOS/Source/list.o
                0x000000000800ab12                vListInsertEnd
 .text.vListInsert
                0x000000000800ab5a       0x72 ./Middlewares/Third_Party/FreeRTOS/Source/list.o
                0x000000000800ab5a                vListInsert
 .text.uxListRemove
                0x000000000800abcc       0x54 ./Middlewares/Third_Party/FreeRTOS/Source/list.o
                0x000000000800abcc                uxListRemove
 .text.xQueueGenericReset
                0x000000000800ac20       0xd0 ./Middlewares/Third_Party/FreeRTOS/Source/queue.o
                0x000000000800ac20                xQueueGenericReset
 .text.xQueueGenericCreateStatic
                0x000000000800acf0       0xf0 ./Middlewares/Third_Party/FreeRTOS/Source/queue.o
                0x000000000800acf0                xQueueGenericCreateStatic
 .text.xQueueGenericCreate
                0x000000000800ade0       0x74 ./Middlewares/Third_Party/FreeRTOS/Source/queue.o
                0x000000000800ade0                xQueueGenericCreate
 .text.prvInitialiseNewQueue
                0x000000000800ae54       0x46 ./Middlewares/Third_Party/FreeRTOS/Source/queue.o
 .text.prvInitialiseMutex
                0x000000000800ae9a       0x34 ./Middlewares/Third_Party/FreeRTOS/Source/queue.o
 .text.xQueueCreateMutex
                0x000000000800aece       0x30 ./Middlewares/Third_Party/FreeRTOS/Source/queue.o
                0x000000000800aece                xQueueCreateMutex
 .text.xQueueCreateMutexStatic
                0x000000000800aefe       0x36 ./Middlewares/Third_Party/FreeRTOS/Source/queue.o
                0x000000000800aefe                xQueueCreateMutexStatic
 .text.xQueueGenericSend
                0x000000000800af34      0x1fc ./Middlewares/Third_Party/FreeRTOS/Source/queue.o
                0x000000000800af34                xQueueGenericSend
 .text.xQueueGenericSendFromISR
                0x000000000800b130      0x136 ./Middlewares/Third_Party/FreeRTOS/Source/queue.o
                0x000000000800b130                xQueueGenericSendFromISR
 *fill*         0x000000000800b266        0x2 
 .text.xQueueReceive
                0x000000000800b268      0x1c0 ./Middlewares/Third_Party/FreeRTOS/Source/queue.o
                0x000000000800b268                xQueueReceive
 .text.xQueueSemaphoreTake
                0x000000000800b428      0x218 ./Middlewares/Third_Party/FreeRTOS/Source/queue.o
                0x000000000800b428                xQueueSemaphoreTake
 .text.prvGetDisinheritPriorityAfterTimeout
                0x000000000800b640       0x30 ./Middlewares/Third_Party/FreeRTOS/Source/queue.o
 .text.prvCopyDataToQueue
                0x000000000800b670       0xd4 ./Middlewares/Third_Party/FreeRTOS/Source/queue.o
 .text.prvCopyDataFromQueue
                0x000000000800b744       0x4c ./Middlewares/Third_Party/FreeRTOS/Source/queue.o
 .text.prvUnlockQueue
                0x000000000800b790       0xa4 ./Middlewares/Third_Party/FreeRTOS/Source/queue.o
 .text.prvIsQueueEmpty
                0x000000000800b834       0x2c ./Middlewares/Third_Party/FreeRTOS/Source/queue.o
 .text.prvIsQueueFull
                0x000000000800b860       0x30 ./Middlewares/Third_Party/FreeRTOS/Source/queue.o
 .text.vQueueAddToRegistry
                0x000000000800b890       0x54 ./Middlewares/Third_Party/FreeRTOS/Source/queue.o
                0x000000000800b890                vQueueAddToRegistry
 .text.vQueueWaitForMessageRestricted
                0x000000000800b8e4       0x68 ./Middlewares/Third_Party/FreeRTOS/Source/queue.o
                0x000000000800b8e4                vQueueWaitForMessageRestricted
 .text.xTaskCreateStatic
                0x000000000800b94c       0xba ./Middlewares/Third_Party/FreeRTOS/Source/tasks.o
                0x000000000800b94c                xTaskCreateStatic
 .text.xTaskCreate
                0x000000000800ba06       0x8a ./Middlewares/Third_Party/FreeRTOS/Source/tasks.o
                0x000000000800ba06                xTaskCreate
 .text.prvInitialiseNewTask
                0x000000000800ba90      0x14c ./Middlewares/Third_Party/FreeRTOS/Source/tasks.o
 .text.prvAddNewTaskToReadyList
                0x000000000800bbdc       0xe0 ./Middlewares/Third_Party/FreeRTOS/Source/tasks.o
 .text.vTaskDelayUntil
                0x000000000800bcbc       0xfc ./Middlewares/Third_Party/FreeRTOS/Source/tasks.o
                0x000000000800bcbc                vTaskDelayUntil
 .text.vTaskDelay
                0x000000000800bdb8       0x68 ./Middlewares/Third_Party/FreeRTOS/Source/tasks.o
                0x000000000800bdb8                vTaskDelay
 .text.vTaskStartScheduler
                0x000000000800be20       0xe0 ./Middlewares/Third_Party/FreeRTOS/Source/tasks.o
                0x000000000800be20                vTaskStartScheduler
 .text.vTaskSuspendAll
                0x000000000800bf00       0x1c ./Middlewares/Third_Party/FreeRTOS/Source/tasks.o
                0x000000000800bf00                vTaskSuspendAll
 .text.xTaskResumeAll
                0x000000000800bf1c      0x13c ./Middlewares/Third_Party/FreeRTOS/Source/tasks.o
                0x000000000800bf1c                xTaskResumeAll
 .text.xTaskGetTickCount
                0x000000000800c058       0x20 ./Middlewares/Third_Party/FreeRTOS/Source/tasks.o
                0x000000000800c058                xTaskGetTickCount
 .text.xTaskGetTickCountFromISR
                0x000000000800c078       0x24 ./Middlewares/Third_Party/FreeRTOS/Source/tasks.o
                0x000000000800c078                xTaskGetTickCountFromISR
 .text.xTaskIncrementTick
                0x000000000800c09c      0x174 ./Middlewares/Third_Party/FreeRTOS/Source/tasks.o
                0x000000000800c09c                xTaskIncrementTick
 .text.vTaskSwitchContext
                0x000000000800c210       0xc8 ./Middlewares/Third_Party/FreeRTOS/Source/tasks.o
                0x000000000800c210                vTaskSwitchContext
 .text.vTaskPlaceOnEventList
                0x000000000800c2d8       0x48 ./Middlewares/Third_Party/FreeRTOS/Source/tasks.o
                0x000000000800c2d8                vTaskPlaceOnEventList
 .text.vTaskPlaceOnEventListRestricted
                0x000000000800c320       0x58 ./Middlewares/Third_Party/FreeRTOS/Source/tasks.o
                0x000000000800c320                vTaskPlaceOnEventListRestricted
 .text.xTaskRemoveFromEventList
                0x000000000800c378       0xc8 ./Middlewares/Third_Party/FreeRTOS/Source/tasks.o
                0x000000000800c378                xTaskRemoveFromEventList
 .text.vTaskInternalSetTimeOutState
                0x000000000800c440       0x2c ./Middlewares/Third_Party/FreeRTOS/Source/tasks.o
                0x000000000800c440                vTaskInternalSetTimeOutState
 .text.xTaskCheckForTimeOut
                0x000000000800c46c       0xc4 ./Middlewares/Third_Party/FreeRTOS/Source/tasks.o
                0x000000000800c46c                xTaskCheckForTimeOut
 .text.vTaskMissedYield
                0x000000000800c530       0x18 ./Middlewares/Third_Party/FreeRTOS/Source/tasks.o
                0x000000000800c530                vTaskMissedYield
 .text.prvIdleTask
                0x000000000800c548       0x30 ./Middlewares/Third_Party/FreeRTOS/Source/tasks.o
 .text.prvInitialiseTaskLists
                0x000000000800c578       0x80 ./Middlewares/Third_Party/FreeRTOS/Source/tasks.o
 .text.prvCheckTasksWaitingTermination
                0x000000000800c5f8       0x5c ./Middlewares/Third_Party/FreeRTOS/Source/tasks.o
 .text.prvDeleteTCB
                0x000000000800c654       0x68 ./Middlewares/Third_Party/FreeRTOS/Source/tasks.o
 .text.prvResetNextTaskUnblockTime
                0x000000000800c6bc       0x40 ./Middlewares/Third_Party/FreeRTOS/Source/tasks.o
 .text.xTaskGetSchedulerState
                0x000000000800c6fc       0x3c ./Middlewares/Third_Party/FreeRTOS/Source/tasks.o
                0x000000000800c6fc                xTaskGetSchedulerState
 .text.xTaskPriorityInherit
                0x000000000800c738       0xd0 ./Middlewares/Third_Party/FreeRTOS/Source/tasks.o
                0x000000000800c738                xTaskPriorityInherit
 .text.xTaskPriorityDisinherit
                0x000000000800c808       0xdc ./Middlewares/Third_Party/FreeRTOS/Source/tasks.o
                0x000000000800c808                xTaskPriorityDisinherit
 .text.vTaskPriorityDisinheritAfterTimeout
                0x000000000800c8e4      0x104 ./Middlewares/Third_Party/FreeRTOS/Source/tasks.o
                0x000000000800c8e4                vTaskPriorityDisinheritAfterTimeout
 .text.pvTaskIncrementMutexHeldCount
                0x000000000800c9e8       0x28 ./Middlewares/Third_Party/FreeRTOS/Source/tasks.o
                0x000000000800c9e8                pvTaskIncrementMutexHeldCount
 .text.prvAddCurrentTaskToDelayedList
                0x000000000800ca10       0xa8 ./Middlewares/Third_Party/FreeRTOS/Source/tasks.o
 .text.xTimerCreateTimerTask
                0x000000000800cab8       0x90 ./Middlewares/Third_Party/FreeRTOS/Source/timers.o
                0x000000000800cab8                xTimerCreateTimerTask
 .text.xTimerCreate
                0x000000000800cb48       0x42 ./Middlewares/Third_Party/FreeRTOS/Source/timers.o
                0x000000000800cb48                xTimerCreate
 .text.xTimerCreateStatic
                0x000000000800cb8a       0x7c ./Middlewares/Third_Party/FreeRTOS/Source/timers.o
                0x000000000800cb8a                xTimerCreateStatic
 .text.prvInitialiseNewTimer
                0x000000000800cc06       0x76 ./Middlewares/Third_Party/FreeRTOS/Source/timers.o
 .text.xTimerGenericCommand
                0x000000000800cc7c       0x9c ./Middlewares/Third_Party/FreeRTOS/Source/timers.o
                0x000000000800cc7c                xTimerGenericCommand
 .text.prvProcessExpiredTimer
                0x000000000800cd18       0x98 ./Middlewares/Third_Party/FreeRTOS/Source/timers.o
 .text.prvTimerTask
                0x000000000800cdb0       0x24 ./Middlewares/Third_Party/FreeRTOS/Source/timers.o
 .text.prvProcessTimerOrBlockTask
                0x000000000800cdd4       0x9c ./Middlewares/Third_Party/FreeRTOS/Source/timers.o
 .text.prvGetNextExpireTime
                0x000000000800ce70       0x48 ./Middlewares/Third_Party/FreeRTOS/Source/timers.o
 .text.prvSampleTimeNow
                0x000000000800ceb8       0x40 ./Middlewares/Third_Party/FreeRTOS/Source/timers.o
 .text.prvInsertTimerInActiveList
                0x000000000800cef8       0x84 ./Middlewares/Third_Party/FreeRTOS/Source/timers.o
 .text.prvProcessReceivedCommands
                0x000000000800cf7c      0x1c4 ./Middlewares/Third_Party/FreeRTOS/Source/timers.o
 .text.prvSwitchTimerLists
                0x000000000800d140       0xc8 ./Middlewares/Third_Party/FreeRTOS/Source/timers.o
 .text.prvCheckForValidListAndQueue
                0x000000000800d208       0x80 ./Middlewares/Third_Party/FreeRTOS/Source/timers.o
 .text.pvTimerGetTimerID
                0x000000000800d288       0x40 ./Middlewares/Third_Party/FreeRTOS/Source/timers.o
                0x000000000800d288                pvTimerGetTimerID
 .text.pxPortInitialiseStack
                0x000000000800d2c8       0x68 ./Middlewares/Third_Party/FreeRTOS/Source/portable/GCC/ARM_CM4F/port.o
                0x000000000800d2c8                pxPortInitialiseStack
 .text.prvTaskExitError
                0x000000000800d330       0x58 ./Middlewares/Third_Party/FreeRTOS/Source/portable/GCC/ARM_CM4F/port.o
 *fill*         0x000000000800d388        0x8 
 .text.SVC_Handler
                0x000000000800d390       0x28 ./Middlewares/Third_Party/FreeRTOS/Source/portable/GCC/ARM_CM4F/port.o
                0x000000000800d390                SVC_Handler
 .text.prvPortStartFirstTask
                0x000000000800d3b8       0x28 ./Middlewares/Third_Party/FreeRTOS/Source/portable/GCC/ARM_CM4F/port.o
 .text.xPortStartScheduler
                0x000000000800d3e0      0x144 ./Middlewares/Third_Party/FreeRTOS/Source/portable/GCC/ARM_CM4F/port.o
                0x000000000800d3e0                xPortStartScheduler
 .text.vPortEnterCritical
                0x000000000800d524       0x60 ./Middlewares/Third_Party/FreeRTOS/Source/portable/GCC/ARM_CM4F/port.o
                0x000000000800d524                vPortEnterCritical
 .text.vPortExitCritical
                0x000000000800d584       0x54 ./Middlewares/Third_Party/FreeRTOS/Source/portable/GCC/ARM_CM4F/port.o
                0x000000000800d584                vPortExitCritical
 *fill*         0x000000000800d5d8        0x8 
 .text.PendSV_Handler
                0x000000000800d5e0       0x68 ./Middlewares/Third_Party/FreeRTOS/Source/portable/GCC/ARM_CM4F/port.o
                0x000000000800d5e0                PendSV_Handler
 .text.xPortSysTickHandler
                0x000000000800d648       0x44 ./Middlewares/Third_Party/FreeRTOS/Source/portable/GCC/ARM_CM4F/port.o
                0x000000000800d648                xPortSysTickHandler
 .text.vPortSetupTimerInterrupt
                0x000000000800d68c       0x48 ./Middlewares/Third_Party/FreeRTOS/Source/portable/GCC/ARM_CM4F/port.o
                0x000000000800d68c                vPortSetupTimerInterrupt
 .text.vPortEnableVFP
                0x000000000800d6d4       0x14 ./Middlewares/Third_Party/FreeRTOS/Source/portable/GCC/ARM_CM4F/port.o
 .text.vPortValidateInterruptPriority
                0x000000000800d6e8       0x80 ./Middlewares/Third_Party/FreeRTOS/Source/portable/GCC/ARM_CM4F/port.o
                0x000000000800d6e8                vPortValidateInterruptPriority
 .text.pvPortMalloc
                0x000000000800d768      0x198 ./Middlewares/Third_Party/FreeRTOS/Source/portable/MemMang/heap_4.o
                0x000000000800d768                pvPortMalloc
 .text.vPortFree
                0x000000000800d900       0xc4 ./Middlewares/Third_Party/FreeRTOS/Source/portable/MemMang/heap_4.o
                0x000000000800d900                vPortFree
 .text.prvHeapInit
                0x000000000800d9c4       0xc4 ./Middlewares/Third_Party/FreeRTOS/Source/portable/MemMang/heap_4.o
 .text.prvInsertBlockIntoFreeList
                0x000000000800da88       0xb4 ./Middlewares/Third_Party/FreeRTOS/Source/portable/MemMang/heap_4.o
 .text.__errno  0x000000000800db3c        0xc /Applications/STM32CubeIDE.app/Contents/Eclipse/plugins/com.st.stm32cube.ide.mcu.externaltools.gnu-tools-for-stm32.10.3-2021.10.macos64_1.0.0.202111181127/tools/bin/../lib/gcc/arm-none-eabi/10.3.1/../../../../arm-none-eabi/lib/thumb/v7e-m+fp/hard/libc_nano.a(lib_a-errno.o)
                0x000000000800db3c                __errno
 .text.__libc_init_array
                0x000000000800db48       0x48 /Applications/STM32CubeIDE.app/Contents/Eclipse/plugins/com.st.stm32cube.ide.mcu.externaltools.gnu-tools-for-stm32.10.3-2021.10.macos64_1.0.0.202111181127/tools/bin/../lib/gcc/arm-none-eabi/10.3.1/../../../../arm-none-eabi/lib/thumb/v7e-m+fp/hard/libc_nano.a(lib_a-init.o)
                0x000000000800db48                __libc_init_array
 .text.__retarget_lock_acquire_recursive
                0x000000000800db90        0x2 /Applications/STM32CubeIDE.app/Contents/Eclipse/plugins/com.st.stm32cube.ide.mcu.externaltools.gnu-tools-for-stm32.10.3-2021.10.macos64_1.0.0.202111181127/tools/bin/../lib/gcc/arm-none-eabi/10.3.1/../../../../arm-none-eabi/lib/thumb/v7e-m+fp/hard/libc_nano.a(lib_a-lock.o)
                0x000000000800db90                __retarget_lock_acquire_recursive
 .text.__retarget_lock_release_recursive
                0x000000000800db92        0x2 /Applications/STM32CubeIDE.app/Contents/Eclipse/plugins/com.st.stm32cube.ide.mcu.externaltools.gnu-tools-for-stm32.10.3-2021.10.macos64_1.0.0.202111181127/tools/bin/../lib/gcc/arm-none-eabi/10.3.1/../../../../arm-none-eabi/lib/thumb/v7e-m+fp/hard/libc_nano.a(lib_a-lock.o)
                0x000000000800db92                __retarget_lock_release_recursive
 .text.memcpy   0x000000000800db94       0x1c /Applications/STM32CubeIDE.app/Contents/Eclipse/plugins/com.st.stm32cube.ide.mcu.externaltools.gnu-tools-for-stm32.10.3-2021.10.macos64_1.0.0.202111181127/tools/bin/../lib/gcc/arm-none-eabi/10.3.1/../../../../arm-none-eabi/lib/thumb/v7e-m+fp/hard/libc_nano.a(lib_a-memcpy-stub.o)
                0x000000000800db94                memcpy
 .text.memset   0x000000000800dbb0       0x10 /Applications/STM32CubeIDE.app/Contents/Eclipse/plugins/com.st.stm32cube.ide.mcu.externaltools.gnu-tools-for-stm32.10.3-2021.10.macos64_1.0.0.202111181127/tools/bin/../lib/gcc/arm-none-eabi/10.3.1/../../../../arm-none-eabi/lib/thumb/v7e-m+fp/hard/libc_nano.a(lib_a-memset.o)
                0x000000000800dbb0                memset
 .text.cleanup_glue
                0x000000000800dbc0       0x1a /Applications/STM32CubeIDE.app/Contents/Eclipse/plugins/com.st.stm32cube.ide.mcu.externaltools.gnu-tools-for-stm32.10.3-2021.10.macos64_1.0.0.202111181127/tools/bin/../lib/gcc/arm-none-eabi/10.3.1/../../../../arm-none-eabi/lib/thumb/v7e-m+fp/hard/libc_nano.a(lib_a-reent.o)
                0x000000000800dbc0                cleanup_glue
 *fill*         0x000000000800dbda        0x2 
 .text._reclaim_reent
                0x000000000800dbdc       0xb8 /Applications/STM32CubeIDE.app/Contents/Eclipse/plugins/com.st.stm32cube.ide.mcu.externaltools.gnu-tools-for-stm32.10.3-2021.10.macos64_1.0.0.202111181127/tools/bin/../lib/gcc/arm-none-eabi/10.3.1/../../../../arm-none-eabi/lib/thumb/v7e-m+fp/hard/libc_nano.a(lib_a-reent.o)
                0x000000000800dbdc                _reclaim_reent
 .text.__malloc_lock
                0x000000000800dc94        0xc /Applications/STM32CubeIDE.app/Contents/Eclipse/plugins/com.st.stm32cube.ide.mcu.externaltools.gnu-tools-for-stm32.10.3-2021.10.macos64_1.0.0.202111181127/tools/bin/../lib/gcc/arm-none-eabi/10.3.1/../../../../arm-none-eabi/lib/thumb/v7e-m+fp/hard/libc_nano.a(lib_a-mlock.o)
                0x000000000800dc94                __malloc_lock
 .text.__malloc_unlock
                0x000000000800dca0        0xc /Applications/STM32CubeIDE.app/Contents/Eclipse/plugins/com.st.stm32cube.ide.mcu.externaltools.gnu-tools-for-stm32.10.3-2021.10.macos64_1.0.0.202111181127/tools/bin/../lib/gcc/arm-none-eabi/10.3.1/../../../../arm-none-eabi/lib/thumb/v7e-m+fp/hard/libc_nano.a(lib_a-mlock.o)
                0x000000000800dca0                __malloc_unlock
 .text._free_r  0x000000000800dcac       0x98 /Applications/STM32CubeIDE.app/Contents/Eclipse/plugins/com.st.stm32cube.ide.mcu.externaltools.gnu-tools-for-stm32.10.3-2021.10.macos64_1.0.0.202111181127/tools/bin/../lib/gcc/arm-none-eabi/10.3.1/../../../../arm-none-eabi/lib/thumb/v7e-m+fp/hard/libc_nano.a(lib_a-nano-freer.o)
                0x000000000800dcac                _free_r
 .text.asin     0x000000000800dd44       0x68 /Applications/STM32CubeIDE.app/Contents/Eclipse/plugins/com.st.stm32cube.ide.mcu.externaltools.gnu-tools-for-stm32.10.3-2021.10.macos64_1.0.0.202111181127/tools/bin/../lib/gcc/arm-none-eabi/10.3.1/../../../../arm-none-eabi/lib/thumb/v7e-m+fp/hard/libm.a(lib_a-w_asin.o)
                0x000000000800dd44                asin
 *fill*         0x000000000800ddac        0x4 
 .text.exp      0x000000000800ddb0       0x90 /Applications/STM32CubeIDE.app/Contents/Eclipse/plugins/com.st.stm32cube.ide.mcu.externaltools.gnu-tools-for-stm32.10.3-2021.10.macos64_1.0.0.202111181127/tools/bin/../lib/gcc/arm-none-eabi/10.3.1/../../../../arm-none-eabi/lib/thumb/v7e-m+fp/hard/libm.a(lib_a-w_exp.o)
                0x000000000800ddb0                exp
 .text.__ieee754_asin
                0x000000000800de40      0x428 /Applications/STM32CubeIDE.app/Contents/Eclipse/plugins/com.st.stm32cube.ide.mcu.externaltools.gnu-tools-for-stm32.10.3-2021.10.macos64_1.0.0.202111181127/tools/bin/../lib/gcc/arm-none-eabi/10.3.1/../../../../arm-none-eabi/lib/thumb/v7e-m+fp/hard/libm.a(lib_a-e_asin.o)
                0x000000000800de40                __ieee754_asin
 .text.__ieee754_exp
                0x000000000800e268      0x304 /Applications/STM32CubeIDE.app/Contents/Eclipse/plugins/com.st.stm32cube.ide.mcu.externaltools.gnu-tools-for-stm32.10.3-2021.10.macos64_1.0.0.202111181127/tools/bin/../lib/gcc/arm-none-eabi/10.3.1/../../../../arm-none-eabi/lib/thumb/v7e-m+fp/hard/libm.a(lib_a-e_exp.o)
                0x000000000800e268                __ieee754_exp
 .text.__ieee754_sqrt
                0x000000000800e56c      0x164 /Applications/STM32CubeIDE.app/Contents/Eclipse/plugins/com.st.stm32cube.ide.mcu.externaltools.gnu-tools-for-stm32.10.3-2021.10.macos64_1.0.0.202111181127/tools/bin/../lib/gcc/arm-none-eabi/10.3.1/../../../../arm-none-eabi/lib/thumb/v7e-m+fp/hard/libm.a(lib_a-e_sqrt.o)
                0x000000000800e56c                __ieee754_sqrt
 .text.with_errno
                0x000000000800e6d0       0x14 /Applications/STM32CubeIDE.app/Contents/Eclipse/plugins/com.st.stm32cube.ide.mcu.externaltools.gnu-tools-for-stm32.10.3-2021.10.macos64_1.0.0.202111181127/tools/bin/../lib/gcc/arm-none-eabi/10.3.1/../../../../arm-none-eabi/lib/thumb/v7e-m+fp/hard/libm.a(lib_a-math_err.o)
 .text.xflow    0x000000000800e6e4       0x28 /Applications/STM32CubeIDE.app/Contents/Eclipse/plugins/com.st.stm32cube.ide.mcu.externaltools.gnu-tools-for-stm32.10.3-2021.10.macos64_1.0.0.202111181127/tools/bin/../lib/gcc/arm-none-eabi/10.3.1/../../../../arm-none-eabi/lib/thumb/v7e-m+fp/hard/libm.a(lib_a-math_err.o)
 .text.__math_uflow
                0x000000000800e70c       0x12 /Applications/STM32CubeIDE.app/Contents/Eclipse/plugins/com.st.stm32cube.ide.mcu.externaltools.gnu-tools-for-stm32.10.3-2021.10.macos64_1.0.0.202111181127/tools/bin/../lib/gcc/arm-none-eabi/10.3.1/../../../../arm-none-eabi/lib/thumb/v7e-m+fp/hard/libm.a(lib_a-math_err.o)
                0x000000000800e70c                __math_uflow
 .text.__math_oflow
                0x000000000800e71e       0x12 /Applications/STM32CubeIDE.app/Contents/Eclipse/plugins/com.st.stm32cube.ide.mcu.externaltools.gnu-tools-for-stm32.10.3-2021.10.macos64_1.0.0.202111181127/tools/bin/../lib/gcc/arm-none-eabi/10.3.1/../../../../arm-none-eabi/lib/thumb/v7e-m+fp/hard/libm.a(lib_a-math_err.o)
                0x000000000800e71e                __math_oflow
 .text.fabs     0x000000000800e730       0x12 /Applications/STM32CubeIDE.app/Contents/Eclipse/plugins/com.st.stm32cube.ide.mcu.externaltools.gnu-tools-for-stm32.10.3-2021.10.macos64_1.0.0.202111181127/tools/bin/../lib/gcc/arm-none-eabi/10.3.1/../../../../arm-none-eabi/lib/thumb/v7e-m+fp/hard/libm.a(lib_a-s_fabs.o)
                0x000000000800e730                fabs
 .text.finite   0x000000000800e742       0x16 /Applications/STM32CubeIDE.app/Contents/Eclipse/plugins/com.st.stm32cube.ide.mcu.externaltools.gnu-tools-for-stm32.10.3-2021.10.macos64_1.0.0.202111181127/tools/bin/../lib/gcc/arm-none-eabi/10.3.1/../../../../arm-none-eabi/lib/thumb/v7e-m+fp/hard/libm.a(lib_a-s_finite.o)
                0x000000000800e742                finite
 .text.nan      0x000000000800e758       0x10 /Applications/STM32CubeIDE.app/Contents/Eclipse/plugins/com.st.stm32cube.ide.mcu.externaltools.gnu-tools-for-stm32.10.3-2021.10.macos64_1.0.0.202111181127/tools/bin/../lib/gcc/arm-none-eabi/10.3.1/../../../../arm-none-eabi/lib/thumb/v7e-m+fp/hard/libm.a(lib_a-s_nan.o)
                0x000000000800e758                nan
 *(.glue_7)
 .glue_7        0x000000000800e768        0x0 linker stubs
 *(.glue_7t)
 .glue_7t       0x000000000800e768        0x0 linker stubs
 *(.eh_frame)
 .eh_frame      0x000000000800e768        0x0 /Applications/STM32CubeIDE.app/Contents/Eclipse/plugins/com.st.stm32cube.ide.mcu.externaltools.gnu-tools-for-stm32.10.3-2021.10.macos64_1.0.0.202111181127/tools/bin/../lib/gcc/arm-none-eabi/10.3.1/thumb/v7e-m+fp/hard/crtbegin.o
 *(.init)
 .init          0x000000000800e768        0x4 /Applications/STM32CubeIDE.app/Contents/Eclipse/plugins/com.st.stm32cube.ide.mcu.externaltools.gnu-tools-for-stm32.10.3-2021.10.macos64_1.0.0.202111181127/tools/bin/../lib/gcc/arm-none-eabi/10.3.1/thumb/v7e-m+fp/hard/crti.o
                0x000000000800e768                _init
 .init          0x000000000800e76c        0x8 /Applications/STM32CubeIDE.app/Contents/Eclipse/plugins/com.st.stm32cube.ide.mcu.externaltools.gnu-tools-for-stm32.10.3-2021.10.macos64_1.0.0.202111181127/tools/bin/../lib/gcc/arm-none-eabi/10.3.1/thumb/v7e-m+fp/hard/crtn.o
 *(.fini)
 .fini          0x000000000800e774        0x4 /Applications/STM32CubeIDE.app/Contents/Eclipse/plugins/com.st.stm32cube.ide.mcu.externaltools.gnu-tools-for-stm32.10.3-2021.10.macos64_1.0.0.202111181127/tools/bin/../lib/gcc/arm-none-eabi/10.3.1/thumb/v7e-m+fp/hard/crti.o
                0x000000000800e774                _fini
 .fini          0x000000000800e778        0x8 /Applications/STM32CubeIDE.app/Contents/Eclipse/plugins/com.st.stm32cube.ide.mcu.externaltools.gnu-tools-for-stm32.10.3-2021.10.macos64_1.0.0.202111181127/tools/bin/../lib/gcc/arm-none-eabi/10.3.1/thumb/v7e-m+fp/hard/crtn.o
                0x000000000800e780                . = ALIGN (0x4)
                0x000000000800e780                _etext = .

.vfp11_veneer   0x000000000800e780        0x0
 .vfp11_veneer  0x000000000800e780        0x0 linker stubs

.v4_bx          0x000000000800e780        0x0
 .v4_bx         0x000000000800e780        0x0 linker stubs

.iplt           0x000000000800e780        0x0
 .iplt          0x000000000800e780        0x0 /Applications/STM32CubeIDE.app/Contents/Eclipse/plugins/com.st.stm32cube.ide.mcu.externaltools.gnu-tools-for-stm32.10.3-2021.10.macos64_1.0.0.202111181127/tools/bin/../lib/gcc/arm-none-eabi/10.3.1/thumb/v7e-m+fp/hard/crtbegin.o

.rodata         0x000000000800e780      0x2f8
                0x000000000800e780                . = ALIGN (0x4)
 *(.rodata)
 .rodata        0x000000000800e780       0xbe ./Core/Src/freertos.o
 *fill*         0x000000000800e83e        0x2 
 .rodata        0x000000000800e840        0x5 ./Middlewares/Third_Party/FreeRTOS/Source/tasks.o
 *fill*         0x000000000800e845        0x3 
 .rodata        0x000000000800e848        0xd ./Middlewares/Third_Party/FreeRTOS/Source/timers.o
 *(.rodata*)
 *fill*         0x000000000800e855        0x3 
 .rodata.ShoreLength
                0x000000000800e858        0x6 ./Core/Src/communication.o
                0x000000000800e858                ShoreLength
 *fill*         0x000000000800e85e        0x2 
 .rodata.ShoreCodes
                0x000000000800e860        0x3 ./Core/Src/communication.o
                0x000000000800e860                ShoreCodes
 *fill*         0x000000000800e863        0x1 
 .rodata.defaultTask_attributes
                0x000000000800e864       0x24 ./Core/Src/freertos.o
                0x000000000800e864                defaultTask_attributes
 .rodata.tLedBlinkingTask_attributes
                0x000000000800e888       0x24 ./Core/Src/freertos.o
                0x000000000800e888                tLedBlinkingTask_attributes
 .rodata.tVmaCommTask_attributes
                0x000000000800e8ac       0x24 ./Core/Src/freertos.o
                0x000000000800e8ac                tVmaCommTask_attributes
 .rodata.tImuCommTask_attributes
                0x000000000800e8d0       0x24 ./Core/Src/freertos.o
                0x000000000800e8d0                tImuCommTask_attributes
 .rodata.tStabilizationTask_attributes
                0x000000000800e8f4       0x24 ./Core/Src/freertos.o
                0x000000000800e8f4                tStabilizationTask_attributes
 .rodata.tDevCommTask_attributes
                0x000000000800e918       0x24 ./Core/Src/freertos.o
                0x000000000800e918                tDevCommTask_attributes
 .rodata.tSensCommTask_attributes
                0x000000000800e93c       0x24 ./Core/Src/freertos.o
                0x000000000800e93c                tSensCommTask_attributes
 .rodata.tPcCommTask_attributes
                0x000000000800e960       0x24 ./Core/Src/freertos.o
                0x000000000800e960                tPcCommTask_attributes
 .rodata.tUartTimer_attributes
                0x000000000800e984       0x10 ./Core/Src/freertos.o
                0x000000000800e984                tUartTimer_attributes
 .rodata.tSilence_attributes
                0x000000000800e994       0x10 ./Core/Src/freertos.o
                0x000000000800e994                tSilence_attributes
 .rodata.tTechCommTImer_attributes
                0x000000000800e9a4       0x10 ./Core/Src/freertos.o
                0x000000000800e9a4                tTechCommTImer_attributes
 .rodata.mutData_attributes
                0x000000000800e9b4       0x10 ./Core/Src/freertos.o
                0x000000000800e9b4                mutData_attributes
 .rodata.AHBPrescTable
                0x000000000800e9c4       0x10 ./Core/Src/system_stm32f4xx.o
                0x000000000800e9c4                AHBPrescTable
 .rodata.APBPrescTable
                0x000000000800e9d4        0x8 ./Core/Src/system_stm32f4xx.o
                0x000000000800e9d4                APBPrescTable
 .rodata.flagBitshiftOffset.0
                0x000000000800e9dc        0x8 ./Drivers/STM32F4xx_HAL_Driver/Src/stm32f4xx_hal_dma.o
 .rodata.__sf_fake_stderr
                0x000000000800e9e4       0x20 /Applications/STM32CubeIDE.app/Contents/Eclipse/plugins/com.st.stm32cube.ide.mcu.externaltools.gnu-tools-for-stm32.10.3-2021.10.macos64_1.0.0.202111181127/tools/bin/../lib/gcc/arm-none-eabi/10.3.1/../../../../arm-none-eabi/lib/thumb/v7e-m+fp/hard/libc_nano.a(lib_a-findfp.o)
                0x000000000800e9e4                __sf_fake_stderr
 .rodata.__sf_fake_stdin
                0x000000000800ea04       0x20 /Applications/STM32CubeIDE.app/Contents/Eclipse/plugins/com.st.stm32cube.ide.mcu.externaltools.gnu-tools-for-stm32.10.3-2021.10.macos64_1.0.0.202111181127/tools/bin/../lib/gcc/arm-none-eabi/10.3.1/../../../../arm-none-eabi/lib/thumb/v7e-m+fp/hard/libc_nano.a(lib_a-findfp.o)
                0x000000000800ea04                __sf_fake_stdin
 .rodata.__sf_fake_stdout
                0x000000000800ea24       0x20 /Applications/STM32CubeIDE.app/Contents/Eclipse/plugins/com.st.stm32cube.ide.mcu.externaltools.gnu-tools-for-stm32.10.3-2021.10.macos64_1.0.0.202111181127/tools/bin/../lib/gcc/arm-none-eabi/10.3.1/../../../../arm-none-eabi/lib/thumb/v7e-m+fp/hard/libc_nano.a(lib_a-findfp.o)
                0x000000000800ea24                __sf_fake_stdout
 .rodata.asin.str1.1
                0x000000000800ea44        0x1 /Applications/STM32CubeIDE.app/Contents/Eclipse/plugins/com.st.stm32cube.ide.mcu.externaltools.gnu-tools-for-stm32.10.3-2021.10.macos64_1.0.0.202111181127/tools/bin/../lib/gcc/arm-none-eabi/10.3.1/../../../../arm-none-eabi/lib/thumb/v7e-m+fp/hard/libm.a(lib_a-w_asin.o)
 *fill*         0x000000000800ea45        0x3 
 .rodata.halF   0x000000000800ea48       0x10 /Applications/STM32CubeIDE.app/Contents/Eclipse/plugins/com.st.stm32cube.ide.mcu.externaltools.gnu-tools-for-stm32.10.3-2021.10.macos64_1.0.0.202111181127/tools/bin/../lib/gcc/arm-none-eabi/10.3.1/../../../../arm-none-eabi/lib/thumb/v7e-m+fp/hard/libm.a(lib_a-e_exp.o)
 .rodata.ln2HI  0x000000000800ea58       0x10 /Applications/STM32CubeIDE.app/Contents/Eclipse/plugins/com.st.stm32cube.ide.mcu.externaltools.gnu-tools-for-stm32.10.3-2021.10.macos64_1.0.0.202111181127/tools/bin/../lib/gcc/arm-none-eabi/10.3.1/../../../../arm-none-eabi/lib/thumb/v7e-m+fp/hard/libm.a(lib_a-e_exp.o)
 .rodata.ln2LO  0x000000000800ea68       0x10 /Applications/STM32CubeIDE.app/Contents/Eclipse/plugins/com.st.stm32cube.ide.mcu.externaltools.gnu-tools-for-stm32.10.3-2021.10.macos64_1.0.0.202111181127/tools/bin/../lib/gcc/arm-none-eabi/10.3.1/../../../../arm-none-eabi/lib/thumb/v7e-m+fp/hard/libm.a(lib_a-e_exp.o)
                0x000000000800ea78                . = ALIGN (0x4)

.ARM.extab      0x000000000800ea78        0x0
                0x000000000800ea78                . = ALIGN (0x4)
 *(.ARM.extab* .gnu.linkonce.armextab.*)
                0x000000000800ea78                . = ALIGN (0x4)

.ARM            0x000000000800ea78        0x8
                0x000000000800ea78                . = ALIGN (0x4)
                0x000000000800ea78                __exidx_start = .
 *(.ARM.exidx*)
 .ARM.exidx     0x000000000800ea78        0x8 /Applications/STM32CubeIDE.app/Contents/Eclipse/plugins/com.st.stm32cube.ide.mcu.externaltools.gnu-tools-for-stm32.10.3-2021.10.macos64_1.0.0.202111181127/tools/bin/../lib/gcc/arm-none-eabi/10.3.1/thumb/v7e-m+fp/hard/libgcc.a(_udivmoddi4.o)
                0x000000000800ea80                __exidx_end = .
                0x000000000800ea80                . = ALIGN (0x4)

.rel.dyn        0x000000000800ea80        0x0
 .rel.iplt      0x000000000800ea80        0x0 /Applications/STM32CubeIDE.app/Contents/Eclipse/plugins/com.st.stm32cube.ide.mcu.externaltools.gnu-tools-for-stm32.10.3-2021.10.macos64_1.0.0.202111181127/tools/bin/../lib/gcc/arm-none-eabi/10.3.1/thumb/v7e-m+fp/hard/crtbegin.o

.preinit_array  0x000000000800ea80        0x0
                0x000000000800ea80                . = ALIGN (0x4)
                0x000000000800ea80                PROVIDE (__preinit_array_start = .)
 *(.preinit_array*)
                0x000000000800ea80                PROVIDE (__preinit_array_end = .)
                0x000000000800ea80                . = ALIGN (0x4)

.init_array     0x000000000800ea80        0x4
                0x000000000800ea80                . = ALIGN (0x4)
                0x000000000800ea80                PROVIDE (__init_array_start = .)
 *(SORT_BY_NAME(.init_array.*))
 *(.init_array*)
 .init_array    0x000000000800ea80        0x4 /Applications/STM32CubeIDE.app/Contents/Eclipse/plugins/com.st.stm32cube.ide.mcu.externaltools.gnu-tools-for-stm32.10.3-2021.10.macos64_1.0.0.202111181127/tools/bin/../lib/gcc/arm-none-eabi/10.3.1/thumb/v7e-m+fp/hard/crtbegin.o
                0x000000000800ea84                PROVIDE (__init_array_end = .)
                0x000000000800ea84                . = ALIGN (0x4)

.fini_array     0x000000000800ea84        0x4
                0x000000000800ea84                . = ALIGN (0x4)
                [!provide]                        PROVIDE (__fini_array_start = .)
 *(SORT_BY_NAME(.fini_array.*))
 *(.fini_array*)
 .fini_array    0x000000000800ea84        0x4 /Applications/STM32CubeIDE.app/Contents/Eclipse/plugins/com.st.stm32cube.ide.mcu.externaltools.gnu-tools-for-stm32.10.3-2021.10.macos64_1.0.0.202111181127/tools/bin/../lib/gcc/arm-none-eabi/10.3.1/thumb/v7e-m+fp/hard/crtbegin.o
                [!provide]                        PROVIDE (__fini_array_end = .)
                0x000000000800ea88                . = ALIGN (0x4)
                0x000000000800ea88                _sidata = LOADADDR (.data)

.data           0x0000000020000000       0x84 load address 0x000000000800ea88
                0x0000000020000000                . = ALIGN (0x4)
                0x0000000020000000                _sdata = .
 *(.data)
 *(.data*)
 .data.ImuRequestBuffer
                0x0000000020000000        0x7 ./Core/Src/global.o
                0x0000000020000000                ImuRequestBuffer
 *fill*         0x0000000020000007        0x1 
 .data.ImuResetRequestBuffer
                0x0000000020000008        0x7 ./Core/Src/global.o
                0x0000000020000008                ImuResetRequestBuffer
 *fill*         0x000000002000000f        0x1 
 .data.SystemCoreClock
                0x0000000020000010        0x4 ./Core/Src/system_stm32f4xx.o
                0x0000000020000010                SystemCoreClock
 .data.uwTickPrio
                0x0000000020000014        0x4 ./Drivers/STM32F4xx_HAL_Driver/Src/stm32f4xx_hal.o
                0x0000000020000014                uwTickPrio
 .data.uwTickFreq
                0x0000000020000018        0x1 ./Drivers/STM32F4xx_HAL_Driver/Src/stm32f4xx_hal.o
                0x0000000020000018                uwTickFreq
 *fill*         0x0000000020000019        0x3 
 .data.uxCriticalNesting
                0x000000002000001c        0x4 ./Middlewares/Third_Party/FreeRTOS/Source/portable/GCC/ARM_CM4F/port.o
 .data._impure_ptr
                0x0000000020000020        0x4 /Applications/STM32CubeIDE.app/Contents/Eclipse/plugins/com.st.stm32cube.ide.mcu.externaltools.gnu-tools-for-stm32.10.3-2021.10.macos64_1.0.0.202111181127/tools/bin/../lib/gcc/arm-none-eabi/10.3.1/../../../../arm-none-eabi/lib/thumb/v7e-m+fp/hard/libc_nano.a(lib_a-impure.o)
                0x0000000020000020                _impure_ptr
 .data.impure_data
                0x0000000020000024       0x60 /Applications/STM32CubeIDE.app/Contents/Eclipse/plugins/com.st.stm32cube.ide.mcu.externaltools.gnu-tools-for-stm32.10.3-2021.10.macos64_1.0.0.202111181127/tools/bin/../lib/gcc/arm-none-eabi/10.3.1/../../../../arm-none-eabi/lib/thumb/v7e-m+fp/hard/libc_nano.a(lib_a-impure.o)
 *(.RamFunc)
 *(.RamFunc*)
                0x0000000020000084                . = ALIGN (0x4)
                0x0000000020000084                _edata = .
                0x000000000800eb0c                _siccmram = LOADADDR (.ccmram)

.igot.plt       0x0000000020000084        0x0 load address 0x000000000800eb0c
 .igot.plt      0x0000000020000084        0x0 /Applications/STM32CubeIDE.app/Contents/Eclipse/plugins/com.st.stm32cube.ide.mcu.externaltools.gnu-tools-for-stm32.10.3-2021.10.macos64_1.0.0.202111181127/tools/bin/../lib/gcc/arm-none-eabi/10.3.1/thumb/v7e-m+fp/hard/crtbegin.o

.ccmram         0x0000000010000000        0x0 load address 0x000000000800eb0c
                0x0000000010000000                . = ALIGN (0x4)
                0x0000000010000000                _sccmram = .
 *(.ccmram)
 *(.ccmram*)
                0x0000000010000000                . = ALIGN (0x4)
                0x0000000010000000                _eccmram = .
                0x0000000010000000                . = ALIGN (0x4)

.bss            0x0000000020000084     0x3598
                0x0000000020000084                _sbss = .
                0x0000000020000084                __bss_start__ = _sbss
 *(.bss)
 .bss           0x0000000020000084       0x1c /Applications/STM32CubeIDE.app/Contents/Eclipse/plugins/com.st.stm32cube.ide.mcu.externaltools.gnu-tools-for-stm32.10.3-2021.10.macos64_1.0.0.202111181127/tools/bin/../lib/gcc/arm-none-eabi/10.3.1/thumb/v7e-m+fp/hard/crtbegin.o
 *(.bss*)
 .bss.hcan1     0x00000000200000a0       0x28 ./Core/Src/can.o
                0x00000000200000a0                hcan1