../Core/Src/stm32f4xx_it.c:81:6:NMI_Handler	4	static
../Core/Src/stm32f4xx_it.c:96:6:HardFault_Handler	4	static
../Core/Src/stm32f4xx_it.c:111:6:MemManage_Handler	4	static
../Core/Src/stm32f4xx_it.c:126:6:BusFault_Handler	4	static
../Core/Src/stm32f4xx_it.c:141:6:UsageFault_Handler	4	static
../Core/Src/stm32f4xx_it.c:156:6:DebugMon_Handler	4	static
../Core/Src/stm32f4xx_it.c:176:6:DMA1_Stream1_IRQHandler	8	static
../Core/Src/stm32f4xx_it.c:190:6:DMA1_Stream3_IRQHandler	8	static
../Core/Src/stm32f4xx_it.c:204:6:DMA1_Stream5_IRQHandler	8	static
../Core/Src/stm32f4xx_it.c:218:6:DMA1_Stream6_IRQHandler	8	static
../Core/Src/stm32f4xx_it.c:232:6:CAN1_TX_IRQHandler	8	static
../Core/Src/stm32f4xx_it.c:246:6:CAN1_RX0_IRQHandler	8	static
../Core/Src/stm32f4xx_it.c:260:6:TIM2_IRQHandler	8	static
../Core/Src/stm32f4xx_it.c:274:6:I2C1_EV_IRQHandler	8	static
../Core/Src/stm32f4xx_it.c:288:6:USART1_IRQHandler	8	static
../Core/Src/stm32f4xx_it.c:302:6:USART2_IRQHandler	8	static
../Core/Src/stm32f4xx_it.c:316:6:USART3_IRQHandler	8	static
../Core/Src/stm32f4xx_it.c:330:6:DMA2_Stream2_IRQHandler	8	static
../Core/Src/stm32f4xx_it.c:344:6:DMA2_Stream7_IRQHandler	8	static
