../Src/checksum.c:3:10:GetCrc16Checksumm	24	static
../Src/checksum.c:18:6:IsCrc16ChecksummCorrect	32	static
../Src/checksum.c:33:6:AddCrc16Checksumm	24	static
../Src/checksum.c:42:6:IsChecksumm16bCorrect	24	static
../Src/checksum.c:64:6:AddChecksumm16b	24	static
../Src/checksum.c:81:6:IsChecksumm8bCorrect	32	static
../Src/checksum.c:97:6:AddChecksumm8b	24	static
../Src/checksum.c:109:6:IsChecksumm8bCorrectVma	32	static
../Src/checksum.c:128:6:AddChecksumm8bVma	24	static
../Src/checksum.c:139:6:AddChecksum16bS	24	static
../Src/checksum.c:149:6:IsChecksum16bSCorrect	24	static
../Src/checksum.c:163:6:CompChecksum	32	static
../Src/checksum.c:173:9:MergeBytes	24	static
../Src/checksum.c:183:10:MergeUBytes	16	static
../Src/checksum.c:188:7:FloatFromUint8	16	static
../Src/checksum.c:193:7:FloatFromUint8Reverse	16	static
../Src/checksum.c:198:6:Uint8FromFloat	24	static
../Src/checksum.c:208:6:nullIntArray	24	static
../Src/checksum.c:215:6:PickBit	16	static
../Src/checksum.c:240:6:SetBit	24	static
../Src/checksum.c:251:6:writeBit	16	static
../Src/checksum.c:261:9:ComputeChecksum8b	24	static
