../Src/communication.c:42:6:variableInit	568	static
../Src/communication.c:103:6:uartBusesInit	16	static
../Src/communication.c:164:6:i2cBusesInit	4	static
../Src/communication.c:171:6:transmitPackage	16	static
../Src/communication.c:197:6:receivePackage	16	static
../Src/communication.c:223:6:transmitAndReceive	16	static
../Src/communication.c:253:6:HAL_UART_TxCpltCallback	24	static
../Src/communication.c:270:6:HAL_UART_RxCpltCallback	24	static
../Src/communication.c:288:6:HAL_I2C_MasterRxCpltCallback	16	static
../Src/communication.c:292:6:HAL_I2C_MasterTxCpltCallback	16	static
../Src/communication.c:296:6:HAL_I2C_MasterErrorCallback	16	static
../Src/communication.c:301:6:ShoreReceive	32	static,ignoring_inline_asm
../Src/communication.c:332:6:DevicesRequestUpdate	24	static
../Src/communication.c:392:6:DevicesResponseUpdate	32	static
../Src/communication.c:418:6:ShoreRequest	616	static
../Src/communication.c:581:6:ShoreConfigRequest	104	static
../Src/communication.c:635:6:ShoreDirectRequest	48	static
../Src/communication.c:667:6:ShoreResponse	88	static
../Src/communication.c:689:6:ShoreConfigResponse	120	static
../Src/communication.c:731:6:ShoreDirectResponse	24	static
../Src/communication.c:744:9:sign	16	static
../Src/communication.c:755:6:ImuReceive	24	static
../Src/communication.c:786:16:calculateCRC	24	static
