../Src/stm32f3xx_it.c:66:6:DMA1_Channel2_IRQHandler	8	static
../Src/stm32f3xx_it.c:80:6:DMA1_Channel3_IRQHandler	8	static
../Src/stm32f3xx_it.c:94:6:DMA1_Channel4_IRQHandler	8	static
../Src/stm32f3xx_it.c:106:6:DMA1_Channel5_IRQHandler	8	static
../Src/stm32f3xx_it.c:118:6:DMA1_Channel6_IRQHandler	8	static
../Src/stm32f3xx_it.c:132:6:DMA1_Channel7_IRQHandler	8	static
../Src/stm32f3xx_it.c:146:6:TIM1_UP_TIM16_IRQHandler	8	static
../Src/stm32f3xx_it.c:158:6:I2C1_EV_IRQHandler	8	static
../Src/stm32f3xx_it.c:172:6:USART1_IRQHandler	8	static
../Src/stm32f3xx_it.c:184:6:USART2_IRQHandler	8	static
../Src/stm32f3xx_it.c:196:6:USART3_IRQHandler	8	static
../Src/stm32f3xx_it.c:208:6:UART4_IRQHandler	8	static
